In clock cycle: 4
Register Write to Reg: 0x05 Val: 0x803FE000
In clock cycle: 5
Register Write to Reg: 0x06 Val: 0x003FF004
In clock cycle: 6
Register Write to Reg: 0x07 Val: 0x80400008
In clock cycle: 1028
Register Write to Reg: 0x05 Val: 0x803FF000
In clock cycle: 1029
Register Write to Reg: 0x06 Val: 0x00400004
In clock cycle: 1030
Register Write to Reg: 0x07 Val: 0x80401008
In clock cycle: 2052
Register Write to Reg: 0x05 Val: 0x80400000
In clock cycle: 2053
Register Write to Reg: 0x06 Val: 0x00401004
In clock cycle: 2054
Register Write to Reg: 0x07 Val: 0x80402008
In clock cycle: 3076
Register Write to Reg: 0x05 Val: 0x80401000
In clock cycle: 3077
Register Write to Reg: 0x06 Val: 0x00402004
In clock cycle: 3078
Register Write to Reg: 0x07 Val: 0x80403008
In clock cycle: 4100
Register Write to Reg: 0x05 Val: 0x80402000
In clock cycle: 4101
Register Write to Reg: 0x06 Val: 0x00403004
In clock cycle: 4102
Register Write to Reg: 0x07 Val: 0x80404008
In clock cycle: 5124
Register Write to Reg: 0x05 Val: 0x80403000
In clock cycle: 5125
Register Write to Reg: 0x06 Val: 0x00404004
In clock cycle: 5126
Register Write to Reg: 0x07 Val: 0x80405008
In clock cycle: 6148
Register Write to Reg: 0x05 Val: 0x80404000
In clock cycle: 6149
Register Write to Reg: 0x06 Val: 0x00405004
In clock cycle: 6150
Register Write to Reg: 0x07 Val: 0x80406008
In clock cycle: 7172
Register Write to Reg: 0x05 Val: 0x80405000
In clock cycle: 7173
Register Write to Reg: 0x06 Val: 0x00406004
In clock cycle: 7174
Register Write to Reg: 0x07 Val: 0x80407008
In clock cycle: 8196
Register Write to Reg: 0x05 Val: 0x80406000
In clock cycle: 8197
Register Write to Reg: 0x06 Val: 0x00407004
In clock cycle: 8198
Register Write to Reg: 0x07 Val: 0x80408008
In clock cycle: 9220
Register Write to Reg: 0x05 Val: 0x80407000
In clock cycle: 9221
Register Write to Reg: 0x06 Val: 0x00408004
In clock cycle: 9222
Register Write to Reg: 0x07 Val: 0x80409008
In clock cycle: 10244
Register Write to Reg: 0x05 Val: 0x80408000
In clock cycle: 10245
Register Write to Reg: 0x06 Val: 0x00409004
In clock cycle: 10246
Register Write to Reg: 0x07 Val: 0x8040A008
In clock cycle: 11268
Register Write to Reg: 0x05 Val: 0x80409000
In clock cycle: 11269
Register Write to Reg: 0x06 Val: 0x0040A004
In clock cycle: 11270
Register Write to Reg: 0x07 Val: 0x8040B008
In clock cycle: 12292
Register Write to Reg: 0x05 Val: 0x8040A000
In clock cycle: 12293
Register Write to Reg: 0x06 Val: 0x0040B004
In clock cycle: 12294
Register Write to Reg: 0x07 Val: 0x8040C008
In clock cycle: 13316
Register Write to Reg: 0x05 Val: 0x8040B000
In clock cycle: 13317
Register Write to Reg: 0x06 Val: 0x0040C004
In clock cycle: 13318
Register Write to Reg: 0x07 Val: 0x8040D008
In clock cycle: 14340
Register Write to Reg: 0x05 Val: 0x8040C000
In clock cycle: 14341
Register Write to Reg: 0x06 Val: 0x0040D004
In clock cycle: 14342
Register Write to Reg: 0x07 Val: 0x8040E008
In clock cycle: 15364
Register Write to Reg: 0x05 Val: 0x8040D000
In clock cycle: 15365
Register Write to Reg: 0x06 Val: 0x0040E004
In clock cycle: 15366
Register Write to Reg: 0x07 Val: 0x8040F008
In clock cycle: 16388
Register Write to Reg: 0x05 Val: 0x8040E000
In clock cycle: 16389
Register Write to Reg: 0x06 Val: 0x0040F004
In clock cycle: 16390
Register Write to Reg: 0x07 Val: 0x80410008
In clock cycle: 17412
Register Write to Reg: 0x05 Val: 0x8040F000
In clock cycle: 17413
Register Write to Reg: 0x06 Val: 0x00410004
In clock cycle: 17414
Register Write to Reg: 0x07 Val: 0x80411008
In clock cycle: 18436
Register Write to Reg: 0x05 Val: 0x80410000
In clock cycle: 18437
Register Write to Reg: 0x06 Val: 0x00411004
In clock cycle: 18438
Register Write to Reg: 0x07 Val: 0x80412008
In clock cycle: 19460
Register Write to Reg: 0x05 Val: 0x80411000
In clock cycle: 19461
Register Write to Reg: 0x06 Val: 0x00412004
In clock cycle: 19462
Register Write to Reg: 0x07 Val: 0x80413008
In clock cycle: 20484
Register Write to Reg: 0x05 Val: 0x80412000
In clock cycle: 20485
Register Write to Reg: 0x06 Val: 0x00413004
In clock cycle: 20486
Register Write to Reg: 0x07 Val: 0x80414008
In clock cycle: 21508
Register Write to Reg: 0x05 Val: 0x80413000
In clock cycle: 21509
Register Write to Reg: 0x06 Val: 0x00414004
In clock cycle: 21510
Register Write to Reg: 0x07 Val: 0x80415008
In clock cycle: 22532
Register Write to Reg: 0x05 Val: 0x80414000
In clock cycle: 22533
Register Write to Reg: 0x06 Val: 0x00415004
In clock cycle: 22534
Register Write to Reg: 0x07 Val: 0x80416008
In clock cycle: 23556
Register Write to Reg: 0x05 Val: 0x80415000
In clock cycle: 23557
Register Write to Reg: 0x06 Val: 0x00416004
In clock cycle: 23558
Register Write to Reg: 0x07 Val: 0x80417008
In clock cycle: 24580
Register Write to Reg: 0x05 Val: 0x80416000
In clock cycle: 24581
Register Write to Reg: 0x06 Val: 0x00417004
In clock cycle: 24582
Register Write to Reg: 0x07 Val: 0x80418008
In clock cycle: 25604
Register Write to Reg: 0x05 Val: 0x80417000
In clock cycle: 25605
Register Write to Reg: 0x06 Val: 0x00418004
In clock cycle: 25606
Register Write to Reg: 0x07 Val: 0x80419008
In clock cycle: 26628
Register Write to Reg: 0x05 Val: 0x80418000
In clock cycle: 26629
Register Write to Reg: 0x06 Val: 0x00419004
In clock cycle: 26630
Register Write to Reg: 0x07 Val: 0x8041A008
In clock cycle: 27652
Register Write to Reg: 0x05 Val: 0x80419000
In clock cycle: 27653
Register Write to Reg: 0x06 Val: 0x0041A004
In clock cycle: 27654
Register Write to Reg: 0x07 Val: 0x8041B008
In clock cycle: 28676
Register Write to Reg: 0x05 Val: 0x8041A000
In clock cycle: 28677
Register Write to Reg: 0x06 Val: 0x0041B004
In clock cycle: 28678
Register Write to Reg: 0x07 Val: 0x8041C008
In clock cycle: 29700
Register Write to Reg: 0x05 Val: 0x8041B000
In clock cycle: 29701
Register Write to Reg: 0x06 Val: 0x0041C004
In clock cycle: 29702
Register Write to Reg: 0x07 Val: 0x8041D008
In clock cycle: 30724
Register Write to Reg: 0x05 Val: 0x8041C000
In clock cycle: 30725
Register Write to Reg: 0x06 Val: 0x0041D004
In clock cycle: 30726
Register Write to Reg: 0x07 Val: 0x8041E008
In clock cycle: 31748
Register Write to Reg: 0x05 Val: 0x8041D000
In clock cycle: 31749
Register Write to Reg: 0x06 Val: 0x0041E004
In clock cycle: 31750
Register Write to Reg: 0x07 Val: 0x8041F008
In clock cycle: 32772
Register Write to Reg: 0x05 Val: 0x8041E000
In clock cycle: 32773
Register Write to Reg: 0x06 Val: 0x0041F004
In clock cycle: 32774
Register Write to Reg: 0x07 Val: 0x80420008
In clock cycle: 33796
Register Write to Reg: 0x05 Val: 0x8041F000
In clock cycle: 33797
Register Write to Reg: 0x06 Val: 0x00420004
In clock cycle: 33798
Register Write to Reg: 0x07 Val: 0x80421008
In clock cycle: 34820
Register Write to Reg: 0x05 Val: 0x80420000
In clock cycle: 34821
Register Write to Reg: 0x06 Val: 0x00421004
In clock cycle: 34822
Register Write to Reg: 0x07 Val: 0x80422008
In clock cycle: 35844
Register Write to Reg: 0x05 Val: 0x80421000
In clock cycle: 35845
Register Write to Reg: 0x06 Val: 0x00422004
In clock cycle: 35846
Register Write to Reg: 0x07 Val: 0x80423008
In clock cycle: 36868
Register Write to Reg: 0x05 Val: 0x80422000
In clock cycle: 36869
Register Write to Reg: 0x06 Val: 0x00423004
In clock cycle: 36870
Register Write to Reg: 0x07 Val: 0x80424008
In clock cycle: 37892
Register Write to Reg: 0x05 Val: 0x80423000
In clock cycle: 37893
Register Write to Reg: 0x06 Val: 0x00424004
In clock cycle: 37894
Register Write to Reg: 0x07 Val: 0x80425008
In clock cycle: 38916
Register Write to Reg: 0x05 Val: 0x80424000
In clock cycle: 38917
Register Write to Reg: 0x06 Val: 0x00425004
In clock cycle: 38918
Register Write to Reg: 0x07 Val: 0x80426008
In clock cycle: 39940
Register Write to Reg: 0x05 Val: 0x80425000
In clock cycle: 39941
Register Write to Reg: 0x06 Val: 0x00426004
In clock cycle: 39942
Register Write to Reg: 0x07 Val: 0x80427008
In clock cycle: 40964
Register Write to Reg: 0x05 Val: 0x80426000
In clock cycle: 40965
Register Write to Reg: 0x06 Val: 0x00427004
In clock cycle: 40966
Register Write to Reg: 0x07 Val: 0x80428008
In clock cycle: 41988
Register Write to Reg: 0x05 Val: 0x80427000
In clock cycle: 41989
Register Write to Reg: 0x06 Val: 0x00428004
In clock cycle: 41990
Register Write to Reg: 0x07 Val: 0x80429008
In clock cycle: 43012
Register Write to Reg: 0x05 Val: 0x80428000
In clock cycle: 43013
Register Write to Reg: 0x06 Val: 0x00429004
In clock cycle: 43014
Register Write to Reg: 0x07 Val: 0x8042A008
In clock cycle: 44036
Register Write to Reg: 0x05 Val: 0x80429000
In clock cycle: 44037
Register Write to Reg: 0x06 Val: 0x0042A004
In clock cycle: 44038
Register Write to Reg: 0x07 Val: 0x8042B008
In clock cycle: 45060
Register Write to Reg: 0x05 Val: 0x8042A000
In clock cycle: 45061
Register Write to Reg: 0x06 Val: 0x0042B004
In clock cycle: 45062
Register Write to Reg: 0x07 Val: 0x8042C008
In clock cycle: 46084
Register Write to Reg: 0x05 Val: 0x8042B000
In clock cycle: 46085
Register Write to Reg: 0x06 Val: 0x0042C004
In clock cycle: 46086
Register Write to Reg: 0x07 Val: 0x8042D008
In clock cycle: 47108
Register Write to Reg: 0x05 Val: 0x8042C000
In clock cycle: 47109
Register Write to Reg: 0x06 Val: 0x0042D004
In clock cycle: 47110
Register Write to Reg: 0x07 Val: 0x8042E008
In clock cycle: 48132
Register Write to Reg: 0x05 Val: 0x8042D000
In clock cycle: 48133
Register Write to Reg: 0x06 Val: 0x0042E004
In clock cycle: 48134
Register Write to Reg: 0x07 Val: 0x8042F008
In clock cycle: 49156
Register Write to Reg: 0x05 Val: 0x8042E000
In clock cycle: 49157
Register Write to Reg: 0x06 Val: 0x0042F004
In clock cycle: 49158
Register Write to Reg: 0x07 Val: 0x80430008
In clock cycle: 50180
Register Write to Reg: 0x05 Val: 0x8042F000
In clock cycle: 50181
Register Write to Reg: 0x06 Val: 0x00430004
In clock cycle: 50182
Register Write to Reg: 0x07 Val: 0x80431008
In clock cycle: 51204
Register Write to Reg: 0x05 Val: 0x80430000
In clock cycle: 51205
Register Write to Reg: 0x06 Val: 0x00431004
In clock cycle: 51206
Register Write to Reg: 0x07 Val: 0x80432008
In clock cycle: 52228
Register Write to Reg: 0x05 Val: 0x80431000
In clock cycle: 52229
Register Write to Reg: 0x06 Val: 0x00432004
In clock cycle: 52230
Register Write to Reg: 0x07 Val: 0x80433008
In clock cycle: 53252
Register Write to Reg: 0x05 Val: 0x80432000
In clock cycle: 53253
Register Write to Reg: 0x06 Val: 0x00433004
In clock cycle: 53254
Register Write to Reg: 0x07 Val: 0x80434008
In clock cycle: 54276
Register Write to Reg: 0x05 Val: 0x80433000
In clock cycle: 54277
Register Write to Reg: 0x06 Val: 0x00434004
In clock cycle: 54278
Register Write to Reg: 0x07 Val: 0x80435008
In clock cycle: 55300
Register Write to Reg: 0x05 Val: 0x80434000
In clock cycle: 55301
Register Write to Reg: 0x06 Val: 0x00435004
In clock cycle: 55302
Register Write to Reg: 0x07 Val: 0x80436008
In clock cycle: 56324
Register Write to Reg: 0x05 Val: 0x80435000
In clock cycle: 56325
Register Write to Reg: 0x06 Val: 0x00436004
In clock cycle: 56326
Register Write to Reg: 0x07 Val: 0x80437008
In clock cycle: 57348
Register Write to Reg: 0x05 Val: 0x80436000
In clock cycle: 57349
Register Write to Reg: 0x06 Val: 0x00437004
In clock cycle: 57350
Register Write to Reg: 0x07 Val: 0x80438008
In clock cycle: 58372
Register Write to Reg: 0x05 Val: 0x80437000
In clock cycle: 58373
Register Write to Reg: 0x06 Val: 0x00438004
In clock cycle: 58374
Register Write to Reg: 0x07 Val: 0x80439008
In clock cycle: 59396
Register Write to Reg: 0x05 Val: 0x80438000
In clock cycle: 59397
Register Write to Reg: 0x06 Val: 0x00439004
In clock cycle: 59398
Register Write to Reg: 0x07 Val: 0x8043A008
In clock cycle: 60420
Register Write to Reg: 0x05 Val: 0x80439000
In clock cycle: 60421
Register Write to Reg: 0x06 Val: 0x0043A004
In clock cycle: 60422
Register Write to Reg: 0x07 Val: 0x8043B008
In clock cycle: 61444
Register Write to Reg: 0x05 Val: 0x8043A000
In clock cycle: 61445
Register Write to Reg: 0x06 Val: 0x0043B004
In clock cycle: 61446
Register Write to Reg: 0x07 Val: 0x8043C008
In clock cycle: 62468
Register Write to Reg: 0x05 Val: 0x8043B000
In clock cycle: 62469
Register Write to Reg: 0x06 Val: 0x0043C004
In clock cycle: 62470
Register Write to Reg: 0x07 Val: 0x8043D008
In clock cycle: 63492
Register Write to Reg: 0x05 Val: 0x8043C000
In clock cycle: 63493
Register Write to Reg: 0x06 Val: 0x0043D004
In clock cycle: 63494
Register Write to Reg: 0x07 Val: 0x8043E008
In clock cycle: 64516
Register Write to Reg: 0x05 Val: 0x8043D000
In clock cycle: 64517
Register Write to Reg: 0x06 Val: 0x0043E004
In clock cycle: 64518
Register Write to Reg: 0x07 Val: 0x8043F008
In clock cycle: 65540
Register Write to Reg: 0x05 Val: 0x8043E000
In clock cycle: 65541
Register Write to Reg: 0x06 Val: 0x0043F004
In clock cycle: 65542
Register Write to Reg: 0x07 Val: 0x80440008
In clock cycle: 66564
Register Write to Reg: 0x05 Val: 0x8043F000
In clock cycle: 66565
Register Write to Reg: 0x06 Val: 0x00440004
In clock cycle: 66566
Register Write to Reg: 0x07 Val: 0x80441008
In clock cycle: 67588
Register Write to Reg: 0x05 Val: 0x80440000
In clock cycle: 67589
Register Write to Reg: 0x06 Val: 0x00441004
In clock cycle: 67590
Register Write to Reg: 0x07 Val: 0x80442008
In clock cycle: 68612
Register Write to Reg: 0x05 Val: 0x80441000
In clock cycle: 68613
Register Write to Reg: 0x06 Val: 0x00442004
In clock cycle: 68614
Register Write to Reg: 0x07 Val: 0x80443008
In clock cycle: 69636
Register Write to Reg: 0x05 Val: 0x80442000
In clock cycle: 69637
Register Write to Reg: 0x06 Val: 0x00443004
In clock cycle: 69638
Register Write to Reg: 0x07 Val: 0x80444008
In clock cycle: 70660
Register Write to Reg: 0x05 Val: 0x80443000
In clock cycle: 70661
Register Write to Reg: 0x06 Val: 0x00444004
In clock cycle: 70662
Register Write to Reg: 0x07 Val: 0x80445008
In clock cycle: 71684
Register Write to Reg: 0x05 Val: 0x80444000
In clock cycle: 71685
Register Write to Reg: 0x06 Val: 0x00445004
In clock cycle: 71686
Register Write to Reg: 0x07 Val: 0x80446008
In clock cycle: 72708
Register Write to Reg: 0x05 Val: 0x80445000
In clock cycle: 72709
Register Write to Reg: 0x06 Val: 0x00446004
In clock cycle: 72710
Register Write to Reg: 0x07 Val: 0x80447008
In clock cycle: 73732
Register Write to Reg: 0x05 Val: 0x80446000
In clock cycle: 73733
Register Write to Reg: 0x06 Val: 0x00447004
In clock cycle: 73734
Register Write to Reg: 0x07 Val: 0x80448008
In clock cycle: 74756
Register Write to Reg: 0x05 Val: 0x80447000
In clock cycle: 74757
Register Write to Reg: 0x06 Val: 0x00448004
In clock cycle: 74758
Register Write to Reg: 0x07 Val: 0x80449008
In clock cycle: 75780
Register Write to Reg: 0x05 Val: 0x80448000
In clock cycle: 75781
Register Write to Reg: 0x06 Val: 0x00449004
In clock cycle: 75782
Register Write to Reg: 0x07 Val: 0x8044A008
In clock cycle: 76804
Register Write to Reg: 0x05 Val: 0x80449000
In clock cycle: 76805
Register Write to Reg: 0x06 Val: 0x0044A004
In clock cycle: 76806
Register Write to Reg: 0x07 Val: 0x8044B008
In clock cycle: 77828
Register Write to Reg: 0x05 Val: 0x8044A000
In clock cycle: 77829
Register Write to Reg: 0x06 Val: 0x0044B004
In clock cycle: 77830
Register Write to Reg: 0x07 Val: 0x8044C008
In clock cycle: 78852
Register Write to Reg: 0x05 Val: 0x8044B000
In clock cycle: 78853
Register Write to Reg: 0x06 Val: 0x0044C004
In clock cycle: 78854
Register Write to Reg: 0x07 Val: 0x8044D008
In clock cycle: 79876
Register Write to Reg: 0x05 Val: 0x8044C000
In clock cycle: 79877
Register Write to Reg: 0x06 Val: 0x0044D004
In clock cycle: 79878
Register Write to Reg: 0x07 Val: 0x8044E008
In clock cycle: 80900
Register Write to Reg: 0x05 Val: 0x8044D000
In clock cycle: 80901
Register Write to Reg: 0x06 Val: 0x0044E004
In clock cycle: 80902
Register Write to Reg: 0x07 Val: 0x8044F008
In clock cycle: 81924
Register Write to Reg: 0x05 Val: 0x8044E000
In clock cycle: 81925
Register Write to Reg: 0x06 Val: 0x0044F004
In clock cycle: 81926
Register Write to Reg: 0x07 Val: 0x80450008
In clock cycle: 82948
Register Write to Reg: 0x05 Val: 0x8044F000
In clock cycle: 82949
Register Write to Reg: 0x06 Val: 0x00450004
In clock cycle: 82950
Register Write to Reg: 0x07 Val: 0x80451008
In clock cycle: 83972
Register Write to Reg: 0x05 Val: 0x80450000
In clock cycle: 83973
Register Write to Reg: 0x06 Val: 0x00451004
In clock cycle: 83974
Register Write to Reg: 0x07 Val: 0x80452008
In clock cycle: 84996
Register Write to Reg: 0x05 Val: 0x80451000
In clock cycle: 84997
Register Write to Reg: 0x06 Val: 0x00452004
In clock cycle: 84998
Register Write to Reg: 0x07 Val: 0x80453008
In clock cycle: 86020
Register Write to Reg: 0x05 Val: 0x80452000
In clock cycle: 86021
Register Write to Reg: 0x06 Val: 0x00453004
In clock cycle: 86022
Register Write to Reg: 0x07 Val: 0x80454008
In clock cycle: 87044
Register Write to Reg: 0x05 Val: 0x80453000
In clock cycle: 87045
Register Write to Reg: 0x06 Val: 0x00454004
In clock cycle: 87046
Register Write to Reg: 0x07 Val: 0x80455008
In clock cycle: 88068
Register Write to Reg: 0x05 Val: 0x80454000
In clock cycle: 88069
Register Write to Reg: 0x06 Val: 0x00455004
In clock cycle: 88070
Register Write to Reg: 0x07 Val: 0x80456008
In clock cycle: 89092
Register Write to Reg: 0x05 Val: 0x80455000
In clock cycle: 89093
Register Write to Reg: 0x06 Val: 0x00456004
In clock cycle: 89094
Register Write to Reg: 0x07 Val: 0x80457008
In clock cycle: 90116
Register Write to Reg: 0x05 Val: 0x80456000
In clock cycle: 90117
Register Write to Reg: 0x06 Val: 0x00457004
In clock cycle: 90118
Register Write to Reg: 0x07 Val: 0x80458008
In clock cycle: 91140
Register Write to Reg: 0x05 Val: 0x80457000
In clock cycle: 91141
Register Write to Reg: 0x06 Val: 0x00458004
In clock cycle: 91142
Register Write to Reg: 0x07 Val: 0x80459008
In clock cycle: 92164
Register Write to Reg: 0x05 Val: 0x80458000
In clock cycle: 92165
Register Write to Reg: 0x06 Val: 0x00459004
In clock cycle: 92166
Register Write to Reg: 0x07 Val: 0x8045A008
In clock cycle: 93188
Register Write to Reg: 0x05 Val: 0x80459000
In clock cycle: 93189
Register Write to Reg: 0x06 Val: 0x0045A004
In clock cycle: 93190
Register Write to Reg: 0x07 Val: 0x8045B008
In clock cycle: 94212
Register Write to Reg: 0x05 Val: 0x8045A000
In clock cycle: 94213
Register Write to Reg: 0x06 Val: 0x0045B004
In clock cycle: 94214
Register Write to Reg: 0x07 Val: 0x8045C008
In clock cycle: 95236
Register Write to Reg: 0x05 Val: 0x8045B000
In clock cycle: 95237
Register Write to Reg: 0x06 Val: 0x0045C004
In clock cycle: 95238
Register Write to Reg: 0x07 Val: 0x8045D008
In clock cycle: 96260
Register Write to Reg: 0x05 Val: 0x8045C000
In clock cycle: 96261
Register Write to Reg: 0x06 Val: 0x0045D004
In clock cycle: 96262
Register Write to Reg: 0x07 Val: 0x8045E008
In clock cycle: 97284
Register Write to Reg: 0x05 Val: 0x8045D000
In clock cycle: 97285
Register Write to Reg: 0x06 Val: 0x0045E004
In clock cycle: 97286
Register Write to Reg: 0x07 Val: 0x8045F008
In clock cycle: 98308
Register Write to Reg: 0x05 Val: 0x8045E000
In clock cycle: 98309
Register Write to Reg: 0x06 Val: 0x0045F004
In clock cycle: 98310
Register Write to Reg: 0x07 Val: 0x80460008
In clock cycle: 99332
Register Write to Reg: 0x05 Val: 0x8045F000
In clock cycle: 99333
Register Write to Reg: 0x06 Val: 0x00460004
In clock cycle: 99334
Register Write to Reg: 0x07 Val: 0x80461008
In clock cycle: 100356
Register Write to Reg: 0x05 Val: 0x80460000
In clock cycle: 100357
Register Write to Reg: 0x06 Val: 0x00461004
In clock cycle: 100358
Register Write to Reg: 0x07 Val: 0x80462008
In clock cycle: 101380
Register Write to Reg: 0x05 Val: 0x80461000
In clock cycle: 101381
Register Write to Reg: 0x06 Val: 0x00462004
In clock cycle: 101382
Register Write to Reg: 0x07 Val: 0x80463008
In clock cycle: 102404
Register Write to Reg: 0x05 Val: 0x80462000
In clock cycle: 102405
Register Write to Reg: 0x06 Val: 0x00463004
In clock cycle: 102406
Register Write to Reg: 0x07 Val: 0x80464008
In clock cycle: 103428
Register Write to Reg: 0x05 Val: 0x80463000
In clock cycle: 103429
Register Write to Reg: 0x06 Val: 0x00464004
In clock cycle: 103430
Register Write to Reg: 0x07 Val: 0x80465008
In clock cycle: 104452
Register Write to Reg: 0x05 Val: 0x80464000
In clock cycle: 104453
Register Write to Reg: 0x06 Val: 0x00465004
In clock cycle: 104454
Register Write to Reg: 0x07 Val: 0x80466008
In clock cycle: 105476
Register Write to Reg: 0x05 Val: 0x80465000
In clock cycle: 105477
Register Write to Reg: 0x06 Val: 0x00466004
In clock cycle: 105478
Register Write to Reg: 0x07 Val: 0x80467008
In clock cycle: 106500
Register Write to Reg: 0x05 Val: 0x80466000
In clock cycle: 106501
Register Write to Reg: 0x06 Val: 0x00467004
In clock cycle: 106502
Register Write to Reg: 0x07 Val: 0x80468008
In clock cycle: 107524
Register Write to Reg: 0x05 Val: 0x80467000
In clock cycle: 107525
Register Write to Reg: 0x06 Val: 0x00468004
In clock cycle: 107526
Register Write to Reg: 0x07 Val: 0x80469008
In clock cycle: 108548
Register Write to Reg: 0x05 Val: 0x80468000
In clock cycle: 108549
Register Write to Reg: 0x06 Val: 0x00469004
In clock cycle: 108550
Register Write to Reg: 0x07 Val: 0x8046A008
In clock cycle: 109572
Register Write to Reg: 0x05 Val: 0x80469000
In clock cycle: 109573
Register Write to Reg: 0x06 Val: 0x0046A004
In clock cycle: 109574
Register Write to Reg: 0x07 Val: 0x8046B008
In clock cycle: 110596
Register Write to Reg: 0x05 Val: 0x8046A000
In clock cycle: 110597
Register Write to Reg: 0x06 Val: 0x0046B004
In clock cycle: 110598
Register Write to Reg: 0x07 Val: 0x8046C008
In clock cycle: 111620
Register Write to Reg: 0x05 Val: 0x8046B000
In clock cycle: 111621
Register Write to Reg: 0x06 Val: 0x0046C004
In clock cycle: 111622
Register Write to Reg: 0x07 Val: 0x8046D008
In clock cycle: 112644
Register Write to Reg: 0x05 Val: 0x8046C000
In clock cycle: 112645
Register Write to Reg: 0x06 Val: 0x0046D004
In clock cycle: 112646
Register Write to Reg: 0x07 Val: 0x8046E008
In clock cycle: 113668
Register Write to Reg: 0x05 Val: 0x8046D000
In clock cycle: 113669
Register Write to Reg: 0x06 Val: 0x0046E004
In clock cycle: 113670
Register Write to Reg: 0x07 Val: 0x8046F008
In clock cycle: 114692
Register Write to Reg: 0x05 Val: 0x8046E000
In clock cycle: 114693
Register Write to Reg: 0x06 Val: 0x0046F004
In clock cycle: 114694
Register Write to Reg: 0x07 Val: 0x80470008
In clock cycle: 115716
Register Write to Reg: 0x05 Val: 0x8046F000
In clock cycle: 115717
Register Write to Reg: 0x06 Val: 0x00470004
In clock cycle: 115718
Register Write to Reg: 0x07 Val: 0x80471008
In clock cycle: 116740
Register Write to Reg: 0x05 Val: 0x80470000
In clock cycle: 116741
Register Write to Reg: 0x06 Val: 0x00471004
In clock cycle: 116742
Register Write to Reg: 0x07 Val: 0x80472008
In clock cycle: 117764
Register Write to Reg: 0x05 Val: 0x80471000
In clock cycle: 117765
Register Write to Reg: 0x06 Val: 0x00472004
In clock cycle: 117766
Register Write to Reg: 0x07 Val: 0x80473008
In clock cycle: 118788
Register Write to Reg: 0x05 Val: 0x80472000
In clock cycle: 118789
Register Write to Reg: 0x06 Val: 0x00473004
In clock cycle: 118790
Register Write to Reg: 0x07 Val: 0x80474008
In clock cycle: 119812
Register Write to Reg: 0x05 Val: 0x80473000
In clock cycle: 119813
Register Write to Reg: 0x06 Val: 0x00474004
In clock cycle: 119814
Register Write to Reg: 0x07 Val: 0x80475008
In clock cycle: 120836
Register Write to Reg: 0x05 Val: 0x80474000
In clock cycle: 120837
Register Write to Reg: 0x06 Val: 0x00475004
In clock cycle: 120838
Register Write to Reg: 0x07 Val: 0x80476008
In clock cycle: 121860
Register Write to Reg: 0x05 Val: 0x80475000
In clock cycle: 121861
Register Write to Reg: 0x06 Val: 0x00476004
In clock cycle: 121862
Register Write to Reg: 0x07 Val: 0x80477008
In clock cycle: 122884
Register Write to Reg: 0x05 Val: 0x80476000
In clock cycle: 122885
Register Write to Reg: 0x06 Val: 0x00477004
In clock cycle: 122886
Register Write to Reg: 0x07 Val: 0x80478008
In clock cycle: 123908
Register Write to Reg: 0x05 Val: 0x80477000
In clock cycle: 123909
Register Write to Reg: 0x06 Val: 0x00478004
In clock cycle: 123910
Register Write to Reg: 0x07 Val: 0x80479008
In clock cycle: 124932
Register Write to Reg: 0x05 Val: 0x80478000
In clock cycle: 124933
Register Write to Reg: 0x06 Val: 0x00479004
In clock cycle: 124934
Register Write to Reg: 0x07 Val: 0x8047A008
In clock cycle: 125956
Register Write to Reg: 0x05 Val: 0x80479000
In clock cycle: 125957
Register Write to Reg: 0x06 Val: 0x0047A004
In clock cycle: 125958
Register Write to Reg: 0x07 Val: 0x8047B008
In clock cycle: 126980
Register Write to Reg: 0x05 Val: 0x8047A000
In clock cycle: 126981
Register Write to Reg: 0x06 Val: 0x0047B004
In clock cycle: 126982
Register Write to Reg: 0x07 Val: 0x8047C008
In clock cycle: 128004
Register Write to Reg: 0x05 Val: 0x8047B000
In clock cycle: 128005
Register Write to Reg: 0x06 Val: 0x0047C004
In clock cycle: 128006
Register Write to Reg: 0x07 Val: 0x8047D008
In clock cycle: 129028
Register Write to Reg: 0x05 Val: 0x8047C000
In clock cycle: 129029
Register Write to Reg: 0x06 Val: 0x0047D004
In clock cycle: 129030
Register Write to Reg: 0x07 Val: 0x8047E008
In clock cycle: 130052
Register Write to Reg: 0x05 Val: 0x8047D000
In clock cycle: 130053
Register Write to Reg: 0x06 Val: 0x0047E004
In clock cycle: 130054
Register Write to Reg: 0x07 Val: 0x8047F008
In clock cycle: 131076
Register Write to Reg: 0x05 Val: 0x8047E000
In clock cycle: 131077
Register Write to Reg: 0x06 Val: 0x0047F004
In clock cycle: 131078
Register Write to Reg: 0x07 Val: 0x80480008
In clock cycle: 132100
Register Write to Reg: 0x05 Val: 0x8047F000
In clock cycle: 132101
Register Write to Reg: 0x06 Val: 0x00480004
In clock cycle: 132102
Register Write to Reg: 0x07 Val: 0x80481008
In clock cycle: 133124
Register Write to Reg: 0x05 Val: 0x80480000
In clock cycle: 133125
Register Write to Reg: 0x06 Val: 0x00481004
In clock cycle: 133126
Register Write to Reg: 0x07 Val: 0x80482008
In clock cycle: 134148
Register Write to Reg: 0x05 Val: 0x80481000
In clock cycle: 134149
Register Write to Reg: 0x06 Val: 0x00482004
In clock cycle: 134150
Register Write to Reg: 0x07 Val: 0x80483008
In clock cycle: 135172
Register Write to Reg: 0x05 Val: 0x80482000
In clock cycle: 135173
Register Write to Reg: 0x06 Val: 0x00483004
In clock cycle: 135174
Register Write to Reg: 0x07 Val: 0x80484008
In clock cycle: 136196
Register Write to Reg: 0x05 Val: 0x80483000
In clock cycle: 136197
Register Write to Reg: 0x06 Val: 0x00484004
In clock cycle: 136198
Register Write to Reg: 0x07 Val: 0x80485008
In clock cycle: 137220
Register Write to Reg: 0x05 Val: 0x80484000
In clock cycle: 137221
Register Write to Reg: 0x06 Val: 0x00485004
In clock cycle: 137222
Register Write to Reg: 0x07 Val: 0x80486008
In clock cycle: 138244
Register Write to Reg: 0x05 Val: 0x80485000
In clock cycle: 138245
Register Write to Reg: 0x06 Val: 0x00486004
In clock cycle: 138246
Register Write to Reg: 0x07 Val: 0x80487008
In clock cycle: 139268
Register Write to Reg: 0x05 Val: 0x80486000
In clock cycle: 139269
Register Write to Reg: 0x06 Val: 0x00487004
In clock cycle: 139270
Register Write to Reg: 0x07 Val: 0x80488008
In clock cycle: 140292
Register Write to Reg: 0x05 Val: 0x80487000
In clock cycle: 140293
Register Write to Reg: 0x06 Val: 0x00488004
In clock cycle: 140294
Register Write to Reg: 0x07 Val: 0x80489008
In clock cycle: 141316
Register Write to Reg: 0x05 Val: 0x80488000
In clock cycle: 141317
Register Write to Reg: 0x06 Val: 0x00489004
In clock cycle: 141318
Register Write to Reg: 0x07 Val: 0x8048A008
In clock cycle: 142340
Register Write to Reg: 0x05 Val: 0x80489000
In clock cycle: 142341
Register Write to Reg: 0x06 Val: 0x0048A004
In clock cycle: 142342
Register Write to Reg: 0x07 Val: 0x8048B008
In clock cycle: 143364
Register Write to Reg: 0x05 Val: 0x8048A000
In clock cycle: 143365
Register Write to Reg: 0x06 Val: 0x0048B004
In clock cycle: 143366
Register Write to Reg: 0x07 Val: 0x8048C008
In clock cycle: 144388
Register Write to Reg: 0x05 Val: 0x8048B000
In clock cycle: 144389
Register Write to Reg: 0x06 Val: 0x0048C004
In clock cycle: 144390
Register Write to Reg: 0x07 Val: 0x8048D008
In clock cycle: 145412
Register Write to Reg: 0x05 Val: 0x8048C000
In clock cycle: 145413
Register Write to Reg: 0x06 Val: 0x0048D004
In clock cycle: 145414
Register Write to Reg: 0x07 Val: 0x8048E008
In clock cycle: 146436
Register Write to Reg: 0x05 Val: 0x8048D000
In clock cycle: 146437
Register Write to Reg: 0x06 Val: 0x0048E004
In clock cycle: 146438
Register Write to Reg: 0x07 Val: 0x8048F008
In clock cycle: 147460
Register Write to Reg: 0x05 Val: 0x8048E000
In clock cycle: 147461
Register Write to Reg: 0x06 Val: 0x0048F004
In clock cycle: 147462
Register Write to Reg: 0x07 Val: 0x80490008
In clock cycle: 148484
Register Write to Reg: 0x05 Val: 0x8048F000
In clock cycle: 148485
Register Write to Reg: 0x06 Val: 0x00490004
In clock cycle: 148486
Register Write to Reg: 0x07 Val: 0x80491008
In clock cycle: 149508
Register Write to Reg: 0x05 Val: 0x80490000
In clock cycle: 149509
Register Write to Reg: 0x06 Val: 0x00491004
In clock cycle: 149510
Register Write to Reg: 0x07 Val: 0x80492008
In clock cycle: 150532
Register Write to Reg: 0x05 Val: 0x80491000
In clock cycle: 150533
Register Write to Reg: 0x06 Val: 0x00492004
In clock cycle: 150534
Register Write to Reg: 0x07 Val: 0x80493008
In clock cycle: 151556
Register Write to Reg: 0x05 Val: 0x80492000
In clock cycle: 151557
Register Write to Reg: 0x06 Val: 0x00493004
In clock cycle: 151558
Register Write to Reg: 0x07 Val: 0x80494008
In clock cycle: 152580
Register Write to Reg: 0x05 Val: 0x80493000
In clock cycle: 152581
Register Write to Reg: 0x06 Val: 0x00494004
In clock cycle: 152582
Register Write to Reg: 0x07 Val: 0x80495008
In clock cycle: 153604
Register Write to Reg: 0x05 Val: 0x80494000
In clock cycle: 153605
Register Write to Reg: 0x06 Val: 0x00495004
In clock cycle: 153606
Register Write to Reg: 0x07 Val: 0x80496008
In clock cycle: 154628
Register Write to Reg: 0x05 Val: 0x80495000
In clock cycle: 154629
Register Write to Reg: 0x06 Val: 0x00496004
In clock cycle: 154630
Register Write to Reg: 0x07 Val: 0x80497008
In clock cycle: 155652
Register Write to Reg: 0x05 Val: 0x80496000
In clock cycle: 155653
Register Write to Reg: 0x06 Val: 0x00497004
In clock cycle: 155654
Register Write to Reg: 0x07 Val: 0x80498008
In clock cycle: 156676
Register Write to Reg: 0x05 Val: 0x80497000
In clock cycle: 156677
Register Write to Reg: 0x06 Val: 0x00498004
In clock cycle: 156678
Register Write to Reg: 0x07 Val: 0x80499008
In clock cycle: 157700
Register Write to Reg: 0x05 Val: 0x80498000
In clock cycle: 157701
Register Write to Reg: 0x06 Val: 0x00499004
In clock cycle: 157702
Register Write to Reg: 0x07 Val: 0x8049A008
In clock cycle: 158724
Register Write to Reg: 0x05 Val: 0x80499000
In clock cycle: 158725
Register Write to Reg: 0x06 Val: 0x0049A004
In clock cycle: 158726
Register Write to Reg: 0x07 Val: 0x8049B008
In clock cycle: 159748
Register Write to Reg: 0x05 Val: 0x8049A000
In clock cycle: 159749
Register Write to Reg: 0x06 Val: 0x0049B004
In clock cycle: 159750
Register Write to Reg: 0x07 Val: 0x8049C008
In clock cycle: 160772
Register Write to Reg: 0x05 Val: 0x8049B000
In clock cycle: 160773
Register Write to Reg: 0x06 Val: 0x0049C004
In clock cycle: 160774
Register Write to Reg: 0x07 Val: 0x8049D008
In clock cycle: 161796
Register Write to Reg: 0x05 Val: 0x8049C000
In clock cycle: 161797
Register Write to Reg: 0x06 Val: 0x0049D004
In clock cycle: 161798
Register Write to Reg: 0x07 Val: 0x8049E008
In clock cycle: 162820
Register Write to Reg: 0x05 Val: 0x8049D000
In clock cycle: 162821
Register Write to Reg: 0x06 Val: 0x0049E004
In clock cycle: 162822
Register Write to Reg: 0x07 Val: 0x8049F008
In clock cycle: 163844
Register Write to Reg: 0x05 Val: 0x8049E000
In clock cycle: 163845
Register Write to Reg: 0x06 Val: 0x0049F004
In clock cycle: 163846
Register Write to Reg: 0x07 Val: 0x804A0008
In clock cycle: 164868
Register Write to Reg: 0x05 Val: 0x8049F000
In clock cycle: 164869
Register Write to Reg: 0x06 Val: 0x004A0004
In clock cycle: 164870
Register Write to Reg: 0x07 Val: 0x804A1008
In clock cycle: 165892
Register Write to Reg: 0x05 Val: 0x804A0000
In clock cycle: 165893
Register Write to Reg: 0x06 Val: 0x004A1004
In clock cycle: 165894
Register Write to Reg: 0x07 Val: 0x804A2008
In clock cycle: 166916
Register Write to Reg: 0x05 Val: 0x804A1000
In clock cycle: 166917
Register Write to Reg: 0x06 Val: 0x004A2004
In clock cycle: 166918
Register Write to Reg: 0x07 Val: 0x804A3008
In clock cycle: 167940
Register Write to Reg: 0x05 Val: 0x804A2000
In clock cycle: 167941
Register Write to Reg: 0x06 Val: 0x004A3004
In clock cycle: 167942
Register Write to Reg: 0x07 Val: 0x804A4008
In clock cycle: 168964
Register Write to Reg: 0x05 Val: 0x804A3000
In clock cycle: 168965
Register Write to Reg: 0x06 Val: 0x004A4004
In clock cycle: 168966
Register Write to Reg: 0x07 Val: 0x804A5008
In clock cycle: 169988
Register Write to Reg: 0x05 Val: 0x804A4000
In clock cycle: 169989
Register Write to Reg: 0x06 Val: 0x004A5004
In clock cycle: 169990
Register Write to Reg: 0x07 Val: 0x804A6008
In clock cycle: 171012
Register Write to Reg: 0x05 Val: 0x804A5000
In clock cycle: 171013
Register Write to Reg: 0x06 Val: 0x004A6004
In clock cycle: 171014
Register Write to Reg: 0x07 Val: 0x804A7008
In clock cycle: 172036
Register Write to Reg: 0x05 Val: 0x804A6000
In clock cycle: 172037
Register Write to Reg: 0x06 Val: 0x004A7004
In clock cycle: 172038
Register Write to Reg: 0x07 Val: 0x804A8008
In clock cycle: 173060
Register Write to Reg: 0x05 Val: 0x804A7000
In clock cycle: 173061
Register Write to Reg: 0x06 Val: 0x004A8004
In clock cycle: 173062
Register Write to Reg: 0x07 Val: 0x804A9008
In clock cycle: 174084
Register Write to Reg: 0x05 Val: 0x804A8000
In clock cycle: 174085
Register Write to Reg: 0x06 Val: 0x004A9004
In clock cycle: 174086
Register Write to Reg: 0x07 Val: 0x804AA008
In clock cycle: 175108
Register Write to Reg: 0x05 Val: 0x804A9000
In clock cycle: 175109
Register Write to Reg: 0x06 Val: 0x004AA004
In clock cycle: 175110
Register Write to Reg: 0x07 Val: 0x804AB008
In clock cycle: 176132
Register Write to Reg: 0x05 Val: 0x804AA000
In clock cycle: 176133
Register Write to Reg: 0x06 Val: 0x004AB004
In clock cycle: 176134
Register Write to Reg: 0x07 Val: 0x804AC008
In clock cycle: 177156
Register Write to Reg: 0x05 Val: 0x804AB000
In clock cycle: 177157
Register Write to Reg: 0x06 Val: 0x004AC004
In clock cycle: 177158
Register Write to Reg: 0x07 Val: 0x804AD008
In clock cycle: 178180
Register Write to Reg: 0x05 Val: 0x804AC000
In clock cycle: 178181
Register Write to Reg: 0x06 Val: 0x004AD004
In clock cycle: 178182
Register Write to Reg: 0x07 Val: 0x804AE008
In clock cycle: 179204
Register Write to Reg: 0x05 Val: 0x804AD000
In clock cycle: 179205
Register Write to Reg: 0x06 Val: 0x004AE004
In clock cycle: 179206
Register Write to Reg: 0x07 Val: 0x804AF008
In clock cycle: 180228
Register Write to Reg: 0x05 Val: 0x804AE000
In clock cycle: 180229
Register Write to Reg: 0x06 Val: 0x004AF004
In clock cycle: 180230
Register Write to Reg: 0x07 Val: 0x804B0008
In clock cycle: 181252
Register Write to Reg: 0x05 Val: 0x804AF000
In clock cycle: 181253
Register Write to Reg: 0x06 Val: 0x004B0004
In clock cycle: 181254
Register Write to Reg: 0x07 Val: 0x804B1008
In clock cycle: 182276
Register Write to Reg: 0x05 Val: 0x804B0000
In clock cycle: 182277
Register Write to Reg: 0x06 Val: 0x004B1004
In clock cycle: 182278
Register Write to Reg: 0x07 Val: 0x804B2008
In clock cycle: 183300
Register Write to Reg: 0x05 Val: 0x804B1000
In clock cycle: 183301
Register Write to Reg: 0x06 Val: 0x004B2004
In clock cycle: 183302
Register Write to Reg: 0x07 Val: 0x804B3008
In clock cycle: 184324
Register Write to Reg: 0x05 Val: 0x804B2000
In clock cycle: 184325
Register Write to Reg: 0x06 Val: 0x004B3004
In clock cycle: 184326
Register Write to Reg: 0x07 Val: 0x804B4008
In clock cycle: 185348
Register Write to Reg: 0x05 Val: 0x804B3000
In clock cycle: 185349
Register Write to Reg: 0x06 Val: 0x004B4004
In clock cycle: 185350
Register Write to Reg: 0x07 Val: 0x804B5008
In clock cycle: 186372
Register Write to Reg: 0x05 Val: 0x804B4000
In clock cycle: 186373
Register Write to Reg: 0x06 Val: 0x004B5004
In clock cycle: 186374
Register Write to Reg: 0x07 Val: 0x804B6008
In clock cycle: 187396
Register Write to Reg: 0x05 Val: 0x804B5000
In clock cycle: 187397
Register Write to Reg: 0x06 Val: 0x004B6004
In clock cycle: 187398
Register Write to Reg: 0x07 Val: 0x804B7008
In clock cycle: 188420
Register Write to Reg: 0x05 Val: 0x804B6000
In clock cycle: 188421
Register Write to Reg: 0x06 Val: 0x004B7004
In clock cycle: 188422
Register Write to Reg: 0x07 Val: 0x804B8008
In clock cycle: 189444
Register Write to Reg: 0x05 Val: 0x804B7000
In clock cycle: 189445
Register Write to Reg: 0x06 Val: 0x004B8004
In clock cycle: 189446
Register Write to Reg: 0x07 Val: 0x804B9008
In clock cycle: 190468
Register Write to Reg: 0x05 Val: 0x804B8000
In clock cycle: 190469
Register Write to Reg: 0x06 Val: 0x004B9004
In clock cycle: 190470
Register Write to Reg: 0x07 Val: 0x804BA008
In clock cycle: 191492
Register Write to Reg: 0x05 Val: 0x804B9000
In clock cycle: 191493
Register Write to Reg: 0x06 Val: 0x004BA004
In clock cycle: 191494
Register Write to Reg: 0x07 Val: 0x804BB008
In clock cycle: 192516
Register Write to Reg: 0x05 Val: 0x804BA000
In clock cycle: 192517
Register Write to Reg: 0x06 Val: 0x004BB004
In clock cycle: 192518
Register Write to Reg: 0x07 Val: 0x804BC008
In clock cycle: 193540
Register Write to Reg: 0x05 Val: 0x804BB000
In clock cycle: 193541
Register Write to Reg: 0x06 Val: 0x004BC004
In clock cycle: 193542
Register Write to Reg: 0x07 Val: 0x804BD008
In clock cycle: 194564
Register Write to Reg: 0x05 Val: 0x804BC000
In clock cycle: 194565
Register Write to Reg: 0x06 Val: 0x004BD004
In clock cycle: 194566
Register Write to Reg: 0x07 Val: 0x804BE008
In clock cycle: 195588
Register Write to Reg: 0x05 Val: 0x804BD000
In clock cycle: 195589
Register Write to Reg: 0x06 Val: 0x004BE004
In clock cycle: 195590
Register Write to Reg: 0x07 Val: 0x804BF008
In clock cycle: 196612
Register Write to Reg: 0x05 Val: 0x804BE000
In clock cycle: 196613
Register Write to Reg: 0x06 Val: 0x004BF004
In clock cycle: 196614
Register Write to Reg: 0x07 Val: 0x804C0008
In clock cycle: 197636
Register Write to Reg: 0x05 Val: 0x804BF000
In clock cycle: 197637
Register Write to Reg: 0x06 Val: 0x004C0004
In clock cycle: 197638
Register Write to Reg: 0x07 Val: 0x804C1008
In clock cycle: 198660
Register Write to Reg: 0x05 Val: 0x804C0000
In clock cycle: 198661
Register Write to Reg: 0x06 Val: 0x004C1004
In clock cycle: 198662
Register Write to Reg: 0x07 Val: 0x804C2008
In clock cycle: 199684
Register Write to Reg: 0x05 Val: 0x804C1000
In clock cycle: 199685
Register Write to Reg: 0x06 Val: 0x004C2004
In clock cycle: 199686
Register Write to Reg: 0x07 Val: 0x804C3008
In clock cycle: 200708
Register Write to Reg: 0x05 Val: 0x804C2000
In clock cycle: 200709
Register Write to Reg: 0x06 Val: 0x004C3004
In clock cycle: 200710
Register Write to Reg: 0x07 Val: 0x804C4008
In clock cycle: 201732
Register Write to Reg: 0x05 Val: 0x804C3000
In clock cycle: 201733
Register Write to Reg: 0x06 Val: 0x004C4004
In clock cycle: 201734
Register Write to Reg: 0x07 Val: 0x804C5008
In clock cycle: 202756
Register Write to Reg: 0x05 Val: 0x804C4000
In clock cycle: 202757
Register Write to Reg: 0x06 Val: 0x004C5004
In clock cycle: 202758
Register Write to Reg: 0x07 Val: 0x804C6008
In clock cycle: 203780
Register Write to Reg: 0x05 Val: 0x804C5000
In clock cycle: 203781
Register Write to Reg: 0x06 Val: 0x004C6004
In clock cycle: 203782
Register Write to Reg: 0x07 Val: 0x804C7008
In clock cycle: 204804
Register Write to Reg: 0x05 Val: 0x804C6000
In clock cycle: 204805
Register Write to Reg: 0x06 Val: 0x004C7004
In clock cycle: 204806
Register Write to Reg: 0x07 Val: 0x804C8008
In clock cycle: 205828
Register Write to Reg: 0x05 Val: 0x804C7000
In clock cycle: 205829
Register Write to Reg: 0x06 Val: 0x004C8004
In clock cycle: 205830
Register Write to Reg: 0x07 Val: 0x804C9008
In clock cycle: 206852
Register Write to Reg: 0x05 Val: 0x804C8000
In clock cycle: 206853
Register Write to Reg: 0x06 Val: 0x004C9004
In clock cycle: 206854
Register Write to Reg: 0x07 Val: 0x804CA008
In clock cycle: 207876
Register Write to Reg: 0x05 Val: 0x804C9000
In clock cycle: 207877
Register Write to Reg: 0x06 Val: 0x004CA004
In clock cycle: 207878
Register Write to Reg: 0x07 Val: 0x804CB008
In clock cycle: 208900
Register Write to Reg: 0x05 Val: 0x804CA000
In clock cycle: 208901
Register Write to Reg: 0x06 Val: 0x004CB004
In clock cycle: 208902
Register Write to Reg: 0x07 Val: 0x804CC008
In clock cycle: 209924
Register Write to Reg: 0x05 Val: 0x804CB000
In clock cycle: 209925
Register Write to Reg: 0x06 Val: 0x004CC004
In clock cycle: 209926
Register Write to Reg: 0x07 Val: 0x804CD008
In clock cycle: 210948
Register Write to Reg: 0x05 Val: 0x804CC000
In clock cycle: 210949
Register Write to Reg: 0x06 Val: 0x004CD004
In clock cycle: 210950
Register Write to Reg: 0x07 Val: 0x804CE008
In clock cycle: 211972
Register Write to Reg: 0x05 Val: 0x804CD000
In clock cycle: 211973
Register Write to Reg: 0x06 Val: 0x004CE004
In clock cycle: 211974
Register Write to Reg: 0x07 Val: 0x804CF008
In clock cycle: 212996
Register Write to Reg: 0x05 Val: 0x804CE000
In clock cycle: 212997
Register Write to Reg: 0x06 Val: 0x004CF004
In clock cycle: 212998
Register Write to Reg: 0x07 Val: 0x804D0008
In clock cycle: 214020
Register Write to Reg: 0x05 Val: 0x804CF000
In clock cycle: 214021
Register Write to Reg: 0x06 Val: 0x004D0004
In clock cycle: 214022
Register Write to Reg: 0x07 Val: 0x804D1008
In clock cycle: 215044
Register Write to Reg: 0x05 Val: 0x804D0000
In clock cycle: 215045
Register Write to Reg: 0x06 Val: 0x004D1004
In clock cycle: 215046
Register Write to Reg: 0x07 Val: 0x804D2008
In clock cycle: 216068
Register Write to Reg: 0x05 Val: 0x804D1000
In clock cycle: 216069
Register Write to Reg: 0x06 Val: 0x004D2004
In clock cycle: 216070
Register Write to Reg: 0x07 Val: 0x804D3008
In clock cycle: 217092
Register Write to Reg: 0x05 Val: 0x804D2000
In clock cycle: 217093
Register Write to Reg: 0x06 Val: 0x004D3004
In clock cycle: 217094
Register Write to Reg: 0x07 Val: 0x804D4008
In clock cycle: 218116
Register Write to Reg: 0x05 Val: 0x804D3000
In clock cycle: 218117
Register Write to Reg: 0x06 Val: 0x004D4004
In clock cycle: 218118
Register Write to Reg: 0x07 Val: 0x804D5008
In clock cycle: 219140
Register Write to Reg: 0x05 Val: 0x804D4000
In clock cycle: 219141
Register Write to Reg: 0x06 Val: 0x004D5004
In clock cycle: 219142
Register Write to Reg: 0x07 Val: 0x804D6008
In clock cycle: 220164
Register Write to Reg: 0x05 Val: 0x804D5000
In clock cycle: 220165
Register Write to Reg: 0x06 Val: 0x004D6004
In clock cycle: 220166
Register Write to Reg: 0x07 Val: 0x804D7008
In clock cycle: 221188
Register Write to Reg: 0x05 Val: 0x804D6000
In clock cycle: 221189
Register Write to Reg: 0x06 Val: 0x004D7004
In clock cycle: 221190
Register Write to Reg: 0x07 Val: 0x804D8008
In clock cycle: 222212
Register Write to Reg: 0x05 Val: 0x804D7000
In clock cycle: 222213
Register Write to Reg: 0x06 Val: 0x004D8004
In clock cycle: 222214
Register Write to Reg: 0x07 Val: 0x804D9008
In clock cycle: 223236
Register Write to Reg: 0x05 Val: 0x804D8000
In clock cycle: 223237
Register Write to Reg: 0x06 Val: 0x004D9004
In clock cycle: 223238
Register Write to Reg: 0x07 Val: 0x804DA008
In clock cycle: 224260
Register Write to Reg: 0x05 Val: 0x804D9000
In clock cycle: 224261
Register Write to Reg: 0x06 Val: 0x004DA004
In clock cycle: 224262
Register Write to Reg: 0x07 Val: 0x804DB008
In clock cycle: 225284
Register Write to Reg: 0x05 Val: 0x804DA000
In clock cycle: 225285
Register Write to Reg: 0x06 Val: 0x004DB004
In clock cycle: 225286
Register Write to Reg: 0x07 Val: 0x804DC008
In clock cycle: 226308
Register Write to Reg: 0x05 Val: 0x804DB000
In clock cycle: 226309
Register Write to Reg: 0x06 Val: 0x004DC004
In clock cycle: 226310
Register Write to Reg: 0x07 Val: 0x804DD008
In clock cycle: 227332
Register Write to Reg: 0x05 Val: 0x804DC000
In clock cycle: 227333
Register Write to Reg: 0x06 Val: 0x004DD004
In clock cycle: 227334
Register Write to Reg: 0x07 Val: 0x804DE008
In clock cycle: 228356
Register Write to Reg: 0x05 Val: 0x804DD000
In clock cycle: 228357
Register Write to Reg: 0x06 Val: 0x004DE004
In clock cycle: 228358
Register Write to Reg: 0x07 Val: 0x804DF008
In clock cycle: 229380
Register Write to Reg: 0x05 Val: 0x804DE000
In clock cycle: 229381
Register Write to Reg: 0x06 Val: 0x004DF004
In clock cycle: 229382
Register Write to Reg: 0x07 Val: 0x804E0008
In clock cycle: 230404
Register Write to Reg: 0x05 Val: 0x804DF000
In clock cycle: 230405
Register Write to Reg: 0x06 Val: 0x004E0004
In clock cycle: 230406
Register Write to Reg: 0x07 Val: 0x804E1008
In clock cycle: 231428
Register Write to Reg: 0x05 Val: 0x804E0000
In clock cycle: 231429
Register Write to Reg: 0x06 Val: 0x004E1004
In clock cycle: 231430
Register Write to Reg: 0x07 Val: 0x804E2008
In clock cycle: 232452
Register Write to Reg: 0x05 Val: 0x804E1000
In clock cycle: 232453
Register Write to Reg: 0x06 Val: 0x004E2004
In clock cycle: 232454
Register Write to Reg: 0x07 Val: 0x804E3008
In clock cycle: 233476
Register Write to Reg: 0x05 Val: 0x804E2000
In clock cycle: 233477
Register Write to Reg: 0x06 Val: 0x004E3004
In clock cycle: 233478
Register Write to Reg: 0x07 Val: 0x804E4008
In clock cycle: 234500
Register Write to Reg: 0x05 Val: 0x804E3000
In clock cycle: 234501
Register Write to Reg: 0x06 Val: 0x004E4004
In clock cycle: 234502
Register Write to Reg: 0x07 Val: 0x804E5008
In clock cycle: 235524
Register Write to Reg: 0x05 Val: 0x804E4000
In clock cycle: 235525
Register Write to Reg: 0x06 Val: 0x004E5004
In clock cycle: 235526
Register Write to Reg: 0x07 Val: 0x804E6008
In clock cycle: 236548
Register Write to Reg: 0x05 Val: 0x804E5000
In clock cycle: 236549
Register Write to Reg: 0x06 Val: 0x004E6004
In clock cycle: 236550
Register Write to Reg: 0x07 Val: 0x804E7008
In clock cycle: 237572
Register Write to Reg: 0x05 Val: 0x804E6000
In clock cycle: 237573
Register Write to Reg: 0x06 Val: 0x004E7004
In clock cycle: 237574
Register Write to Reg: 0x07 Val: 0x804E8008
In clock cycle: 238596
Register Write to Reg: 0x05 Val: 0x804E7000
In clock cycle: 238597
Register Write to Reg: 0x06 Val: 0x004E8004
In clock cycle: 238598
Register Write to Reg: 0x07 Val: 0x804E9008
In clock cycle: 239620
Register Write to Reg: 0x05 Val: 0x804E8000
In clock cycle: 239621
Register Write to Reg: 0x06 Val: 0x004E9004
In clock cycle: 239622
Register Write to Reg: 0x07 Val: 0x804EA008
In clock cycle: 240644
Register Write to Reg: 0x05 Val: 0x804E9000
In clock cycle: 240645
Register Write to Reg: 0x06 Val: 0x004EA004
In clock cycle: 240646
Register Write to Reg: 0x07 Val: 0x804EB008
In clock cycle: 241668
Register Write to Reg: 0x05 Val: 0x804EA000
In clock cycle: 241669
Register Write to Reg: 0x06 Val: 0x004EB004
In clock cycle: 241670
Register Write to Reg: 0x07 Val: 0x804EC008
In clock cycle: 242692
Register Write to Reg: 0x05 Val: 0x804EB000
In clock cycle: 242693
Register Write to Reg: 0x06 Val: 0x004EC004
In clock cycle: 242694
Register Write to Reg: 0x07 Val: 0x804ED008
In clock cycle: 243716
Register Write to Reg: 0x05 Val: 0x804EC000
In clock cycle: 243717
Register Write to Reg: 0x06 Val: 0x004ED004
In clock cycle: 243718
Register Write to Reg: 0x07 Val: 0x804EE008
In clock cycle: 244740
Register Write to Reg: 0x05 Val: 0x804ED000
In clock cycle: 244741
Register Write to Reg: 0x06 Val: 0x004EE004
In clock cycle: 244742
Register Write to Reg: 0x07 Val: 0x804EF008
In clock cycle: 245764
Register Write to Reg: 0x05 Val: 0x804EE000
In clock cycle: 245765
Register Write to Reg: 0x06 Val: 0x004EF004
In clock cycle: 245766
Register Write to Reg: 0x07 Val: 0x804F0008
In clock cycle: 246788
Register Write to Reg: 0x05 Val: 0x804EF000
In clock cycle: 246789
Register Write to Reg: 0x06 Val: 0x004F0004
In clock cycle: 246790
Register Write to Reg: 0x07 Val: 0x804F1008
In clock cycle: 247812
Register Write to Reg: 0x05 Val: 0x804F0000
In clock cycle: 247813
Register Write to Reg: 0x06 Val: 0x004F1004
In clock cycle: 247814
Register Write to Reg: 0x07 Val: 0x804F2008
In clock cycle: 248836
Register Write to Reg: 0x05 Val: 0x804F1000
In clock cycle: 248837
Register Write to Reg: 0x06 Val: 0x004F2004
In clock cycle: 248838
Register Write to Reg: 0x07 Val: 0x804F3008
In clock cycle: 249860
Register Write to Reg: 0x05 Val: 0x804F2000
In clock cycle: 249861
Register Write to Reg: 0x06 Val: 0x004F3004
In clock cycle: 249862
Register Write to Reg: 0x07 Val: 0x804F4008
In clock cycle: 250884
Register Write to Reg: 0x05 Val: 0x804F3000
In clock cycle: 250885
Register Write to Reg: 0x06 Val: 0x004F4004
In clock cycle: 250886
Register Write to Reg: 0x07 Val: 0x804F5008
In clock cycle: 251908
Register Write to Reg: 0x05 Val: 0x804F4000
In clock cycle: 251909
Register Write to Reg: 0x06 Val: 0x004F5004
In clock cycle: 251910
Register Write to Reg: 0x07 Val: 0x804F6008
In clock cycle: 252932
Register Write to Reg: 0x05 Val: 0x804F5000
In clock cycle: 252933
Register Write to Reg: 0x06 Val: 0x004F6004
In clock cycle: 252934
Register Write to Reg: 0x07 Val: 0x804F7008
In clock cycle: 253956
Register Write to Reg: 0x05 Val: 0x804F6000
In clock cycle: 253957
Register Write to Reg: 0x06 Val: 0x004F7004
In clock cycle: 253958
Register Write to Reg: 0x07 Val: 0x804F8008
In clock cycle: 254980
Register Write to Reg: 0x05 Val: 0x804F7000
In clock cycle: 254981
Register Write to Reg: 0x06 Val: 0x004F8004
In clock cycle: 254982
Register Write to Reg: 0x07 Val: 0x804F9008
In clock cycle: 256004
Register Write to Reg: 0x05 Val: 0x804F8000
In clock cycle: 256005
Register Write to Reg: 0x06 Val: 0x004F9004
In clock cycle: 256006
Register Write to Reg: 0x07 Val: 0x804FA008
In clock cycle: 257028
Register Write to Reg: 0x05 Val: 0x804F9000
In clock cycle: 257029
Register Write to Reg: 0x06 Val: 0x004FA004
In clock cycle: 257030
Register Write to Reg: 0x07 Val: 0x804FB008
In clock cycle: 258052
Register Write to Reg: 0x05 Val: 0x804FA000
In clock cycle: 258053
Register Write to Reg: 0x06 Val: 0x004FB004
In clock cycle: 258054
Register Write to Reg: 0x07 Val: 0x804FC008
In clock cycle: 259076
Register Write to Reg: 0x05 Val: 0x804FB000
In clock cycle: 259077
Register Write to Reg: 0x06 Val: 0x004FC004
In clock cycle: 259078
Register Write to Reg: 0x07 Val: 0x804FD008
In clock cycle: 260100
Register Write to Reg: 0x05 Val: 0x804FC000
In clock cycle: 260101
Register Write to Reg: 0x06 Val: 0x004FD004
In clock cycle: 260102
Register Write to Reg: 0x07 Val: 0x804FE008
In clock cycle: 261124
Register Write to Reg: 0x05 Val: 0x804FD000
In clock cycle: 261125
Register Write to Reg: 0x06 Val: 0x004FE004
In clock cycle: 261126
Register Write to Reg: 0x07 Val: 0x804FF008
In clock cycle: 262148
Register Write to Reg: 0x05 Val: 0x804FE000
In clock cycle: 262149
Register Write to Reg: 0x06 Val: 0x004FF004
In clock cycle: 262150
Register Write to Reg: 0x07 Val: 0x80500008
In clock cycle: 263172
Register Write to Reg: 0x05 Val: 0x804FF000
In clock cycle: 263173
Register Write to Reg: 0x06 Val: 0x00500004
In clock cycle: 263174
Register Write to Reg: 0x07 Val: 0x80501008
In clock cycle: 264196
Register Write to Reg: 0x05 Val: 0x80500000
In clock cycle: 264197
Register Write to Reg: 0x06 Val: 0x00501004
In clock cycle: 264198
Register Write to Reg: 0x07 Val: 0x80502008
In clock cycle: 265220
Register Write to Reg: 0x05 Val: 0x80501000
In clock cycle: 265221
Register Write to Reg: 0x06 Val: 0x00502004
In clock cycle: 265222
Register Write to Reg: 0x07 Val: 0x80503008
In clock cycle: 266244
Register Write to Reg: 0x05 Val: 0x80502000
In clock cycle: 266245
Register Write to Reg: 0x06 Val: 0x00503004
In clock cycle: 266246
Register Write to Reg: 0x07 Val: 0x80504008
In clock cycle: 267268
Register Write to Reg: 0x05 Val: 0x80503000
In clock cycle: 267269
Register Write to Reg: 0x06 Val: 0x00504004
In clock cycle: 267270
Register Write to Reg: 0x07 Val: 0x80505008
In clock cycle: 268292
Register Write to Reg: 0x05 Val: 0x80504000
In clock cycle: 268293
Register Write to Reg: 0x06 Val: 0x00505004
In clock cycle: 268294
Register Write to Reg: 0x07 Val: 0x80506008
In clock cycle: 269316
Register Write to Reg: 0x05 Val: 0x80505000
In clock cycle: 269317
Register Write to Reg: 0x06 Val: 0x00506004
In clock cycle: 269318
Register Write to Reg: 0x07 Val: 0x80507008
In clock cycle: 270340
Register Write to Reg: 0x05 Val: 0x80506000
In clock cycle: 270341
Register Write to Reg: 0x06 Val: 0x00507004
In clock cycle: 270342
Register Write to Reg: 0x07 Val: 0x80508008
In clock cycle: 271364
Register Write to Reg: 0x05 Val: 0x80507000
In clock cycle: 271365
Register Write to Reg: 0x06 Val: 0x00508004
In clock cycle: 271366
Register Write to Reg: 0x07 Val: 0x80509008
In clock cycle: 272388
Register Write to Reg: 0x05 Val: 0x80508000
In clock cycle: 272389
Register Write to Reg: 0x06 Val: 0x00509004
In clock cycle: 272390
Register Write to Reg: 0x07 Val: 0x8050A008
In clock cycle: 273412
Register Write to Reg: 0x05 Val: 0x80509000
In clock cycle: 273413
Register Write to Reg: 0x06 Val: 0x0050A004
In clock cycle: 273414
Register Write to Reg: 0x07 Val: 0x8050B008
In clock cycle: 274436
Register Write to Reg: 0x05 Val: 0x8050A000
In clock cycle: 274437
Register Write to Reg: 0x06 Val: 0x0050B004
In clock cycle: 274438
Register Write to Reg: 0x07 Val: 0x8050C008
In clock cycle: 275460
Register Write to Reg: 0x05 Val: 0x8050B000
In clock cycle: 275461
Register Write to Reg: 0x06 Val: 0x0050C004
In clock cycle: 275462
Register Write to Reg: 0x07 Val: 0x8050D008
In clock cycle: 276484
Register Write to Reg: 0x05 Val: 0x8050C000
In clock cycle: 276485
Register Write to Reg: 0x06 Val: 0x0050D004
In clock cycle: 276486
Register Write to Reg: 0x07 Val: 0x8050E008
In clock cycle: 277508
Register Write to Reg: 0x05 Val: 0x8050D000
In clock cycle: 277509
Register Write to Reg: 0x06 Val: 0x0050E004
In clock cycle: 277510
Register Write to Reg: 0x07 Val: 0x8050F008
In clock cycle: 278532
Register Write to Reg: 0x05 Val: 0x8050E000
In clock cycle: 278533
Register Write to Reg: 0x06 Val: 0x0050F004
In clock cycle: 278534
Register Write to Reg: 0x07 Val: 0x80510008
In clock cycle: 279556
Register Write to Reg: 0x05 Val: 0x8050F000
In clock cycle: 279557
Register Write to Reg: 0x06 Val: 0x00510004
In clock cycle: 279558
Register Write to Reg: 0x07 Val: 0x80511008
In clock cycle: 280580
Register Write to Reg: 0x05 Val: 0x80510000
In clock cycle: 280581
Register Write to Reg: 0x06 Val: 0x00511004
In clock cycle: 280582
Register Write to Reg: 0x07 Val: 0x80512008
In clock cycle: 281604
Register Write to Reg: 0x05 Val: 0x80511000
In clock cycle: 281605
Register Write to Reg: 0x06 Val: 0x00512004
In clock cycle: 281606
Register Write to Reg: 0x07 Val: 0x80513008
In clock cycle: 282628
Register Write to Reg: 0x05 Val: 0x80512000
In clock cycle: 282629
Register Write to Reg: 0x06 Val: 0x00513004
In clock cycle: 282630
Register Write to Reg: 0x07 Val: 0x80514008
In clock cycle: 283652
Register Write to Reg: 0x05 Val: 0x80513000
In clock cycle: 283653
Register Write to Reg: 0x06 Val: 0x00514004
In clock cycle: 283654
Register Write to Reg: 0x07 Val: 0x80515008
In clock cycle: 284676
Register Write to Reg: 0x05 Val: 0x80514000
In clock cycle: 284677
Register Write to Reg: 0x06 Val: 0x00515004
In clock cycle: 284678
Register Write to Reg: 0x07 Val: 0x80516008
In clock cycle: 285700
Register Write to Reg: 0x05 Val: 0x80515000
In clock cycle: 285701
Register Write to Reg: 0x06 Val: 0x00516004
In clock cycle: 285702
Register Write to Reg: 0x07 Val: 0x80517008
In clock cycle: 286724
Register Write to Reg: 0x05 Val: 0x80516000
In clock cycle: 286725
Register Write to Reg: 0x06 Val: 0x00517004
In clock cycle: 286726
Register Write to Reg: 0x07 Val: 0x80518008
In clock cycle: 287748
Register Write to Reg: 0x05 Val: 0x80517000
In clock cycle: 287749
Register Write to Reg: 0x06 Val: 0x00518004
In clock cycle: 287750
Register Write to Reg: 0x07 Val: 0x80519008
In clock cycle: 288772
Register Write to Reg: 0x05 Val: 0x80518000
In clock cycle: 288773
Register Write to Reg: 0x06 Val: 0x00519004
In clock cycle: 288774
Register Write to Reg: 0x07 Val: 0x8051A008
In clock cycle: 289796
Register Write to Reg: 0x05 Val: 0x80519000
In clock cycle: 289797
Register Write to Reg: 0x06 Val: 0x0051A004
In clock cycle: 289798
Register Write to Reg: 0x07 Val: 0x8051B008
In clock cycle: 290820
Register Write to Reg: 0x05 Val: 0x8051A000
In clock cycle: 290821
Register Write to Reg: 0x06 Val: 0x0051B004
In clock cycle: 290822
Register Write to Reg: 0x07 Val: 0x8051C008
In clock cycle: 291844
Register Write to Reg: 0x05 Val: 0x8051B000
In clock cycle: 291845
Register Write to Reg: 0x06 Val: 0x0051C004
In clock cycle: 291846
Register Write to Reg: 0x07 Val: 0x8051D008
In clock cycle: 292868
Register Write to Reg: 0x05 Val: 0x8051C000
In clock cycle: 292869
Register Write to Reg: 0x06 Val: 0x0051D004
In clock cycle: 292870
Register Write to Reg: 0x07 Val: 0x8051E008
In clock cycle: 293892
Register Write to Reg: 0x05 Val: 0x8051D000
In clock cycle: 293893
Register Write to Reg: 0x06 Val: 0x0051E004
In clock cycle: 293894
Register Write to Reg: 0x07 Val: 0x8051F008
In clock cycle: 294916
Register Write to Reg: 0x05 Val: 0x8051E000
In clock cycle: 294917
Register Write to Reg: 0x06 Val: 0x0051F004
In clock cycle: 294918
Register Write to Reg: 0x07 Val: 0x80520008
In clock cycle: 295940
Register Write to Reg: 0x05 Val: 0x8051F000
In clock cycle: 295941
Register Write to Reg: 0x06 Val: 0x00520004
In clock cycle: 295942
Register Write to Reg: 0x07 Val: 0x80521008
In clock cycle: 296964
Register Write to Reg: 0x05 Val: 0x80520000
In clock cycle: 296965
Register Write to Reg: 0x06 Val: 0x00521004
In clock cycle: 296966
Register Write to Reg: 0x07 Val: 0x80522008
In clock cycle: 297988
Register Write to Reg: 0x05 Val: 0x80521000
In clock cycle: 297989
Register Write to Reg: 0x06 Val: 0x00522004
In clock cycle: 297990
Register Write to Reg: 0x07 Val: 0x80523008
In clock cycle: 299012
Register Write to Reg: 0x05 Val: 0x80522000
In clock cycle: 299013
Register Write to Reg: 0x06 Val: 0x00523004
In clock cycle: 299014
Register Write to Reg: 0x07 Val: 0x80524008
In clock cycle: 300036
Register Write to Reg: 0x05 Val: 0x80523000
In clock cycle: 300037
Register Write to Reg: 0x06 Val: 0x00524004
In clock cycle: 300038
Register Write to Reg: 0x07 Val: 0x80525008
In clock cycle: 301060
Register Write to Reg: 0x05 Val: 0x80524000
In clock cycle: 301061
Register Write to Reg: 0x06 Val: 0x00525004
In clock cycle: 301062
Register Write to Reg: 0x07 Val: 0x80526008
In clock cycle: 302084
Register Write to Reg: 0x05 Val: 0x80525000
In clock cycle: 302085
Register Write to Reg: 0x06 Val: 0x00526004
In clock cycle: 302086
Register Write to Reg: 0x07 Val: 0x80527008
In clock cycle: 303108
Register Write to Reg: 0x05 Val: 0x80526000
In clock cycle: 303109
Register Write to Reg: 0x06 Val: 0x00527004
In clock cycle: 303110
Register Write to Reg: 0x07 Val: 0x80528008
In clock cycle: 304132
Register Write to Reg: 0x05 Val: 0x80527000
In clock cycle: 304133
Register Write to Reg: 0x06 Val: 0x00528004
In clock cycle: 304134
Register Write to Reg: 0x07 Val: 0x80529008
In clock cycle: 305156
Register Write to Reg: 0x05 Val: 0x80528000
In clock cycle: 305157
Register Write to Reg: 0x06 Val: 0x00529004
In clock cycle: 305158
Register Write to Reg: 0x07 Val: 0x8052A008
In clock cycle: 306180
Register Write to Reg: 0x05 Val: 0x80529000
In clock cycle: 306181
Register Write to Reg: 0x06 Val: 0x0052A004
In clock cycle: 306182
Register Write to Reg: 0x07 Val: 0x8052B008
In clock cycle: 307204
Register Write to Reg: 0x05 Val: 0x8052A000
In clock cycle: 307205
Register Write to Reg: 0x06 Val: 0x0052B004
In clock cycle: 307206
Register Write to Reg: 0x07 Val: 0x8052C008
In clock cycle: 308228
Register Write to Reg: 0x05 Val: 0x8052B000
In clock cycle: 308229
Register Write to Reg: 0x06 Val: 0x0052C004
In clock cycle: 308230
Register Write to Reg: 0x07 Val: 0x8052D008
In clock cycle: 309252
Register Write to Reg: 0x05 Val: 0x8052C000
In clock cycle: 309253
Register Write to Reg: 0x06 Val: 0x0052D004
In clock cycle: 309254
Register Write to Reg: 0x07 Val: 0x8052E008
In clock cycle: 310276
Register Write to Reg: 0x05 Val: 0x8052D000
In clock cycle: 310277
Register Write to Reg: 0x06 Val: 0x0052E004
In clock cycle: 310278
Register Write to Reg: 0x07 Val: 0x8052F008
In clock cycle: 311300
Register Write to Reg: 0x05 Val: 0x8052E000
In clock cycle: 311301
Register Write to Reg: 0x06 Val: 0x0052F004
In clock cycle: 311302
Register Write to Reg: 0x07 Val: 0x80530008
In clock cycle: 312324
Register Write to Reg: 0x05 Val: 0x8052F000
In clock cycle: 312325
Register Write to Reg: 0x06 Val: 0x00530004
In clock cycle: 312326
Register Write to Reg: 0x07 Val: 0x80531008
In clock cycle: 313348
Register Write to Reg: 0x05 Val: 0x80530000
In clock cycle: 313349
Register Write to Reg: 0x06 Val: 0x00531004
In clock cycle: 313350
Register Write to Reg: 0x07 Val: 0x80532008
In clock cycle: 314372
Register Write to Reg: 0x05 Val: 0x80531000
In clock cycle: 314373
Register Write to Reg: 0x06 Val: 0x00532004
In clock cycle: 314374
Register Write to Reg: 0x07 Val: 0x80533008
In clock cycle: 315396
Register Write to Reg: 0x05 Val: 0x80532000
In clock cycle: 315397
Register Write to Reg: 0x06 Val: 0x00533004
In clock cycle: 315398
Register Write to Reg: 0x07 Val: 0x80534008
In clock cycle: 316420
Register Write to Reg: 0x05 Val: 0x80533000
In clock cycle: 316421
Register Write to Reg: 0x06 Val: 0x00534004
In clock cycle: 316422
Register Write to Reg: 0x07 Val: 0x80535008
In clock cycle: 317444
Register Write to Reg: 0x05 Val: 0x80534000
In clock cycle: 317445
Register Write to Reg: 0x06 Val: 0x00535004
In clock cycle: 317446
Register Write to Reg: 0x07 Val: 0x80536008
In clock cycle: 318468
Register Write to Reg: 0x05 Val: 0x80535000
In clock cycle: 318469
Register Write to Reg: 0x06 Val: 0x00536004
In clock cycle: 318470
Register Write to Reg: 0x07 Val: 0x80537008
In clock cycle: 319492
Register Write to Reg: 0x05 Val: 0x80536000
In clock cycle: 319493
Register Write to Reg: 0x06 Val: 0x00537004
In clock cycle: 319494
Register Write to Reg: 0x07 Val: 0x80538008
In clock cycle: 320516
Register Write to Reg: 0x05 Val: 0x80537000
In clock cycle: 320517
Register Write to Reg: 0x06 Val: 0x00538004
In clock cycle: 320518
Register Write to Reg: 0x07 Val: 0x80539008
In clock cycle: 321540
Register Write to Reg: 0x05 Val: 0x80538000
In clock cycle: 321541
Register Write to Reg: 0x06 Val: 0x00539004
In clock cycle: 321542
Register Write to Reg: 0x07 Val: 0x8053A008
In clock cycle: 322564
Register Write to Reg: 0x05 Val: 0x80539000
In clock cycle: 322565
Register Write to Reg: 0x06 Val: 0x0053A004
In clock cycle: 322566
Register Write to Reg: 0x07 Val: 0x8053B008
In clock cycle: 323588
Register Write to Reg: 0x05 Val: 0x8053A000
In clock cycle: 323589
Register Write to Reg: 0x06 Val: 0x0053B004
In clock cycle: 323590
Register Write to Reg: 0x07 Val: 0x8053C008
In clock cycle: 324612
Register Write to Reg: 0x05 Val: 0x8053B000
In clock cycle: 324613
Register Write to Reg: 0x06 Val: 0x0053C004
In clock cycle: 324614
Register Write to Reg: 0x07 Val: 0x8053D008
In clock cycle: 325636
Register Write to Reg: 0x05 Val: 0x8053C000
In clock cycle: 325637
Register Write to Reg: 0x06 Val: 0x0053D004
In clock cycle: 325638
Register Write to Reg: 0x07 Val: 0x8053E008
In clock cycle: 326660
Register Write to Reg: 0x05 Val: 0x8053D000
In clock cycle: 326661
Register Write to Reg: 0x06 Val: 0x0053E004
In clock cycle: 326662
Register Write to Reg: 0x07 Val: 0x8053F008
In clock cycle: 327684
Register Write to Reg: 0x05 Val: 0x8053E000
In clock cycle: 327685
Register Write to Reg: 0x06 Val: 0x0053F004
In clock cycle: 327686
Register Write to Reg: 0x07 Val: 0x80540008
In clock cycle: 328708
Register Write to Reg: 0x05 Val: 0x8053F000
In clock cycle: 328709
Register Write to Reg: 0x06 Val: 0x00540004
In clock cycle: 328710
Register Write to Reg: 0x07 Val: 0x80541008
In clock cycle: 329732
Register Write to Reg: 0x05 Val: 0x80540000
In clock cycle: 329733
Register Write to Reg: 0x06 Val: 0x00541004
In clock cycle: 329734
Register Write to Reg: 0x07 Val: 0x80542008
In clock cycle: 330756
Register Write to Reg: 0x05 Val: 0x80541000
In clock cycle: 330757
Register Write to Reg: 0x06 Val: 0x00542004
In clock cycle: 330758
Register Write to Reg: 0x07 Val: 0x80543008
In clock cycle: 331780
Register Write to Reg: 0x05 Val: 0x80542000
In clock cycle: 331781
Register Write to Reg: 0x06 Val: 0x00543004
In clock cycle: 331782
Register Write to Reg: 0x07 Val: 0x80544008
In clock cycle: 332804
Register Write to Reg: 0x05 Val: 0x80543000
In clock cycle: 332805
Register Write to Reg: 0x06 Val: 0x00544004
In clock cycle: 332806
Register Write to Reg: 0x07 Val: 0x80545008
In clock cycle: 333828
Register Write to Reg: 0x05 Val: 0x80544000
In clock cycle: 333829
Register Write to Reg: 0x06 Val: 0x00545004
In clock cycle: 333830
Register Write to Reg: 0x07 Val: 0x80546008
In clock cycle: 334852
Register Write to Reg: 0x05 Val: 0x80545000
In clock cycle: 334853
Register Write to Reg: 0x06 Val: 0x00546004
In clock cycle: 334854
Register Write to Reg: 0x07 Val: 0x80547008
In clock cycle: 335876
Register Write to Reg: 0x05 Val: 0x80546000
In clock cycle: 335877
Register Write to Reg: 0x06 Val: 0x00547004
In clock cycle: 335878
Register Write to Reg: 0x07 Val: 0x80548008
In clock cycle: 336900
Register Write to Reg: 0x05 Val: 0x80547000
In clock cycle: 336901
Register Write to Reg: 0x06 Val: 0x00548004
In clock cycle: 336902
Register Write to Reg: 0x07 Val: 0x80549008
In clock cycle: 337924
Register Write to Reg: 0x05 Val: 0x80548000
In clock cycle: 337925
Register Write to Reg: 0x06 Val: 0x00549004
In clock cycle: 337926
Register Write to Reg: 0x07 Val: 0x8054A008
In clock cycle: 338948
Register Write to Reg: 0x05 Val: 0x80549000
In clock cycle: 338949
Register Write to Reg: 0x06 Val: 0x0054A004
In clock cycle: 338950
Register Write to Reg: 0x07 Val: 0x8054B008
In clock cycle: 339972
Register Write to Reg: 0x05 Val: 0x8054A000
In clock cycle: 339973
Register Write to Reg: 0x06 Val: 0x0054B004
In clock cycle: 339974
Register Write to Reg: 0x07 Val: 0x8054C008
In clock cycle: 340996
Register Write to Reg: 0x05 Val: 0x8054B000
In clock cycle: 340997
Register Write to Reg: 0x06 Val: 0x0054C004
In clock cycle: 340998
Register Write to Reg: 0x07 Val: 0x8054D008
In clock cycle: 342020
Register Write to Reg: 0x05 Val: 0x8054C000
In clock cycle: 342021
Register Write to Reg: 0x06 Val: 0x0054D004
In clock cycle: 342022
Register Write to Reg: 0x07 Val: 0x8054E008
In clock cycle: 343044
Register Write to Reg: 0x05 Val: 0x8054D000
In clock cycle: 343045
Register Write to Reg: 0x06 Val: 0x0054E004
In clock cycle: 343046
Register Write to Reg: 0x07 Val: 0x8054F008
In clock cycle: 344068
Register Write to Reg: 0x05 Val: 0x8054E000
In clock cycle: 344069
Register Write to Reg: 0x06 Val: 0x0054F004
In clock cycle: 344070
Register Write to Reg: 0x07 Val: 0x80550008
In clock cycle: 345092
Register Write to Reg: 0x05 Val: 0x8054F000
In clock cycle: 345093
Register Write to Reg: 0x06 Val: 0x00550004
In clock cycle: 345094
Register Write to Reg: 0x07 Val: 0x80551008
In clock cycle: 346116
Register Write to Reg: 0x05 Val: 0x80550000
In clock cycle: 346117
Register Write to Reg: 0x06 Val: 0x00551004
In clock cycle: 346118
Register Write to Reg: 0x07 Val: 0x80552008
In clock cycle: 347140
Register Write to Reg: 0x05 Val: 0x80551000
In clock cycle: 347141
Register Write to Reg: 0x06 Val: 0x00552004
In clock cycle: 347142
Register Write to Reg: 0x07 Val: 0x80553008
In clock cycle: 348164
Register Write to Reg: 0x05 Val: 0x80552000
In clock cycle: 348165
Register Write to Reg: 0x06 Val: 0x00553004
In clock cycle: 348166
Register Write to Reg: 0x07 Val: 0x80554008
In clock cycle: 349188
Register Write to Reg: 0x05 Val: 0x80553000
In clock cycle: 349189
Register Write to Reg: 0x06 Val: 0x00554004
In clock cycle: 349190
Register Write to Reg: 0x07 Val: 0x80555008
In clock cycle: 350212
Register Write to Reg: 0x05 Val: 0x80554000
In clock cycle: 350213
Register Write to Reg: 0x06 Val: 0x00555004
In clock cycle: 350214
Register Write to Reg: 0x07 Val: 0x80556008
In clock cycle: 351236
Register Write to Reg: 0x05 Val: 0x80555000
In clock cycle: 351237
Register Write to Reg: 0x06 Val: 0x00556004
In clock cycle: 351238
Register Write to Reg: 0x07 Val: 0x80557008
In clock cycle: 352260
Register Write to Reg: 0x05 Val: 0x80556000
In clock cycle: 352261
Register Write to Reg: 0x06 Val: 0x00557004
In clock cycle: 352262
Register Write to Reg: 0x07 Val: 0x80558008
In clock cycle: 353284
Register Write to Reg: 0x05 Val: 0x80557000
In clock cycle: 353285
Register Write to Reg: 0x06 Val: 0x00558004
In clock cycle: 353286
Register Write to Reg: 0x07 Val: 0x80559008
In clock cycle: 354308
Register Write to Reg: 0x05 Val: 0x80558000
In clock cycle: 354309
Register Write to Reg: 0x06 Val: 0x00559004
In clock cycle: 354310
Register Write to Reg: 0x07 Val: 0x8055A008
In clock cycle: 355332
Register Write to Reg: 0x05 Val: 0x80559000
In clock cycle: 355333
Register Write to Reg: 0x06 Val: 0x0055A004
In clock cycle: 355334
Register Write to Reg: 0x07 Val: 0x8055B008
In clock cycle: 356356
Register Write to Reg: 0x05 Val: 0x8055A000
In clock cycle: 356357
Register Write to Reg: 0x06 Val: 0x0055B004
In clock cycle: 356358
Register Write to Reg: 0x07 Val: 0x8055C008
In clock cycle: 357380
Register Write to Reg: 0x05 Val: 0x8055B000
In clock cycle: 357381
Register Write to Reg: 0x06 Val: 0x0055C004
In clock cycle: 357382
Register Write to Reg: 0x07 Val: 0x8055D008
In clock cycle: 358404
Register Write to Reg: 0x05 Val: 0x8055C000
In clock cycle: 358405
Register Write to Reg: 0x06 Val: 0x0055D004
In clock cycle: 358406
Register Write to Reg: 0x07 Val: 0x8055E008
In clock cycle: 359428
Register Write to Reg: 0x05 Val: 0x8055D000
In clock cycle: 359429
Register Write to Reg: 0x06 Val: 0x0055E004
In clock cycle: 359430
Register Write to Reg: 0x07 Val: 0x8055F008
In clock cycle: 360452
Register Write to Reg: 0x05 Val: 0x8055E000
In clock cycle: 360453
Register Write to Reg: 0x06 Val: 0x0055F004
In clock cycle: 360454
Register Write to Reg: 0x07 Val: 0x80560008
In clock cycle: 361476
Register Write to Reg: 0x05 Val: 0x8055F000
In clock cycle: 361477
Register Write to Reg: 0x06 Val: 0x00560004
In clock cycle: 361478
Register Write to Reg: 0x07 Val: 0x80561008
In clock cycle: 362500
Register Write to Reg: 0x05 Val: 0x80560000
In clock cycle: 362501
Register Write to Reg: 0x06 Val: 0x00561004
In clock cycle: 362502
Register Write to Reg: 0x07 Val: 0x80562008
In clock cycle: 363524
Register Write to Reg: 0x05 Val: 0x80561000
In clock cycle: 363525
Register Write to Reg: 0x06 Val: 0x00562004
In clock cycle: 363526
Register Write to Reg: 0x07 Val: 0x80563008
In clock cycle: 364548
Register Write to Reg: 0x05 Val: 0x80562000
In clock cycle: 364549
Register Write to Reg: 0x06 Val: 0x00563004
In clock cycle: 364550
Register Write to Reg: 0x07 Val: 0x80564008
In clock cycle: 365572
Register Write to Reg: 0x05 Val: 0x80563000
In clock cycle: 365573
Register Write to Reg: 0x06 Val: 0x00564004
In clock cycle: 365574
Register Write to Reg: 0x07 Val: 0x80565008
In clock cycle: 366596
Register Write to Reg: 0x05 Val: 0x80564000
In clock cycle: 366597
Register Write to Reg: 0x06 Val: 0x00565004
In clock cycle: 366598
Register Write to Reg: 0x07 Val: 0x80566008
In clock cycle: 367620
Register Write to Reg: 0x05 Val: 0x80565000
In clock cycle: 367621
Register Write to Reg: 0x06 Val: 0x00566004
In clock cycle: 367622
Register Write to Reg: 0x07 Val: 0x80567008
In clock cycle: 368644
Register Write to Reg: 0x05 Val: 0x80566000
In clock cycle: 368645
Register Write to Reg: 0x06 Val: 0x00567004
In clock cycle: 368646
Register Write to Reg: 0x07 Val: 0x80568008
In clock cycle: 369668
Register Write to Reg: 0x05 Val: 0x80567000
In clock cycle: 369669
Register Write to Reg: 0x06 Val: 0x00568004
In clock cycle: 369670
Register Write to Reg: 0x07 Val: 0x80569008
In clock cycle: 370692
Register Write to Reg: 0x05 Val: 0x80568000
In clock cycle: 370693
Register Write to Reg: 0x06 Val: 0x00569004
In clock cycle: 370694
Register Write to Reg: 0x07 Val: 0x8056A008
In clock cycle: 371716
Register Write to Reg: 0x05 Val: 0x80569000
In clock cycle: 371717
Register Write to Reg: 0x06 Val: 0x0056A004
In clock cycle: 371718
Register Write to Reg: 0x07 Val: 0x8056B008
In clock cycle: 372740
Register Write to Reg: 0x05 Val: 0x8056A000
In clock cycle: 372741
Register Write to Reg: 0x06 Val: 0x0056B004
In clock cycle: 372742
Register Write to Reg: 0x07 Val: 0x8056C008
In clock cycle: 373764
Register Write to Reg: 0x05 Val: 0x8056B000
In clock cycle: 373765
Register Write to Reg: 0x06 Val: 0x0056C004
In clock cycle: 373766
Register Write to Reg: 0x07 Val: 0x8056D008
In clock cycle: 374788
Register Write to Reg: 0x05 Val: 0x8056C000
In clock cycle: 374789
Register Write to Reg: 0x06 Val: 0x0056D004
In clock cycle: 374790
Register Write to Reg: 0x07 Val: 0x8056E008
In clock cycle: 375812
Register Write to Reg: 0x05 Val: 0x8056D000
In clock cycle: 375813
Register Write to Reg: 0x06 Val: 0x0056E004
In clock cycle: 375814
Register Write to Reg: 0x07 Val: 0x8056F008
In clock cycle: 376836
Register Write to Reg: 0x05 Val: 0x8056E000
In clock cycle: 376837
Register Write to Reg: 0x06 Val: 0x0056F004
In clock cycle: 376838
Register Write to Reg: 0x07 Val: 0x80570008
In clock cycle: 377860
Register Write to Reg: 0x05 Val: 0x8056F000
In clock cycle: 377861
Register Write to Reg: 0x06 Val: 0x00570004
In clock cycle: 377862
Register Write to Reg: 0x07 Val: 0x80571008
In clock cycle: 378884
Register Write to Reg: 0x05 Val: 0x80570000
In clock cycle: 378885
Register Write to Reg: 0x06 Val: 0x00571004
In clock cycle: 378886
Register Write to Reg: 0x07 Val: 0x80572008
In clock cycle: 379908
Register Write to Reg: 0x05 Val: 0x80571000
In clock cycle: 379909
Register Write to Reg: 0x06 Val: 0x00572004
In clock cycle: 379910
Register Write to Reg: 0x07 Val: 0x80573008
In clock cycle: 380932
Register Write to Reg: 0x05 Val: 0x80572000
In clock cycle: 380933
Register Write to Reg: 0x06 Val: 0x00573004
In clock cycle: 380934
Register Write to Reg: 0x07 Val: 0x80574008
In clock cycle: 381956
Register Write to Reg: 0x05 Val: 0x80573000
In clock cycle: 381957
Register Write to Reg: 0x06 Val: 0x00574004
In clock cycle: 381958
Register Write to Reg: 0x07 Val: 0x80575008
In clock cycle: 382980
Register Write to Reg: 0x05 Val: 0x80574000
In clock cycle: 382981
Register Write to Reg: 0x06 Val: 0x00575004
In clock cycle: 382982
Register Write to Reg: 0x07 Val: 0x80576008
In clock cycle: 384004
Register Write to Reg: 0x05 Val: 0x80575000
In clock cycle: 384005
Register Write to Reg: 0x06 Val: 0x00576004
In clock cycle: 384006
Register Write to Reg: 0x07 Val: 0x80577008
In clock cycle: 385028
Register Write to Reg: 0x05 Val: 0x80576000
In clock cycle: 385029
Register Write to Reg: 0x06 Val: 0x00577004
In clock cycle: 385030
Register Write to Reg: 0x07 Val: 0x80578008
In clock cycle: 386052
Register Write to Reg: 0x05 Val: 0x80577000
In clock cycle: 386053
Register Write to Reg: 0x06 Val: 0x00578004
In clock cycle: 386054
Register Write to Reg: 0x07 Val: 0x80579008
In clock cycle: 387076
Register Write to Reg: 0x05 Val: 0x80578000
In clock cycle: 387077
Register Write to Reg: 0x06 Val: 0x00579004
In clock cycle: 387078
Register Write to Reg: 0x07 Val: 0x8057A008
In clock cycle: 388100
Register Write to Reg: 0x05 Val: 0x80579000
In clock cycle: 388101
Register Write to Reg: 0x06 Val: 0x0057A004
In clock cycle: 388102
Register Write to Reg: 0x07 Val: 0x8057B008
In clock cycle: 389124
Register Write to Reg: 0x05 Val: 0x8057A000
In clock cycle: 389125
Register Write to Reg: 0x06 Val: 0x0057B004
In clock cycle: 389126
Register Write to Reg: 0x07 Val: 0x8057C008
In clock cycle: 390148
Register Write to Reg: 0x05 Val: 0x8057B000
In clock cycle: 390149
Register Write to Reg: 0x06 Val: 0x0057C004
In clock cycle: 390150
Register Write to Reg: 0x07 Val: 0x8057D008
In clock cycle: 391172
Register Write to Reg: 0x05 Val: 0x8057C000
In clock cycle: 391173
Register Write to Reg: 0x06 Val: 0x0057D004
In clock cycle: 391174
Register Write to Reg: 0x07 Val: 0x8057E008
In clock cycle: 392196
Register Write to Reg: 0x05 Val: 0x8057D000
In clock cycle: 392197
Register Write to Reg: 0x06 Val: 0x0057E004
In clock cycle: 392198
Register Write to Reg: 0x07 Val: 0x8057F008
In clock cycle: 393220
Register Write to Reg: 0x05 Val: 0x8057E000
In clock cycle: 393221
Register Write to Reg: 0x06 Val: 0x0057F004
In clock cycle: 393222
Register Write to Reg: 0x07 Val: 0x80580008
In clock cycle: 394244
Register Write to Reg: 0x05 Val: 0x8057F000
In clock cycle: 394245
Register Write to Reg: 0x06 Val: 0x00580004
In clock cycle: 394246
Register Write to Reg: 0x07 Val: 0x80581008
In clock cycle: 395268
Register Write to Reg: 0x05 Val: 0x80580000
In clock cycle: 395269
Register Write to Reg: 0x06 Val: 0x00581004
In clock cycle: 395270
Register Write to Reg: 0x07 Val: 0x80582008
In clock cycle: 396292
Register Write to Reg: 0x05 Val: 0x80581000
In clock cycle: 396293
Register Write to Reg: 0x06 Val: 0x00582004
In clock cycle: 396294
Register Write to Reg: 0x07 Val: 0x80583008
In clock cycle: 397316
Register Write to Reg: 0x05 Val: 0x80582000
In clock cycle: 397317
Register Write to Reg: 0x06 Val: 0x00583004
In clock cycle: 397318
Register Write to Reg: 0x07 Val: 0x80584008
In clock cycle: 398340
Register Write to Reg: 0x05 Val: 0x80583000
In clock cycle: 398341
Register Write to Reg: 0x06 Val: 0x00584004
In clock cycle: 398342
Register Write to Reg: 0x07 Val: 0x80585008
In clock cycle: 399364
Register Write to Reg: 0x05 Val: 0x80584000
In clock cycle: 399365
Register Write to Reg: 0x06 Val: 0x00585004
In clock cycle: 399366
Register Write to Reg: 0x07 Val: 0x80586008
In clock cycle: 400388
Register Write to Reg: 0x05 Val: 0x80585000
In clock cycle: 400389
Register Write to Reg: 0x06 Val: 0x00586004
In clock cycle: 400390
Register Write to Reg: 0x07 Val: 0x80587008
In clock cycle: 401412
Register Write to Reg: 0x05 Val: 0x80586000
In clock cycle: 401413
Register Write to Reg: 0x06 Val: 0x00587004
In clock cycle: 401414
Register Write to Reg: 0x07 Val: 0x80588008
In clock cycle: 402436
Register Write to Reg: 0x05 Val: 0x80587000
In clock cycle: 402437
Register Write to Reg: 0x06 Val: 0x00588004
In clock cycle: 402438
Register Write to Reg: 0x07 Val: 0x80589008
In clock cycle: 403460
Register Write to Reg: 0x05 Val: 0x80588000
In clock cycle: 403461
Register Write to Reg: 0x06 Val: 0x00589004
In clock cycle: 403462
Register Write to Reg: 0x07 Val: 0x8058A008
In clock cycle: 404484
Register Write to Reg: 0x05 Val: 0x80589000
In clock cycle: 404485
Register Write to Reg: 0x06 Val: 0x0058A004
In clock cycle: 404486
Register Write to Reg: 0x07 Val: 0x8058B008
In clock cycle: 405508
Register Write to Reg: 0x05 Val: 0x8058A000
In clock cycle: 405509
Register Write to Reg: 0x06 Val: 0x0058B004
In clock cycle: 405510
Register Write to Reg: 0x07 Val: 0x8058C008
In clock cycle: 406532
Register Write to Reg: 0x05 Val: 0x8058B000
In clock cycle: 406533
Register Write to Reg: 0x06 Val: 0x0058C004
In clock cycle: 406534
Register Write to Reg: 0x07 Val: 0x8058D008
In clock cycle: 407556
Register Write to Reg: 0x05 Val: 0x8058C000
In clock cycle: 407557
Register Write to Reg: 0x06 Val: 0x0058D004
In clock cycle: 407558
Register Write to Reg: 0x07 Val: 0x8058E008
In clock cycle: 408580
Register Write to Reg: 0x05 Val: 0x8058D000
In clock cycle: 408581
Register Write to Reg: 0x06 Val: 0x0058E004
In clock cycle: 408582
Register Write to Reg: 0x07 Val: 0x8058F008
In clock cycle: 409604
Register Write to Reg: 0x05 Val: 0x8058E000
In clock cycle: 409605
Register Write to Reg: 0x06 Val: 0x0058F004
In clock cycle: 409606
Register Write to Reg: 0x07 Val: 0x80590008
In clock cycle: 410628
Register Write to Reg: 0x05 Val: 0x8058F000
In clock cycle: 410629
Register Write to Reg: 0x06 Val: 0x00590004
In clock cycle: 410630
Register Write to Reg: 0x07 Val: 0x80591008
In clock cycle: 411652
Register Write to Reg: 0x05 Val: 0x80590000
In clock cycle: 411653
Register Write to Reg: 0x06 Val: 0x00591004
In clock cycle: 411654
Register Write to Reg: 0x07 Val: 0x80592008
In clock cycle: 412676
Register Write to Reg: 0x05 Val: 0x80591000
In clock cycle: 412677
Register Write to Reg: 0x06 Val: 0x00592004
In clock cycle: 412678
Register Write to Reg: 0x07 Val: 0x80593008
In clock cycle: 413700
Register Write to Reg: 0x05 Val: 0x80592000
In clock cycle: 413701
Register Write to Reg: 0x06 Val: 0x00593004
In clock cycle: 413702
Register Write to Reg: 0x07 Val: 0x80594008
In clock cycle: 414724
Register Write to Reg: 0x05 Val: 0x80593000
In clock cycle: 414725
Register Write to Reg: 0x06 Val: 0x00594004
In clock cycle: 414726
Register Write to Reg: 0x07 Val: 0x80595008
In clock cycle: 415748
Register Write to Reg: 0x05 Val: 0x80594000
In clock cycle: 415749
Register Write to Reg: 0x06 Val: 0x00595004
In clock cycle: 415750
Register Write to Reg: 0x07 Val: 0x80596008
In clock cycle: 416772
Register Write to Reg: 0x05 Val: 0x80595000
In clock cycle: 416773
Register Write to Reg: 0x06 Val: 0x00596004
In clock cycle: 416774
Register Write to Reg: 0x07 Val: 0x80597008
In clock cycle: 417796
Register Write to Reg: 0x05 Val: 0x80596000
In clock cycle: 417797
Register Write to Reg: 0x06 Val: 0x00597004
In clock cycle: 417798
Register Write to Reg: 0x07 Val: 0x80598008
In clock cycle: 418820
Register Write to Reg: 0x05 Val: 0x80597000
In clock cycle: 418821
Register Write to Reg: 0x06 Val: 0x00598004
In clock cycle: 418822
Register Write to Reg: 0x07 Val: 0x80599008
In clock cycle: 419844
Register Write to Reg: 0x05 Val: 0x80598000
In clock cycle: 419845
Register Write to Reg: 0x06 Val: 0x00599004
In clock cycle: 419846
Register Write to Reg: 0x07 Val: 0x8059A008
In clock cycle: 420868
Register Write to Reg: 0x05 Val: 0x80599000
In clock cycle: 420869
Register Write to Reg: 0x06 Val: 0x0059A004
In clock cycle: 420870
Register Write to Reg: 0x07 Val: 0x8059B008
In clock cycle: 421892
Register Write to Reg: 0x05 Val: 0x8059A000
In clock cycle: 421893
Register Write to Reg: 0x06 Val: 0x0059B004
In clock cycle: 421894
Register Write to Reg: 0x07 Val: 0x8059C008
In clock cycle: 422916
Register Write to Reg: 0x05 Val: 0x8059B000
In clock cycle: 422917
Register Write to Reg: 0x06 Val: 0x0059C004
In clock cycle: 422918
Register Write to Reg: 0x07 Val: 0x8059D008
In clock cycle: 423940
Register Write to Reg: 0x05 Val: 0x8059C000
In clock cycle: 423941
Register Write to Reg: 0x06 Val: 0x0059D004
In clock cycle: 423942
Register Write to Reg: 0x07 Val: 0x8059E008
In clock cycle: 424964
Register Write to Reg: 0x05 Val: 0x8059D000
In clock cycle: 424965
Register Write to Reg: 0x06 Val: 0x0059E004
In clock cycle: 424966
Register Write to Reg: 0x07 Val: 0x8059F008
In clock cycle: 425988
Register Write to Reg: 0x05 Val: 0x8059E000
In clock cycle: 425989
Register Write to Reg: 0x06 Val: 0x0059F004
In clock cycle: 425990
Register Write to Reg: 0x07 Val: 0x805A0008
In clock cycle: 427012
Register Write to Reg: 0x05 Val: 0x8059F000
In clock cycle: 427013
Register Write to Reg: 0x06 Val: 0x005A0004
In clock cycle: 427014
Register Write to Reg: 0x07 Val: 0x805A1008
In clock cycle: 428036
Register Write to Reg: 0x05 Val: 0x805A0000
In clock cycle: 428037
Register Write to Reg: 0x06 Val: 0x005A1004
In clock cycle: 428038
Register Write to Reg: 0x07 Val: 0x805A2008
In clock cycle: 429060
Register Write to Reg: 0x05 Val: 0x805A1000
In clock cycle: 429061
Register Write to Reg: 0x06 Val: 0x005A2004
In clock cycle: 429062
Register Write to Reg: 0x07 Val: 0x805A3008
In clock cycle: 430084
Register Write to Reg: 0x05 Val: 0x805A2000
In clock cycle: 430085
Register Write to Reg: 0x06 Val: 0x005A3004
In clock cycle: 430086
Register Write to Reg: 0x07 Val: 0x805A4008
In clock cycle: 431108
Register Write to Reg: 0x05 Val: 0x805A3000
In clock cycle: 431109
Register Write to Reg: 0x06 Val: 0x005A4004
In clock cycle: 431110
Register Write to Reg: 0x07 Val: 0x805A5008
In clock cycle: 432132
Register Write to Reg: 0x05 Val: 0x805A4000
In clock cycle: 432133
Register Write to Reg: 0x06 Val: 0x005A5004
In clock cycle: 432134
Register Write to Reg: 0x07 Val: 0x805A6008
In clock cycle: 433156
Register Write to Reg: 0x05 Val: 0x805A5000
In clock cycle: 433157
Register Write to Reg: 0x06 Val: 0x005A6004
In clock cycle: 433158
Register Write to Reg: 0x07 Val: 0x805A7008
In clock cycle: 434180
Register Write to Reg: 0x05 Val: 0x805A6000
In clock cycle: 434181
Register Write to Reg: 0x06 Val: 0x005A7004
In clock cycle: 434182
Register Write to Reg: 0x07 Val: 0x805A8008
In clock cycle: 435204
Register Write to Reg: 0x05 Val: 0x805A7000
In clock cycle: 435205
Register Write to Reg: 0x06 Val: 0x005A8004
In clock cycle: 435206
Register Write to Reg: 0x07 Val: 0x805A9008
In clock cycle: 436228
Register Write to Reg: 0x05 Val: 0x805A8000
In clock cycle: 436229
Register Write to Reg: 0x06 Val: 0x005A9004
In clock cycle: 436230
Register Write to Reg: 0x07 Val: 0x805AA008
In clock cycle: 437252
Register Write to Reg: 0x05 Val: 0x805A9000
In clock cycle: 437253
Register Write to Reg: 0x06 Val: 0x005AA004
In clock cycle: 437254
Register Write to Reg: 0x07 Val: 0x805AB008
In clock cycle: 438276
Register Write to Reg: 0x05 Val: 0x805AA000
In clock cycle: 438277
Register Write to Reg: 0x06 Val: 0x005AB004
In clock cycle: 438278
Register Write to Reg: 0x07 Val: 0x805AC008
In clock cycle: 439300
Register Write to Reg: 0x05 Val: 0x805AB000
In clock cycle: 439301
Register Write to Reg: 0x06 Val: 0x005AC004
In clock cycle: 439302
Register Write to Reg: 0x07 Val: 0x805AD008
In clock cycle: 440324
Register Write to Reg: 0x05 Val: 0x805AC000
In clock cycle: 440325
Register Write to Reg: 0x06 Val: 0x005AD004
In clock cycle: 440326
Register Write to Reg: 0x07 Val: 0x805AE008
In clock cycle: 441348
Register Write to Reg: 0x05 Val: 0x805AD000
In clock cycle: 441349
Register Write to Reg: 0x06 Val: 0x005AE004
In clock cycle: 441350
Register Write to Reg: 0x07 Val: 0x805AF008
In clock cycle: 442372
Register Write to Reg: 0x05 Val: 0x805AE000
In clock cycle: 442373
Register Write to Reg: 0x06 Val: 0x005AF004
In clock cycle: 442374
Register Write to Reg: 0x07 Val: 0x805B0008
In clock cycle: 443396
Register Write to Reg: 0x05 Val: 0x805AF000
In clock cycle: 443397
Register Write to Reg: 0x06 Val: 0x005B0004
In clock cycle: 443398
Register Write to Reg: 0x07 Val: 0x805B1008
In clock cycle: 444420
Register Write to Reg: 0x05 Val: 0x805B0000
In clock cycle: 444421
Register Write to Reg: 0x06 Val: 0x005B1004
In clock cycle: 444422
Register Write to Reg: 0x07 Val: 0x805B2008
In clock cycle: 445444
Register Write to Reg: 0x05 Val: 0x805B1000
In clock cycle: 445445
Register Write to Reg: 0x06 Val: 0x005B2004
In clock cycle: 445446
Register Write to Reg: 0x07 Val: 0x805B3008
In clock cycle: 446468
Register Write to Reg: 0x05 Val: 0x805B2000
In clock cycle: 446469
Register Write to Reg: 0x06 Val: 0x005B3004
In clock cycle: 446470
Register Write to Reg: 0x07 Val: 0x805B4008
In clock cycle: 447492
Register Write to Reg: 0x05 Val: 0x805B3000
In clock cycle: 447493
Register Write to Reg: 0x06 Val: 0x005B4004
In clock cycle: 447494
Register Write to Reg: 0x07 Val: 0x805B5008
In clock cycle: 448516
Register Write to Reg: 0x05 Val: 0x805B4000
In clock cycle: 448517
Register Write to Reg: 0x06 Val: 0x005B5004
In clock cycle: 448518
Register Write to Reg: 0x07 Val: 0x805B6008
In clock cycle: 449540
Register Write to Reg: 0x05 Val: 0x805B5000
In clock cycle: 449541
Register Write to Reg: 0x06 Val: 0x005B6004
In clock cycle: 449542
Register Write to Reg: 0x07 Val: 0x805B7008
In clock cycle: 450564
Register Write to Reg: 0x05 Val: 0x805B6000
In clock cycle: 450565
Register Write to Reg: 0x06 Val: 0x005B7004
In clock cycle: 450566
Register Write to Reg: 0x07 Val: 0x805B8008
In clock cycle: 451588
Register Write to Reg: 0x05 Val: 0x805B7000
In clock cycle: 451589
Register Write to Reg: 0x06 Val: 0x005B8004
In clock cycle: 451590
Register Write to Reg: 0x07 Val: 0x805B9008
In clock cycle: 452612
Register Write to Reg: 0x05 Val: 0x805B8000
In clock cycle: 452613
Register Write to Reg: 0x06 Val: 0x005B9004
In clock cycle: 452614
Register Write to Reg: 0x07 Val: 0x805BA008
In clock cycle: 453636
Register Write to Reg: 0x05 Val: 0x805B9000
In clock cycle: 453637
Register Write to Reg: 0x06 Val: 0x005BA004
In clock cycle: 453638
Register Write to Reg: 0x07 Val: 0x805BB008
In clock cycle: 454660
Register Write to Reg: 0x05 Val: 0x805BA000
In clock cycle: 454661
Register Write to Reg: 0x06 Val: 0x005BB004
In clock cycle: 454662
Register Write to Reg: 0x07 Val: 0x805BC008
In clock cycle: 455684
Register Write to Reg: 0x05 Val: 0x805BB000
In clock cycle: 455685
Register Write to Reg: 0x06 Val: 0x005BC004
In clock cycle: 455686
Register Write to Reg: 0x07 Val: 0x805BD008
In clock cycle: 456708
Register Write to Reg: 0x05 Val: 0x805BC000
In clock cycle: 456709
Register Write to Reg: 0x06 Val: 0x005BD004
In clock cycle: 456710
Register Write to Reg: 0x07 Val: 0x805BE008
In clock cycle: 457732
Register Write to Reg: 0x05 Val: 0x805BD000
In clock cycle: 457733
Register Write to Reg: 0x06 Val: 0x005BE004
In clock cycle: 457734
Register Write to Reg: 0x07 Val: 0x805BF008
In clock cycle: 458756
Register Write to Reg: 0x05 Val: 0x805BE000
In clock cycle: 458757
Register Write to Reg: 0x06 Val: 0x005BF004
In clock cycle: 458758
Register Write to Reg: 0x07 Val: 0x805C0008
In clock cycle: 459780
Register Write to Reg: 0x05 Val: 0x805BF000
In clock cycle: 459781
Register Write to Reg: 0x06 Val: 0x005C0004
In clock cycle: 459782
Register Write to Reg: 0x07 Val: 0x805C1008
In clock cycle: 460804
Register Write to Reg: 0x05 Val: 0x805C0000
In clock cycle: 460805
Register Write to Reg: 0x06 Val: 0x005C1004
In clock cycle: 460806
Register Write to Reg: 0x07 Val: 0x805C2008
In clock cycle: 461828
Register Write to Reg: 0x05 Val: 0x805C1000
In clock cycle: 461829
Register Write to Reg: 0x06 Val: 0x005C2004
In clock cycle: 461830
Register Write to Reg: 0x07 Val: 0x805C3008
In clock cycle: 462852
Register Write to Reg: 0x05 Val: 0x805C2000
In clock cycle: 462853
Register Write to Reg: 0x06 Val: 0x005C3004
In clock cycle: 462854
Register Write to Reg: 0x07 Val: 0x805C4008
In clock cycle: 463876
Register Write to Reg: 0x05 Val: 0x805C3000
In clock cycle: 463877
Register Write to Reg: 0x06 Val: 0x005C4004
In clock cycle: 463878
Register Write to Reg: 0x07 Val: 0x805C5008
In clock cycle: 464900
Register Write to Reg: 0x05 Val: 0x805C4000
In clock cycle: 464901
Register Write to Reg: 0x06 Val: 0x005C5004
In clock cycle: 464902
Register Write to Reg: 0x07 Val: 0x805C6008
In clock cycle: 465924
Register Write to Reg: 0x05 Val: 0x805C5000
In clock cycle: 465925
Register Write to Reg: 0x06 Val: 0x005C6004
In clock cycle: 465926
Register Write to Reg: 0x07 Val: 0x805C7008
In clock cycle: 466948
Register Write to Reg: 0x05 Val: 0x805C6000
In clock cycle: 466949
Register Write to Reg: 0x06 Val: 0x005C7004
In clock cycle: 466950
Register Write to Reg: 0x07 Val: 0x805C8008
In clock cycle: 467972
Register Write to Reg: 0x05 Val: 0x805C7000
In clock cycle: 467973
Register Write to Reg: 0x06 Val: 0x005C8004
In clock cycle: 467974
Register Write to Reg: 0x07 Val: 0x805C9008
In clock cycle: 468996
Register Write to Reg: 0x05 Val: 0x805C8000
In clock cycle: 468997
Register Write to Reg: 0x06 Val: 0x005C9004
In clock cycle: 468998
Register Write to Reg: 0x07 Val: 0x805CA008
In clock cycle: 470020
Register Write to Reg: 0x05 Val: 0x805C9000
In clock cycle: 470021
Register Write to Reg: 0x06 Val: 0x005CA004
In clock cycle: 470022
Register Write to Reg: 0x07 Val: 0x805CB008
In clock cycle: 471044
Register Write to Reg: 0x05 Val: 0x805CA000
In clock cycle: 471045
Register Write to Reg: 0x06 Val: 0x005CB004
In clock cycle: 471046
Register Write to Reg: 0x07 Val: 0x805CC008
In clock cycle: 472068
Register Write to Reg: 0x05 Val: 0x805CB000
In clock cycle: 472069
Register Write to Reg: 0x06 Val: 0x005CC004
In clock cycle: 472070
Register Write to Reg: 0x07 Val: 0x805CD008
In clock cycle: 473092
Register Write to Reg: 0x05 Val: 0x805CC000
In clock cycle: 473093
Register Write to Reg: 0x06 Val: 0x005CD004
In clock cycle: 473094
Register Write to Reg: 0x07 Val: 0x805CE008
In clock cycle: 474116
Register Write to Reg: 0x05 Val: 0x805CD000
In clock cycle: 474117
Register Write to Reg: 0x06 Val: 0x005CE004
In clock cycle: 474118
Register Write to Reg: 0x07 Val: 0x805CF008
In clock cycle: 475140
Register Write to Reg: 0x05 Val: 0x805CE000
In clock cycle: 475141
Register Write to Reg: 0x06 Val: 0x005CF004
In clock cycle: 475142
Register Write to Reg: 0x07 Val: 0x805D0008
In clock cycle: 476164
Register Write to Reg: 0x05 Val: 0x805CF000
In clock cycle: 476165
Register Write to Reg: 0x06 Val: 0x005D0004
In clock cycle: 476166
Register Write to Reg: 0x07 Val: 0x805D1008
In clock cycle: 477188
Register Write to Reg: 0x05 Val: 0x805D0000
In clock cycle: 477189
Register Write to Reg: 0x06 Val: 0x005D1004
In clock cycle: 477190
Register Write to Reg: 0x07 Val: 0x805D2008
In clock cycle: 478212
Register Write to Reg: 0x05 Val: 0x805D1000
In clock cycle: 478213
Register Write to Reg: 0x06 Val: 0x005D2004
In clock cycle: 478214
Register Write to Reg: 0x07 Val: 0x805D3008
In clock cycle: 479236
Register Write to Reg: 0x05 Val: 0x805D2000
In clock cycle: 479237
Register Write to Reg: 0x06 Val: 0x005D3004
In clock cycle: 479238
Register Write to Reg: 0x07 Val: 0x805D4008
In clock cycle: 480260
Register Write to Reg: 0x05 Val: 0x805D3000
In clock cycle: 480261
Register Write to Reg: 0x06 Val: 0x005D4004
In clock cycle: 480262
Register Write to Reg: 0x07 Val: 0x805D5008
In clock cycle: 481284
Register Write to Reg: 0x05 Val: 0x805D4000
In clock cycle: 481285
Register Write to Reg: 0x06 Val: 0x005D5004
In clock cycle: 481286
Register Write to Reg: 0x07 Val: 0x805D6008
In clock cycle: 482308
Register Write to Reg: 0x05 Val: 0x805D5000
In clock cycle: 482309
Register Write to Reg: 0x06 Val: 0x005D6004
In clock cycle: 482310
Register Write to Reg: 0x07 Val: 0x805D7008
In clock cycle: 483332
Register Write to Reg: 0x05 Val: 0x805D6000
In clock cycle: 483333
Register Write to Reg: 0x06 Val: 0x005D7004
In clock cycle: 483334
Register Write to Reg: 0x07 Val: 0x805D8008
In clock cycle: 484356
Register Write to Reg: 0x05 Val: 0x805D7000
In clock cycle: 484357
Register Write to Reg: 0x06 Val: 0x005D8004
In clock cycle: 484358
Register Write to Reg: 0x07 Val: 0x805D9008
In clock cycle: 485380
Register Write to Reg: 0x05 Val: 0x805D8000
In clock cycle: 485381
Register Write to Reg: 0x06 Val: 0x005D9004
In clock cycle: 485382
Register Write to Reg: 0x07 Val: 0x805DA008
In clock cycle: 486404
Register Write to Reg: 0x05 Val: 0x805D9000
In clock cycle: 486405
Register Write to Reg: 0x06 Val: 0x005DA004
In clock cycle: 486406
Register Write to Reg: 0x07 Val: 0x805DB008
In clock cycle: 487428
Register Write to Reg: 0x05 Val: 0x805DA000
In clock cycle: 487429
Register Write to Reg: 0x06 Val: 0x005DB004
In clock cycle: 487430
Register Write to Reg: 0x07 Val: 0x805DC008
In clock cycle: 488452
Register Write to Reg: 0x05 Val: 0x805DB000
In clock cycle: 488453
Register Write to Reg: 0x06 Val: 0x005DC004
In clock cycle: 488454
Register Write to Reg: 0x07 Val: 0x805DD008
In clock cycle: 489476
Register Write to Reg: 0x05 Val: 0x805DC000
In clock cycle: 489477
Register Write to Reg: 0x06 Val: 0x005DD004
In clock cycle: 489478
Register Write to Reg: 0x07 Val: 0x805DE008
In clock cycle: 490500
Register Write to Reg: 0x05 Val: 0x805DD000
In clock cycle: 490501
Register Write to Reg: 0x06 Val: 0x005DE004
In clock cycle: 490502
Register Write to Reg: 0x07 Val: 0x805DF008
In clock cycle: 491524
Register Write to Reg: 0x05 Val: 0x805DE000
In clock cycle: 491525
Register Write to Reg: 0x06 Val: 0x005DF004
In clock cycle: 491526
Register Write to Reg: 0x07 Val: 0x805E0008
In clock cycle: 492548
Register Write to Reg: 0x05 Val: 0x805DF000
In clock cycle: 492549
Register Write to Reg: 0x06 Val: 0x005E0004
In clock cycle: 492550
Register Write to Reg: 0x07 Val: 0x805E1008
In clock cycle: 493572
Register Write to Reg: 0x05 Val: 0x805E0000
In clock cycle: 493573
Register Write to Reg: 0x06 Val: 0x005E1004
In clock cycle: 493574
Register Write to Reg: 0x07 Val: 0x805E2008
In clock cycle: 494596
Register Write to Reg: 0x05 Val: 0x805E1000
In clock cycle: 494597
Register Write to Reg: 0x06 Val: 0x005E2004
In clock cycle: 494598
Register Write to Reg: 0x07 Val: 0x805E3008
In clock cycle: 495620
Register Write to Reg: 0x05 Val: 0x805E2000
In clock cycle: 495621
Register Write to Reg: 0x06 Val: 0x005E3004
In clock cycle: 495622
Register Write to Reg: 0x07 Val: 0x805E4008
In clock cycle: 496644
Register Write to Reg: 0x05 Val: 0x805E3000
In clock cycle: 496645
Register Write to Reg: 0x06 Val: 0x005E4004
In clock cycle: 496646
Register Write to Reg: 0x07 Val: 0x805E5008
In clock cycle: 497668
Register Write to Reg: 0x05 Val: 0x805E4000
In clock cycle: 497669
Register Write to Reg: 0x06 Val: 0x005E5004
In clock cycle: 497670
Register Write to Reg: 0x07 Val: 0x805E6008
In clock cycle: 498692
Register Write to Reg: 0x05 Val: 0x805E5000
In clock cycle: 498693
Register Write to Reg: 0x06 Val: 0x005E6004
In clock cycle: 498694
Register Write to Reg: 0x07 Val: 0x805E7008
In clock cycle: 499716
Register Write to Reg: 0x05 Val: 0x805E6000
In clock cycle: 499717
Register Write to Reg: 0x06 Val: 0x005E7004
In clock cycle: 499718
Register Write to Reg: 0x07 Val: 0x805E8008
