[inst #1] lui x2,65553
Register Write to Reg: 0x02 Val: 0x10011000
[inst #2] addi x2,x2,0
Register Write to Reg: 0x02 Val: 0x10011000
[inst #3] addi x0,x0,0
Register Write to Reg: 0x00 Val: 0x00000000
[inst #4] addi x0,x0,0
Register Write to Reg: 0x00 Val: 0x00000000
[inst #5] addi x0,x0,0
Register Write to Reg: 0x00 Val: 0x00000000
[inst #6] addi x8,x0,0
Register Write to Reg: 0x08 Val: 0x00000000
[inst #7] addi x0,x0,0
Register Write to Reg: 0x00 Val: 0x00000000
[inst #8] addi x0,x0,0
Register Write to Reg: 0x00 Val: 0x00000000
[inst #9] addi x0,x0,0
Register Write to Reg: 0x00 Val: 0x00000000
[inst #10] auipc x1,0
Register Write to Reg: 0x01 Val: 0x00400024
[inst #11] addi x1,x1,32
Register Write to Reg: 0x01 Val: 0x00400044
[inst #12] addi x0,x0,0
Register Write to Reg: 0x00 Val: 0x00000000
[inst #13] addi x0,x0,0
Register Write to Reg: 0x00 Val: 0x00000000
[inst #14] addi x0,x0,0
Register Write to Reg: 0x00 Val: 0x00000000
[inst #15] jal x0,28
Register Write to Reg: 0x00 Val: 0x0040003C
[inst #16] addi x2,x2,-40
Register Write to Reg: 0x02 Val: 0x10010FD8
[inst #17] addi x0,x0,0
Register Write to Reg: 0x00 Val: 0x00000000
[inst #18] addi x0,x0,0
Register Write to Reg: 0x00 Val: 0x00000000
[inst #19] addi x0,x0,0
Register Write to Reg: 0x00 Val: 0x00000000
[inst #20] sw x1,36(x2)
Memory Write to Addr: 0x10010FFC Val: 0x00400044
[inst #21] sw x8,32(x2)
Memory Write to Addr: 0x10010FF8 Val: 0x00000000
[inst #22] addi x0,x0,0
Register Write to Reg: 0x00 Val: 0x00000000
[inst #23] addi x0,x0,0
Register Write to Reg: 0x00 Val: 0x00000000
[inst #24] add x8,x2,x0
Register Write to Reg: 0x08 Val: 0x10010FD8
[inst #25] addi x0,x0,0
Register Write to Reg: 0x00 Val: 0x00000000
[inst #26] addi x0,x0,0
Register Write to Reg: 0x00 Val: 0x00000000
[inst #27] addi x0,x0,0
Register Write to Reg: 0x00 Val: 0x00000000
[inst #28] sw x0,24(x2)
Memory Write to Addr: 0x10010FF0 Val: 0x00000000
[inst #29] addi x0,x0,0
Register Write to Reg: 0x00 Val: 0x00000000
[inst #30] addi x0,x0,0
Register Write to Reg: 0x00 Val: 0x00000000
[inst #31] addi x0,x0,0
Register Write to Reg: 0x00 Val: 0x00000000
[inst #32] jal x0,192
Register Write to Reg: 0x00 Val: 0x00400098
[inst #33] lw x5,24(x8)
Register Write to Reg: 0x05 Val: 0x00000000
[inst #34] addi x0,x0,0
Register Write to Reg: 0x00 Val: 0x00000000
[inst #35] addi x0,x0,0
Register Write to Reg: 0x00 Val: 0x00000000
[inst #36] addi x0,x0,0
Register Write to Reg: 0x00 Val: 0x00000000
[inst #37] addi x6,x0,4
Register Write to Reg: 0x06 Val: 0x00000004
[inst #38] addi x0,x0,0
Register Write to Reg: 0x00 Val: 0x00000000
[inst #39] addi x0,x0,0
Register Write to Reg: 0x00 Val: 0x00000000
[inst #40] addi x0,x0,0
Register Write to Reg: 0x00 Val: 0x00000000
[inst #41] blt x5,x6,-212
[inst #42] lw x29,24(x8)
Register Write to Reg: 0x1D Val: 0x00000000
[inst #43] addi x0,x0,0
Register Write to Reg: 0x00 Val: 0x00000000
[inst #44] addi x0,x0,0
Register Write to Reg: 0x00 Val: 0x00000000
[inst #45] addi x0,x0,0
Register Write to Reg: 0x00 Val: 0x00000000
[inst #46] auipc x1,0
Register Write to Reg: 0x01 Val: 0x004000B0
[inst #47] addi x1,x1,32
Register Write to Reg: 0x01 Val: 0x004000D0
[inst #48] addi x0,x0,0
Register Write to Reg: 0x00 Val: 0x00000000
[inst #49] addi x0,x0,0
Register Write to Reg: 0x00 Val: 0x00000000
[inst #50] addi x0,x0,0
Register Write to Reg: 0x00 Val: 0x00000000
[inst #51] jal x0,236
Register Write to Reg: 0x00 Val: 0x004000C8
[inst #52] addi x2,x2,-16
Register Write to Reg: 0x02 Val: 0x10010FC8
[inst #53] addi x0,x0,0
Register Write to Reg: 0x00 Val: 0x00000000
[inst #54] addi x0,x0,0
Register Write to Reg: 0x00 Val: 0x00000000
[inst #55] addi x0,x0,0
Register Write to Reg: 0x00 Val: 0x00000000
[inst #56] sw x1,12(x2)
Memory Write to Addr: 0x10010FD4 Val: 0x004000D0
[inst #57] sw x8,8(x2)
Memory Write to Addr: 0x10010FD0 Val: 0x10010FD8
[inst #58] sw x29,4(x2)
Memory Write to Addr: 0x10010FCC Val: 0x00000000
[inst #59] addi x0,x0,0
Register Write to Reg: 0x00 Val: 0x00000000
[inst #60] addi x0,x0,0
Register Write to Reg: 0x00 Val: 0x00000000
[inst #61] auipc x5,64528
Register Write to Reg: 0x05 Val: 0x100101D4
[inst #62] addi x5,x5,-432
Register Write to Reg: 0x05 Val: 0x10010024
[inst #63] addi x0,x0,0
Register Write to Reg: 0x00 Val: 0x00000000
[inst #64] addi x0,x0,0
Register Write to Reg: 0x00 Val: 0x00000000
[inst #65] addi x0,x0,0
Register Write to Reg: 0x00 Val: 0x00000000
[inst #66] add x6,x5,x29
Register Write to Reg: 0x06 Val: 0x10010024
[inst #67] addi x0,x0,0
Register Write to Reg: 0x00 Val: 0x00000000
[inst #68] addi x0,x0,0
Register Write to Reg: 0x00 Val: 0x00000000
[inst #69] addi x0,x0,0
Register Write to Reg: 0x00 Val: 0x00000000
[inst #70] lb x9,0(x6)
Register Write to Reg: 0x09 Val: 0x00000000
[inst #71] addi x0,x0,0
Register Write to Reg: 0x00 Val: 0x00000000
[inst #72] addi x0,x0,0
Register Write to Reg: 0x00 Val: 0x00000000
[inst #73] addi x0,x0,0
Register Write to Reg: 0x00 Val: 0x00000000
[inst #74] lw x1,12(x2)
Register Write to Reg: 0x01 Val: 0x004000D0
[inst #75] lw x8,8(x2)
Register Write to Reg: 0x08 Val: 0x10010FD8
[inst #76] lw x29,4(x2)
Register Write to Reg: 0x1D Val: 0x00000000
[inst #77] addi x0,x0,0
Register Write to Reg: 0x00 Val: 0x00000000
[inst #78] addi x0,x0,0
Register Write to Reg: 0x00 Val: 0x00000000
[inst #79] addi x0,x0,0
Register Write to Reg: 0x00 Val: 0x00000000
[inst #80] addi x2,x2,16
Register Write to Reg: 0x02 Val: 0x10010FD8
[inst #81] addi x0,x0,0
Register Write to Reg: 0x00 Val: 0x00000000
[inst #82] addi x0,x0,0
Register Write to Reg: 0x00 Val: 0x00000000
[inst #83] addi x0,x0,0
Register Write to Reg: 0x00 Val: 0x00000000
[inst #84] jalr x0,x1,0
Register Write to Reg: 0x00 Val: 0x00400234
[inst #85] addi x0,x0,0
Register Write to Reg: 0x00 Val: 0x00000000
[inst #86] addi x0,x0,0
Register Write to Reg: 0x00 Val: 0x00000000
[inst #87] addi x0,x0,0
Register Write to Reg: 0x00 Val: 0x00000000
[inst #88] bne x9,x0,72
[inst #89] addi x0,x0,0
Register Write to Reg: 0x00 Val: 0x00000000
[inst #90] addi x0,x0,0
Register Write to Reg: 0x00 Val: 0x00000000
[inst #91] lw x29,24(x8)
Register Write to Reg: 0x1D Val: 0x00000000
[inst #92] addi x0,x0,0
Register Write to Reg: 0x00 Val: 0x00000000
[inst #93] addi x0,x0,0
Register Write to Reg: 0x00 Val: 0x00000000
[inst #94] addi x0,x0,0
Register Write to Reg: 0x00 Val: 0x00000000
[inst #95] auipc x1,0
Register Write to Reg: 0x01 Val: 0x004000F8
[inst #96] addi x1,x1,32
Register Write to Reg: 0x01 Val: 0x00400118
[inst #97] addi x0,x0,0
Register Write to Reg: 0x00 Val: 0x00000000
[inst #98] addi x0,x0,0
Register Write to Reg: 0x00 Val: 0x00000000
[inst #99] addi x0,x0,0
Register Write to Reg: 0x00 Val: 0x00000000
[inst #100] jal x0,304
Register Write to Reg: 0x00 Val: 0x00400110
[inst #101] addi x2,x2,-20
Register Write to Reg: 0x02 Val: 0x10010FC4
[inst #102] addi x0,x0,0
Register Write to Reg: 0x00 Val: 0x00000000
[inst #103] addi x0,x0,0
Register Write to Reg: 0x00 Val: 0x00000000
[inst #104] addi x0,x0,0
Register Write to Reg: 0x00 Val: 0x00000000
[inst #105] sw x1,16(x2)
Memory Write to Addr: 0x10010FD4 Val: 0x00400118
[inst #106] sw x8,12(x2)
Memory Write to Addr: 0x10010FD0 Val: 0x10010FD8
[inst #107] sw x29,8(x2)
Memory Write to Addr: 0x10010FCC Val: 0x00000000
[inst #108] addi x0,x0,0
Register Write to Reg: 0x00 Val: 0x00000000
[inst #109] addi x0,x0,0
Register Write to Reg: 0x00 Val: 0x00000000
[inst #110] auipc x5,64528
Register Write to Reg: 0x05 Val: 0x10010260
[inst #111] addi x5,x5,-572
Register Write to Reg: 0x05 Val: 0x10010024
[inst #112] addi x0,x0,0
Register Write to Reg: 0x00 Val: 0x00000000
[inst #113] addi x0,x0,0
Register Write to Reg: 0x00 Val: 0x00000000
[inst #114] addi x0,x0,0
Register Write to Reg: 0x00 Val: 0x00000000
[inst #115] add x6,x5,x29
Register Write to Reg: 0x06 Val: 0x10010024
[inst #116] addi x0,x0,0
Register Write to Reg: 0x00 Val: 0x00000000
[inst #117] addi x0,x0,0
Register Write to Reg: 0x00 Val: 0x00000000
[inst #118] addi x0,x0,0
Register Write to Reg: 0x00 Val: 0x00000000
[inst #119] addi x7,x0,1
Register Write to Reg: 0x07 Val: 0x00000001
[inst #120] addi x0,x0,0
Register Write to Reg: 0x00 Val: 0x00000000
[inst #121] addi x0,x0,0
Register Write to Reg: 0x00 Val: 0x00000000
[inst #122] addi x0,x0,0
Register Write to Reg: 0x00 Val: 0x00000000
[inst #123] sb x7,0(x6)
[inst #124] addi x0,x0,0
Register Write to Reg: 0x00 Val: 0x00000000
[inst #125] addi x0,x0,0
Register Write to Reg: 0x00 Val: 0x00000000
[inst #126] addi x0,x0,0
Register Write to Reg: 0x00 Val: 0x00000000
[inst #127] auipc x5,64528
Register Write to Reg: 0x05 Val: 0x100102A4
[inst #128] addi x5,x5,-636
Register Write to Reg: 0x05 Val: 0x10010028
[inst #129] addi x0,x0,0
Register Write to Reg: 0x00 Val: 0x00000000
[inst #130] addi x0,x0,0
Register Write to Reg: 0x00 Val: 0x00000000
[inst #131] addi x0,x0,0
Register Write to Reg: 0x00 Val: 0x00000000
[inst #132] lw x6,0(x5)
Register Write to Reg: 0x06 Val: 0x00000003
[inst #133] addi x0,x0,0
Register Write to Reg: 0x00 Val: 0x00000000
[inst #134] addi x0,x0,0
Register Write to Reg: 0x00 Val: 0x00000000
[inst #135] addi x0,x0,0
Register Write to Reg: 0x00 Val: 0x00000000
[inst #136] auipc x7,64528
Register Write to Reg: 0x07 Val: 0x100102C8
[inst #137] addi x7,x7,-712
Register Write to Reg: 0x07 Val: 0x10010000
[inst #138] addi x0,x0,0
Register Write to Reg: 0x00 Val: 0x00000000
[inst #139] addi x0,x0,0
Register Write to Reg: 0x00 Val: 0x00000000
[inst #140] addi x0,x0,0
Register Write to Reg: 0x00 Val: 0x00000000
[inst #141] slli x28,x6,2
Register Write to Reg: 0x1C Val: 0x0000000C
[inst #142] addi x0,x0,0
Register Write to Reg: 0x00 Val: 0x00000000
[inst #143] addi x0,x0,0
Register Write to Reg: 0x00 Val: 0x00000000
[inst #144] addi x0,x0,0
Register Write to Reg: 0x00 Val: 0x00000000
[inst #145] add x28,x7,x28
Register Write to Reg: 0x1C Val: 0x1001000C
[inst #146] addi x0,x0,0
Register Write to Reg: 0x00 Val: 0x00000000
[inst #147] addi x0,x0,0
Register Write to Reg: 0x00 Val: 0x00000000
[inst #148] addi x0,x0,0
Register Write to Reg: 0x00 Val: 0x00000000
[inst #149] sw x29,0(x28)
Memory Write to Addr: 0x1001000C Val: 0x00000000
[inst #150] addi x0,x0,0
Register Write to Reg: 0x00 Val: 0x00000000
[inst #151] addi x0,x0,0
Register Write to Reg: 0x00 Val: 0x00000000
[inst #152] addi x0,x0,0
Register Write to Reg: 0x00 Val: 0x00000000
[inst #153] addi x6,x6,-1
Register Write to Reg: 0x06 Val: 0x00000002
[inst #154] addi x0,x0,0
Register Write to Reg: 0x00 Val: 0x00000000
[inst #155] addi x0,x0,0
Register Write to Reg: 0x00 Val: 0x00000000
[inst #156] addi x0,x0,0
Register Write to Reg: 0x00 Val: 0x00000000
[inst #157] sw x6,0(x5)
Memory Write to Addr: 0x10010028 Val: 0x00000002
[inst #158] addi x0,x0,0
Register Write to Reg: 0x00 Val: 0x00000000
[inst #159] addi x0,x0,0
Register Write to Reg: 0x00 Val: 0x00000000
[inst #160] addi x0,x0,0
Register Write to Reg: 0x00 Val: 0x00000000
[inst #161] lw x1,16(x2)
Register Write to Reg: 0x01 Val: 0x00400118
[inst #162] lw x8,12(x2)
Register Write to Reg: 0x08 Val: 0x10010FD8
[inst #163] lw x29,8(x2)
Register Write to Reg: 0x1D Val: 0x00000000
[inst #164] addi x0,x0,0
Register Write to Reg: 0x00 Val: 0x00000000
[inst #165] addi x0,x0,0
Register Write to Reg: 0x00 Val: 0x00000000
[inst #166] addi x0,x0,0
Register Write to Reg: 0x00 Val: 0x00000000
[inst #167] addi x2,x2,20
Register Write to Reg: 0x02 Val: 0x10010FD8
[inst #168] addi x0,x0,0
Register Write to Reg: 0x00 Val: 0x00000000
[inst #169] addi x0,x0,0
Register Write to Reg: 0x00 Val: 0x00000000
[inst #170] addi x0,x0,0
Register Write to Reg: 0x00 Val: 0x00000000
[inst #171] jalr x0,x1,0
Register Write to Reg: 0x00 Val: 0x00400358
[inst #172] addi x0,x0,0
Register Write to Reg: 0x00 Val: 0x00000000
[inst #173] addi x0,x0,0
Register Write to Reg: 0x00 Val: 0x00000000
[inst #174] addi x0,x0,0
Register Write to Reg: 0x00 Val: 0x00000000
[inst #175] lw x5,24(x8)
Register Write to Reg: 0x05 Val: 0x00000000
[inst #176] addi x0,x0,0
Register Write to Reg: 0x00 Val: 0x00000000
[inst #177] addi x0,x0,0
Register Write to Reg: 0x00 Val: 0x00000000
[inst #178] addi x0,x0,0
Register Write to Reg: 0x00 Val: 0x00000000
[inst #179] addi x6,x5,1
Register Write to Reg: 0x06 Val: 0x00000001
[inst #180] addi x0,x0,0
Register Write to Reg: 0x00 Val: 0x00000000
[inst #181] addi x0,x0,0
Register Write to Reg: 0x00 Val: 0x00000000
[inst #182] addi x0,x0,0
Register Write to Reg: 0x00 Val: 0x00000000
[inst #183] sw x6,24(x8)
Memory Write to Addr: 0x10010FF0 Val: 0x00000001
[inst #184] addi x0,x0,0
Register Write to Reg: 0x00 Val: 0x00000000
[inst #185] addi x0,x0,0
Register Write to Reg: 0x00 Val: 0x00000000
[inst #186] addi x0,x0,0
Register Write to Reg: 0x00 Val: 0x00000000
[inst #187] lw x5,24(x8)
Register Write to Reg: 0x05 Val: 0x00000001
[inst #188] addi x0,x0,0
Register Write to Reg: 0x00 Val: 0x00000000
[inst #189] addi x0,x0,0
Register Write to Reg: 0x00 Val: 0x00000000
[inst #190] addi x0,x0,0
Register Write to Reg: 0x00 Val: 0x00000000
[inst #191] addi x6,x0,4
Register Write to Reg: 0x06 Val: 0x00000004
[inst #192] addi x0,x0,0
Register Write to Reg: 0x00 Val: 0x00000000
[inst #193] addi x0,x0,0
Register Write to Reg: 0x00 Val: 0x00000000
[inst #194] addi x0,x0,0
Register Write to Reg: 0x00 Val: 0x00000000
[inst #195] blt x5,x6,-212
[inst #196] lw x29,24(x8)
Register Write to Reg: 0x1D Val: 0x00000001
[inst #197] addi x0,x0,0
Register Write to Reg: 0x00 Val: 0x00000000
[inst #198] addi x0,x0,0
Register Write to Reg: 0x00 Val: 0x00000000
[inst #199] addi x0,x0,0
Register Write to Reg: 0x00 Val: 0x00000000
[inst #200] auipc x1,0
Register Write to Reg: 0x01 Val: 0x004000B0
[inst #201] addi x1,x1,32
Register Write to Reg: 0x01 Val: 0x004000D0
[inst #202] addi x0,x0,0
Register Write to Reg: 0x00 Val: 0x00000000
[inst #203] addi x0,x0,0
Register Write to Reg: 0x00 Val: 0x00000000
[inst #204] addi x0,x0,0
Register Write to Reg: 0x00 Val: 0x00000000
[inst #205] jal x0,236
Register Write to Reg: 0x00 Val: 0x004000C8
[inst #206] addi x2,x2,-16
Register Write to Reg: 0x02 Val: 0x10010FC8
[inst #207] addi x0,x0,0
Register Write to Reg: 0x00 Val: 0x00000000
[inst #208] addi x0,x0,0
Register Write to Reg: 0x00 Val: 0x00000000
[inst #209] addi x0,x0,0
Register Write to Reg: 0x00 Val: 0x00000000
[inst #210] sw x1,12(x2)
Memory Write to Addr: 0x10010FD4 Val: 0x004000D0
[inst #211] sw x8,8(x2)
Memory Write to Addr: 0x10010FD0 Val: 0x10010FD8
[inst #212] sw x29,4(x2)
Memory Write to Addr: 0x10010FCC Val: 0x00000001
[inst #213] addi x0,x0,0
Register Write to Reg: 0x00 Val: 0x00000000
[inst #214] addi x0,x0,0
Register Write to Reg: 0x00 Val: 0x00000000
[inst #215] auipc x5,64528
Register Write to Reg: 0x05 Val: 0x100101D4
[inst #216] addi x5,x5,-432
Register Write to Reg: 0x05 Val: 0x10010024
[inst #217] addi x0,x0,0
Register Write to Reg: 0x00 Val: 0x00000000
[inst #218] addi x0,x0,0
Register Write to Reg: 0x00 Val: 0x00000000
[inst #219] addi x0,x0,0
Register Write to Reg: 0x00 Val: 0x00000000
[inst #220] add x6,x5,x29
Register Write to Reg: 0x06 Val: 0x10010025
[inst #221] addi x0,x0,0
Register Write to Reg: 0x00 Val: 0x00000000
[inst #222] addi x0,x0,0
Register Write to Reg: 0x00 Val: 0x00000000
[inst #223] addi x0,x0,0
Register Write to Reg: 0x00 Val: 0x00000000
[inst #224] lb x9,0(x6)
Register Write to Reg: 0x09 Val: 0x00000000
[inst #225] addi x0,x0,0
Register Write to Reg: 0x00 Val: 0x00000000
[inst #226] addi x0,x0,0
Register Write to Reg: 0x00 Val: 0x00000000
[inst #227] addi x0,x0,0
Register Write to Reg: 0x00 Val: 0x00000000
[inst #228] lw x1,12(x2)
Register Write to Reg: 0x01 Val: 0x004000D0
[inst #229] lw x8,8(x2)
Register Write to Reg: 0x08 Val: 0x10010FD8
[inst #230] lw x29,4(x2)
Register Write to Reg: 0x1D Val: 0x00000001
[inst #231] addi x0,x0,0
Register Write to Reg: 0x00 Val: 0x00000000
[inst #232] addi x0,x0,0
Register Write to Reg: 0x00 Val: 0x00000000
[inst #233] addi x0,x0,0
Register Write to Reg: 0x00 Val: 0x00000000
[inst #234] addi x2,x2,16
Register Write to Reg: 0x02 Val: 0x10010FD8
[inst #235] addi x0,x0,0
Register Write to Reg: 0x00 Val: 0x00000000
[inst #236] addi x0,x0,0
Register Write to Reg: 0x00 Val: 0x00000000
[inst #237] addi x0,x0,0
Register Write to Reg: 0x00 Val: 0x00000000
[inst #238] jalr x0,x1,0
Register Write to Reg: 0x00 Val: 0x00400234
[inst #239] addi x0,x0,0
Register Write to Reg: 0x00 Val: 0x00000000
[inst #240] addi x0,x0,0
Register Write to Reg: 0x00 Val: 0x00000000
[inst #241] addi x0,x0,0
Register Write to Reg: 0x00 Val: 0x00000000
[inst #242] bne x9,x0,72
[inst #243] addi x0,x0,0
Register Write to Reg: 0x00 Val: 0x00000000
[inst #244] addi x0,x0,0
Register Write to Reg: 0x00 Val: 0x00000000
[inst #245] lw x29,24(x8)
Register Write to Reg: 0x1D Val: 0x00000001
[inst #246] addi x0,x0,0
Register Write to Reg: 0x00 Val: 0x00000000
[inst #247] addi x0,x0,0
Register Write to Reg: 0x00 Val: 0x00000000
[inst #248] addi x0,x0,0
Register Write to Reg: 0x00 Val: 0x00000000
[inst #249] auipc x1,0
Register Write to Reg: 0x01 Val: 0x004000F8
[inst #250] addi x1,x1,32
Register Write to Reg: 0x01 Val: 0x00400118
[inst #251] addi x0,x0,0
Register Write to Reg: 0x00 Val: 0x00000000
[inst #252] addi x0,x0,0
Register Write to Reg: 0x00 Val: 0x00000000
[inst #253] addi x0,x0,0
Register Write to Reg: 0x00 Val: 0x00000000
[inst #254] jal x0,304
Register Write to Reg: 0x00 Val: 0x00400110
[inst #255] addi x2,x2,-20
Register Write to Reg: 0x02 Val: 0x10010FC4
[inst #256] addi x0,x0,0
Register Write to Reg: 0x00 Val: 0x00000000
[inst #257] addi x0,x0,0
Register Write to Reg: 0x00 Val: 0x00000000
[inst #258] addi x0,x0,0
Register Write to Reg: 0x00 Val: 0x00000000
[inst #259] sw x1,16(x2)
Memory Write to Addr: 0x10010FD4 Val: 0x00400118
[inst #260] sw x8,12(x2)
Memory Write to Addr: 0x10010FD0 Val: 0x10010FD8
[inst #261] sw x29,8(x2)
Memory Write to Addr: 0x10010FCC Val: 0x00000001
[inst #262] addi x0,x0,0
Register Write to Reg: 0x00 Val: 0x00000000
[inst #263] addi x0,x0,0
Register Write to Reg: 0x00 Val: 0x00000000
[inst #264] auipc x5,64528
Register Write to Reg: 0x05 Val: 0x10010260
[inst #265] addi x5,x5,-572
Register Write to Reg: 0x05 Val: 0x10010024
[inst #266] addi x0,x0,0
Register Write to Reg: 0x00 Val: 0x00000000
[inst #267] addi x0,x0,0
Register Write to Reg: 0x00 Val: 0x00000000
[inst #268] addi x0,x0,0
Register Write to Reg: 0x00 Val: 0x00000000
[inst #269] add x6,x5,x29
Register Write to Reg: 0x06 Val: 0x10010025
[inst #270] addi x0,x0,0
Register Write to Reg: 0x00 Val: 0x00000000
[inst #271] addi x0,x0,0
Register Write to Reg: 0x00 Val: 0x00000000
[inst #272] addi x0,x0,0
Register Write to Reg: 0x00 Val: 0x00000000
[inst #273] addi x7,x0,1
Register Write to Reg: 0x07 Val: 0x00000001
[inst #274] addi x0,x0,0
Register Write to Reg: 0x00 Val: 0x00000000
[inst #275] addi x0,x0,0
Register Write to Reg: 0x00 Val: 0x00000000
[inst #276] addi x0,x0,0
Register Write to Reg: 0x00 Val: 0x00000000
[inst #277] sb x7,0(x6)
[inst #278] addi x0,x0,0
Register Write to Reg: 0x00 Val: 0x00000000
[inst #279] addi x0,x0,0
Register Write to Reg: 0x00 Val: 0x00000000
[inst #280] addi x0,x0,0
Register Write to Reg: 0x00 Val: 0x00000000
[inst #281] auipc x5,64528
Register Write to Reg: 0x05 Val: 0x100102A4
[inst #282] addi x5,x5,-636
Register Write to Reg: 0x05 Val: 0x10010028
[inst #283] addi x0,x0,0
Register Write to Reg: 0x00 Val: 0x00000000
[inst #284] addi x0,x0,0
Register Write to Reg: 0x00 Val: 0x00000000
[inst #285] addi x0,x0,0
Register Write to Reg: 0x00 Val: 0x00000000
[inst #286] lw x6,0(x5)
Register Write to Reg: 0x06 Val: 0x00000002
[inst #287] addi x0,x0,0
Register Write to Reg: 0x00 Val: 0x00000000
[inst #288] addi x0,x0,0
Register Write to Reg: 0x00 Val: 0x00000000
[inst #289] addi x0,x0,0
Register Write to Reg: 0x00 Val: 0x00000000
[inst #290] auipc x7,64528
Register Write to Reg: 0x07 Val: 0x100102C8
[inst #291] addi x7,x7,-712
Register Write to Reg: 0x07 Val: 0x10010000
[inst #292] addi x0,x0,0
Register Write to Reg: 0x00 Val: 0x00000000
[inst #293] addi x0,x0,0
Register Write to Reg: 0x00 Val: 0x00000000
[inst #294] addi x0,x0,0
Register Write to Reg: 0x00 Val: 0x00000000
[inst #295] slli x28,x6,2
Register Write to Reg: 0x1C Val: 0x00000008
[inst #296] addi x0,x0,0
Register Write to Reg: 0x00 Val: 0x00000000
[inst #297] addi x0,x0,0
Register Write to Reg: 0x00 Val: 0x00000000
[inst #298] addi x0,x0,0
Register Write to Reg: 0x00 Val: 0x00000000
[inst #299] add x28,x7,x28
Register Write to Reg: 0x1C Val: 0x10010008
[inst #300] addi x0,x0,0
Register Write to Reg: 0x00 Val: 0x00000000
[inst #301] addi x0,x0,0
Register Write to Reg: 0x00 Val: 0x00000000
[inst #302] addi x0,x0,0
Register Write to Reg: 0x00 Val: 0x00000000
[inst #303] sw x29,0(x28)
Memory Write to Addr: 0x10010008 Val: 0x00000001
[inst #304] addi x0,x0,0
Register Write to Reg: 0x00 Val: 0x00000000
[inst #305] addi x0,x0,0
Register Write to Reg: 0x00 Val: 0x00000000
[inst #306] addi x0,x0,0
Register Write to Reg: 0x00 Val: 0x00000000
[inst #307] addi x6,x6,-1
Register Write to Reg: 0x06 Val: 0x00000001
[inst #308] addi x0,x0,0
Register Write to Reg: 0x00 Val: 0x00000000
[inst #309] addi x0,x0,0
Register Write to Reg: 0x00 Val: 0x00000000
[inst #310] addi x0,x0,0
Register Write to Reg: 0x00 Val: 0x00000000
[inst #311] sw x6,0(x5)
Memory Write to Addr: 0x10010028 Val: 0x00000001
[inst #312] addi x0,x0,0
Register Write to Reg: 0x00 Val: 0x00000000
[inst #313] addi x0,x0,0
Register Write to Reg: 0x00 Val: 0x00000000
[inst #314] addi x0,x0,0
Register Write to Reg: 0x00 Val: 0x00000000
[inst #315] lw x1,16(x2)
Register Write to Reg: 0x01 Val: 0x00400118
[inst #316] lw x8,12(x2)
Register Write to Reg: 0x08 Val: 0x10010FD8
[inst #317] lw x29,8(x2)
Register Write to Reg: 0x1D Val: 0x00000001
[inst #318] addi x0,x0,0
Register Write to Reg: 0x00 Val: 0x00000000
[inst #319] addi x0,x0,0
Register Write to Reg: 0x00 Val: 0x00000000
[inst #320] addi x0,x0,0
Register Write to Reg: 0x00 Val: 0x00000000
[inst #321] addi x2,x2,20
Register Write to Reg: 0x02 Val: 0x10010FD8
[inst #322] addi x0,x0,0
Register Write to Reg: 0x00 Val: 0x00000000
[inst #323] addi x0,x0,0
Register Write to Reg: 0x00 Val: 0x00000000
[inst #324] addi x0,x0,0
Register Write to Reg: 0x00 Val: 0x00000000
[inst #325] jalr x0,x1,0
Register Write to Reg: 0x00 Val: 0x00400358
[inst #326] addi x0,x0,0
Register Write to Reg: 0x00 Val: 0x00000000
[inst #327] addi x0,x0,0
Register Write to Reg: 0x00 Val: 0x00000000
[inst #328] addi x0,x0,0
Register Write to Reg: 0x00 Val: 0x00000000
[inst #329] lw x5,24(x8)
Register Write to Reg: 0x05 Val: 0x00000001
[inst #330] addi x0,x0,0
Register Write to Reg: 0x00 Val: 0x00000000
[inst #331] addi x0,x0,0
Register Write to Reg: 0x00 Val: 0x00000000
[inst #332] addi x0,x0,0
Register Write to Reg: 0x00 Val: 0x00000000
[inst #333] addi x6,x5,1
Register Write to Reg: 0x06 Val: 0x00000002
[inst #334] addi x0,x0,0
Register Write to Reg: 0x00 Val: 0x00000000
[inst #335] addi x0,x0,0
Register Write to Reg: 0x00 Val: 0x00000000
[inst #336] addi x0,x0,0
Register Write to Reg: 0x00 Val: 0x00000000
[inst #337] sw x6,24(x8)
Memory Write to Addr: 0x10010FF0 Val: 0x00000002
[inst #338] addi x0,x0,0
Register Write to Reg: 0x00 Val: 0x00000000
[inst #339] addi x0,x0,0
Register Write to Reg: 0x00 Val: 0x00000000
[inst #340] addi x0,x0,0
Register Write to Reg: 0x00 Val: 0x00000000
[inst #341] lw x5,24(x8)
Register Write to Reg: 0x05 Val: 0x00000002
[inst #342] addi x0,x0,0
Register Write to Reg: 0x00 Val: 0x00000000
[inst #343] addi x0,x0,0
Register Write to Reg: 0x00 Val: 0x00000000
[inst #344] addi x0,x0,0
Register Write to Reg: 0x00 Val: 0x00000000
[inst #345] addi x6,x0,4
Register Write to Reg: 0x06 Val: 0x00000004
[inst #346] addi x0,x0,0
Register Write to Reg: 0x00 Val: 0x00000000
[inst #347] addi x0,x0,0
Register Write to Reg: 0x00 Val: 0x00000000
[inst #348] addi x0,x0,0
Register Write to Reg: 0x00 Val: 0x00000000
[inst #349] blt x5,x6,-212
[inst #350] lw x29,24(x8)
Register Write to Reg: 0x1D Val: 0x00000002
[inst #351] addi x0,x0,0
Register Write to Reg: 0x00 Val: 0x00000000
[inst #352] addi x0,x0,0
Register Write to Reg: 0x00 Val: 0x00000000
[inst #353] addi x0,x0,0
Register Write to Reg: 0x00 Val: 0x00000000
[inst #354] auipc x1,0
Register Write to Reg: 0x01 Val: 0x004000B0
[inst #355] addi x1,x1,32
Register Write to Reg: 0x01 Val: 0x004000D0
[inst #356] addi x0,x0,0
Register Write to Reg: 0x00 Val: 0x00000000
[inst #357] addi x0,x0,0
Register Write to Reg: 0x00 Val: 0x00000000
[inst #358] addi x0,x0,0
Register Write to Reg: 0x00 Val: 0x00000000
[inst #359] jal x0,236
Register Write to Reg: 0x00 Val: 0x004000C8
[inst #360] addi x2,x2,-16
Register Write to Reg: 0x02 Val: 0x10010FC8
[inst #361] addi x0,x0,0
Register Write to Reg: 0x00 Val: 0x00000000
[inst #362] addi x0,x0,0
Register Write to Reg: 0x00 Val: 0x00000000
[inst #363] addi x0,x0,0
Register Write to Reg: 0x00 Val: 0x00000000
[inst #364] sw x1,12(x2)
Memory Write to Addr: 0x10010FD4 Val: 0x004000D0
[inst #365] sw x8,8(x2)
Memory Write to Addr: 0x10010FD0 Val: 0x10010FD8
[inst #366] sw x29,4(x2)
Memory Write to Addr: 0x10010FCC Val: 0x00000002
[inst #367] addi x0,x0,0
Register Write to Reg: 0x00 Val: 0x00000000
[inst #368] addi x0,x0,0
Register Write to Reg: 0x00 Val: 0x00000000
[inst #369] auipc x5,64528
Register Write to Reg: 0x05 Val: 0x100101D4
[inst #370] addi x5,x5,-432
Register Write to Reg: 0x05 Val: 0x10010024
[inst #371] addi x0,x0,0
Register Write to Reg: 0x00 Val: 0x00000000
[inst #372] addi x0,x0,0
Register Write to Reg: 0x00 Val: 0x00000000
[inst #373] addi x0,x0,0
Register Write to Reg: 0x00 Val: 0x00000000
[inst #374] add x6,x5,x29
Register Write to Reg: 0x06 Val: 0x10010026
[inst #375] addi x0,x0,0
Register Write to Reg: 0x00 Val: 0x00000000
[inst #376] addi x0,x0,0
Register Write to Reg: 0x00 Val: 0x00000000
[inst #377] addi x0,x0,0
Register Write to Reg: 0x00 Val: 0x00000000
[inst #378] lb x9,0(x6)
Register Write to Reg: 0x09 Val: 0x00000000
[inst #379] addi x0,x0,0
Register Write to Reg: 0x00 Val: 0x00000000
[inst #380] addi x0,x0,0
Register Write to Reg: 0x00 Val: 0x00000000
[inst #381] addi x0,x0,0
Register Write to Reg: 0x00 Val: 0x00000000
[inst #382] lw x1,12(x2)
Register Write to Reg: 0x01 Val: 0x004000D0
[inst #383] lw x8,8(x2)
Register Write to Reg: 0x08 Val: 0x10010FD8
[inst #384] lw x29,4(x2)
Register Write to Reg: 0x1D Val: 0x00000002
[inst #385] addi x0,x0,0
Register Write to Reg: 0x00 Val: 0x00000000
[inst #386] addi x0,x0,0
Register Write to Reg: 0x00 Val: 0x00000000
[inst #387] addi x0,x0,0
Register Write to Reg: 0x00 Val: 0x00000000
[inst #388] addi x2,x2,16
Register Write to Reg: 0x02 Val: 0x10010FD8
[inst #389] addi x0,x0,0
Register Write to Reg: 0x00 Val: 0x00000000
[inst #390] addi x0,x0,0
Register Write to Reg: 0x00 Val: 0x00000000
[inst #391] addi x0,x0,0
Register Write to Reg: 0x00 Val: 0x00000000
[inst #392] jalr x0,x1,0
Register Write to Reg: 0x00 Val: 0x00400234
[inst #393] addi x0,x0,0
Register Write to Reg: 0x00 Val: 0x00000000
[inst #394] addi x0,x0,0
Register Write to Reg: 0x00 Val: 0x00000000
[inst #395] addi x0,x0,0
Register Write to Reg: 0x00 Val: 0x00000000
[inst #396] bne x9,x0,72
[inst #397] addi x0,x0,0
Register Write to Reg: 0x00 Val: 0x00000000
[inst #398] addi x0,x0,0
Register Write to Reg: 0x00 Val: 0x00000000
[inst #399] lw x29,24(x8)
Register Write to Reg: 0x1D Val: 0x00000002
[inst #400] addi x0,x0,0
Register Write to Reg: 0x00 Val: 0x00000000
[inst #401] addi x0,x0,0
Register Write to Reg: 0x00 Val: 0x00000000
[inst #402] addi x0,x0,0
Register Write to Reg: 0x00 Val: 0x00000000
[inst #403] auipc x1,0
Register Write to Reg: 0x01 Val: 0x004000F8
[inst #404] addi x1,x1,32
Register Write to Reg: 0x01 Val: 0x00400118
[inst #405] addi x0,x0,0
Register Write to Reg: 0x00 Val: 0x00000000
[inst #406] addi x0,x0,0
Register Write to Reg: 0x00 Val: 0x00000000
[inst #407] addi x0,x0,0
Register Write to Reg: 0x00 Val: 0x00000000
[inst #408] jal x0,304
Register Write to Reg: 0x00 Val: 0x00400110
[inst #409] addi x2,x2,-20
Register Write to Reg: 0x02 Val: 0x10010FC4
[inst #410] addi x0,x0,0
Register Write to Reg: 0x00 Val: 0x00000000
[inst #411] addi x0,x0,0
Register Write to Reg: 0x00 Val: 0x00000000
[inst #412] addi x0,x0,0
Register Write to Reg: 0x00 Val: 0x00000000
[inst #413] sw x1,16(x2)
Memory Write to Addr: 0x10010FD4 Val: 0x00400118
[inst #414] sw x8,12(x2)
Memory Write to Addr: 0x10010FD0 Val: 0x10010FD8
[inst #415] sw x29,8(x2)
Memory Write to Addr: 0x10010FCC Val: 0x00000002
[inst #416] addi x0,x0,0
Register Write to Reg: 0x00 Val: 0x00000000
[inst #417] addi x0,x0,0
Register Write to Reg: 0x00 Val: 0x00000000
[inst #418] auipc x5,64528
Register Write to Reg: 0x05 Val: 0x10010260
[inst #419] addi x5,x5,-572
Register Write to Reg: 0x05 Val: 0x10010024
[inst #420] addi x0,x0,0
Register Write to Reg: 0x00 Val: 0x00000000
[inst #421] addi x0,x0,0
Register Write to Reg: 0x00 Val: 0x00000000
[inst #422] addi x0,x0,0
Register Write to Reg: 0x00 Val: 0x00000000
[inst #423] add x6,x5,x29
Register Write to Reg: 0x06 Val: 0x10010026
[inst #424] addi x0,x0,0
Register Write to Reg: 0x00 Val: 0x00000000
[inst #425] addi x0,x0,0
Register Write to Reg: 0x00 Val: 0x00000000
[inst #426] addi x0,x0,0
Register Write to Reg: 0x00 Val: 0x00000000
[inst #427] addi x7,x0,1
Register Write to Reg: 0x07 Val: 0x00000001
[inst #428] addi x0,x0,0
Register Write to Reg: 0x00 Val: 0x00000000
[inst #429] addi x0,x0,0
Register Write to Reg: 0x00 Val: 0x00000000
[inst #430] addi x0,x0,0
Register Write to Reg: 0x00 Val: 0x00000000
[inst #431] sb x7,0(x6)
[inst #432] addi x0,x0,0
Register Write to Reg: 0x00 Val: 0x00000000
[inst #433] addi x0,x0,0
Register Write to Reg: 0x00 Val: 0x00000000
[inst #434] addi x0,x0,0
Register Write to Reg: 0x00 Val: 0x00000000
[inst #435] auipc x5,64528
Register Write to Reg: 0x05 Val: 0x100102A4
[inst #436] addi x5,x5,-636
Register Write to Reg: 0x05 Val: 0x10010028
[inst #437] addi x0,x0,0
Register Write to Reg: 0x00 Val: 0x00000000
[inst #438] addi x0,x0,0
Register Write to Reg: 0x00 Val: 0x00000000
[inst #439] addi x0,x0,0
Register Write to Reg: 0x00 Val: 0x00000000
[inst #440] lw x6,0(x5)
Register Write to Reg: 0x06 Val: 0x00000001
[inst #441] addi x0,x0,0
Register Write to Reg: 0x00 Val: 0x00000000
[inst #442] addi x0,x0,0
Register Write to Reg: 0x00 Val: 0x00000000
[inst #443] addi x0,x0,0
Register Write to Reg: 0x00 Val: 0x00000000
[inst #444] auipc x7,64528
Register Write to Reg: 0x07 Val: 0x100102C8
[inst #445] addi x7,x7,-712
Register Write to Reg: 0x07 Val: 0x10010000
[inst #446] addi x0,x0,0
Register Write to Reg: 0x00 Val: 0x00000000
[inst #447] addi x0,x0,0
Register Write to Reg: 0x00 Val: 0x00000000
[inst #448] addi x0,x0,0
Register Write to Reg: 0x00 Val: 0x00000000
[inst #449] slli x28,x6,2
Register Write to Reg: 0x1C Val: 0x00000004
[inst #450] addi x0,x0,0
Register Write to Reg: 0x00 Val: 0x00000000
[inst #451] addi x0,x0,0
Register Write to Reg: 0x00 Val: 0x00000000
[inst #452] addi x0,x0,0
Register Write to Reg: 0x00 Val: 0x00000000
[inst #453] add x28,x7,x28
Register Write to Reg: 0x1C Val: 0x10010004
[inst #454] addi x0,x0,0
Register Write to Reg: 0x00 Val: 0x00000000
[inst #455] addi x0,x0,0
Register Write to Reg: 0x00 Val: 0x00000000
[inst #456] addi x0,x0,0
Register Write to Reg: 0x00 Val: 0x00000000
[inst #457] sw x29,0(x28)
Memory Write to Addr: 0x10010004 Val: 0x00000002
[inst #458] addi x0,x0,0
Register Write to Reg: 0x00 Val: 0x00000000
[inst #459] addi x0,x0,0
Register Write to Reg: 0x00 Val: 0x00000000
[inst #460] addi x0,x0,0
Register Write to Reg: 0x00 Val: 0x00000000
[inst #461] addi x6,x6,-1
Register Write to Reg: 0x06 Val: 0x00000000
[inst #462] addi x0,x0,0
Register Write to Reg: 0x00 Val: 0x00000000
[inst #463] addi x0,x0,0
Register Write to Reg: 0x00 Val: 0x00000000
[inst #464] addi x0,x0,0
Register Write to Reg: 0x00 Val: 0x00000000
[inst #465] sw x6,0(x5)
Memory Write to Addr: 0x10010028 Val: 0x00000000
[inst #466] addi x0,x0,0
Register Write to Reg: 0x00 Val: 0x00000000
[inst #467] addi x0,x0,0
Register Write to Reg: 0x00 Val: 0x00000000
[inst #468] addi x0,x0,0
Register Write to Reg: 0x00 Val: 0x00000000
[inst #469] lw x1,16(x2)
Register Write to Reg: 0x01 Val: 0x00400118
[inst #470] lw x8,12(x2)
Register Write to Reg: 0x08 Val: 0x10010FD8
[inst #471] lw x29,8(x2)
Register Write to Reg: 0x1D Val: 0x00000002
[inst #472] addi x0,x0,0
Register Write to Reg: 0x00 Val: 0x00000000
[inst #473] addi x0,x0,0
Register Write to Reg: 0x00 Val: 0x00000000
[inst #474] addi x0,x0,0
Register Write to Reg: 0x00 Val: 0x00000000
[inst #475] addi x2,x2,20
Register Write to Reg: 0x02 Val: 0x10010FD8
[inst #476] addi x0,x0,0
Register Write to Reg: 0x00 Val: 0x00000000
[inst #477] addi x0,x0,0
Register Write to Reg: 0x00 Val: 0x00000000
[inst #478] addi x0,x0,0
Register Write to Reg: 0x00 Val: 0x00000000
[inst #479] jalr x0,x1,0
Register Write to Reg: 0x00 Val: 0x00400358
[inst #480] addi x0,x0,0
Register Write to Reg: 0x00 Val: 0x00000000
[inst #481] addi x0,x0,0
Register Write to Reg: 0x00 Val: 0x00000000
[inst #482] addi x0,x0,0
Register Write to Reg: 0x00 Val: 0x00000000
[inst #483] lw x5,24(x8)
Register Write to Reg: 0x05 Val: 0x00000002
[inst #484] addi x0,x0,0
Register Write to Reg: 0x00 Val: 0x00000000
[inst #485] addi x0,x0,0
Register Write to Reg: 0x00 Val: 0x00000000
[inst #486] addi x0,x0,0
Register Write to Reg: 0x00 Val: 0x00000000
[inst #487] addi x6,x5,1
Register Write to Reg: 0x06 Val: 0x00000003
[inst #488] addi x0,x0,0
Register Write to Reg: 0x00 Val: 0x00000000
[inst #489] addi x0,x0,0
Register Write to Reg: 0x00 Val: 0x00000000
[inst #490] addi x0,x0,0
Register Write to Reg: 0x00 Val: 0x00000000
[inst #491] sw x6,24(x8)
Memory Write to Addr: 0x10010FF0 Val: 0x00000003
[inst #492] addi x0,x0,0
Register Write to Reg: 0x00 Val: 0x00000000
[inst #493] addi x0,x0,0
Register Write to Reg: 0x00 Val: 0x00000000
[inst #494] addi x0,x0,0
Register Write to Reg: 0x00 Val: 0x00000000
[inst #495] lw x5,24(x8)
Register Write to Reg: 0x05 Val: 0x00000003
[inst #496] addi x0,x0,0
Register Write to Reg: 0x00 Val: 0x00000000
[inst #497] addi x0,x0,0
Register Write to Reg: 0x00 Val: 0x00000000
[inst #498] addi x0,x0,0
Register Write to Reg: 0x00 Val: 0x00000000
[inst #499] addi x6,x0,4
Register Write to Reg: 0x06 Val: 0x00000004
[inst #500] addi x0,x0,0
Register Write to Reg: 0x00 Val: 0x00000000
[inst #501] addi x0,x0,0
Register Write to Reg: 0x00 Val: 0x00000000
[inst #502] addi x0,x0,0
Register Write to Reg: 0x00 Val: 0x00000000
[inst #503] blt x5,x6,-212
[inst #504] lw x29,24(x8)
Register Write to Reg: 0x1D Val: 0x00000003
[inst #505] addi x0,x0,0
Register Write to Reg: 0x00 Val: 0x00000000
[inst #506] addi x0,x0,0
Register Write to Reg: 0x00 Val: 0x00000000
[inst #507] addi x0,x0,0
Register Write to Reg: 0x00 Val: 0x00000000
[inst #508] auipc x1,0
Register Write to Reg: 0x01 Val: 0x004000B0
[inst #509] addi x1,x1,32
Register Write to Reg: 0x01 Val: 0x004000D0
[inst #510] addi x0,x0,0
Register Write to Reg: 0x00 Val: 0x00000000
[inst #511] addi x0,x0,0
Register Write to Reg: 0x00 Val: 0x00000000
[inst #512] addi x0,x0,0
Register Write to Reg: 0x00 Val: 0x00000000
[inst #513] jal x0,236
Register Write to Reg: 0x00 Val: 0x004000C8
[inst #514] addi x2,x2,-16
Register Write to Reg: 0x02 Val: 0x10010FC8
[inst #515] addi x0,x0,0
Register Write to Reg: 0x00 Val: 0x00000000
[inst #516] addi x0,x0,0
Register Write to Reg: 0x00 Val: 0x00000000
[inst #517] addi x0,x0,0
Register Write to Reg: 0x00 Val: 0x00000000
[inst #518] sw x1,12(x2)
Memory Write to Addr: 0x10010FD4 Val: 0x004000D0
[inst #519] sw x8,8(x2)
Memory Write to Addr: 0x10010FD0 Val: 0x10010FD8
[inst #520] sw x29,4(x2)
Memory Write to Addr: 0x10010FCC Val: 0x00000003
[inst #521] addi x0,x0,0
Register Write to Reg: 0x00 Val: 0x00000000
[inst #522] addi x0,x0,0
Register Write to Reg: 0x00 Val: 0x00000000
[inst #523] auipc x5,64528
Register Write to Reg: 0x05 Val: 0x100101D4
[inst #524] addi x5,x5,-432
Register Write to Reg: 0x05 Val: 0x10010024
[inst #525] addi x0,x0,0
Register Write to Reg: 0x00 Val: 0x00000000
[inst #526] addi x0,x0,0
Register Write to Reg: 0x00 Val: 0x00000000
[inst #527] addi x0,x0,0
Register Write to Reg: 0x00 Val: 0x00000000
[inst #528] add x6,x5,x29
Register Write to Reg: 0x06 Val: 0x10010027
[inst #529] addi x0,x0,0
Register Write to Reg: 0x00 Val: 0x00000000
[inst #530] addi x0,x0,0
Register Write to Reg: 0x00 Val: 0x00000000
[inst #531] addi x0,x0,0
Register Write to Reg: 0x00 Val: 0x00000000
[inst #532] lb x9,0(x6)
Register Write to Reg: 0x09 Val: 0x00000000
[inst #533] addi x0,x0,0
Register Write to Reg: 0x00 Val: 0x00000000
[inst #534] addi x0,x0,0
Register Write to Reg: 0x00 Val: 0x00000000
[inst #535] addi x0,x0,0
Register Write to Reg: 0x00 Val: 0x00000000
[inst #536] lw x1,12(x2)
Register Write to Reg: 0x01 Val: 0x004000D0
[inst #537] lw x8,8(x2)
Register Write to Reg: 0x08 Val: 0x10010FD8
[inst #538] lw x29,4(x2)
Register Write to Reg: 0x1D Val: 0x00000003
[inst #539] addi x0,x0,0
Register Write to Reg: 0x00 Val: 0x00000000
[inst #540] addi x0,x0,0
Register Write to Reg: 0x00 Val: 0x00000000
[inst #541] addi x0,x0,0
Register Write to Reg: 0x00 Val: 0x00000000
[inst #542] addi x2,x2,16
Register Write to Reg: 0x02 Val: 0x10010FD8
[inst #543] addi x0,x0,0
Register Write to Reg: 0x00 Val: 0x00000000
[inst #544] addi x0,x0,0
Register Write to Reg: 0x00 Val: 0x00000000
[inst #545] addi x0,x0,0
Register Write to Reg: 0x00 Val: 0x00000000
[inst #546] jalr x0,x1,0
Register Write to Reg: 0x00 Val: 0x00400234
[inst #547] addi x0,x0,0
Register Write to Reg: 0x00 Val: 0x00000000
[inst #548] addi x0,x0,0
Register Write to Reg: 0x00 Val: 0x00000000
[inst #549] addi x0,x0,0
Register Write to Reg: 0x00 Val: 0x00000000
[inst #550] bne x9,x0,72
[inst #551] addi x0,x0,0
Register Write to Reg: 0x00 Val: 0x00000000
[inst #552] addi x0,x0,0
Register Write to Reg: 0x00 Val: 0x00000000
[inst #553] lw x29,24(x8)
Register Write to Reg: 0x1D Val: 0x00000003
[inst #554] addi x0,x0,0
Register Write to Reg: 0x00 Val: 0x00000000
[inst #555] addi x0,x0,0
Register Write to Reg: 0x00 Val: 0x00000000
[inst #556] addi x0,x0,0
Register Write to Reg: 0x00 Val: 0x00000000
[inst #557] auipc x1,0
Register Write to Reg: 0x01 Val: 0x004000F8
[inst #558] addi x1,x1,32
Register Write to Reg: 0x01 Val: 0x00400118
[inst #559] addi x0,x0,0
Register Write to Reg: 0x00 Val: 0x00000000
[inst #560] addi x0,x0,0
Register Write to Reg: 0x00 Val: 0x00000000
[inst #561] addi x0,x0,0
Register Write to Reg: 0x00 Val: 0x00000000
[inst #562] jal x0,304
Register Write to Reg: 0x00 Val: 0x00400110
[inst #563] addi x2,x2,-20
Register Write to Reg: 0x02 Val: 0x10010FC4
[inst #564] addi x0,x0,0
Register Write to Reg: 0x00 Val: 0x00000000
[inst #565] addi x0,x0,0
Register Write to Reg: 0x00 Val: 0x00000000
[inst #566] addi x0,x0,0
Register Write to Reg: 0x00 Val: 0x00000000
[inst #567] sw x1,16(x2)
Memory Write to Addr: 0x10010FD4 Val: 0x00400118
[inst #568] sw x8,12(x2)
Memory Write to Addr: 0x10010FD0 Val: 0x10010FD8
[inst #569] sw x29,8(x2)
Memory Write to Addr: 0x10010FCC Val: 0x00000003
[inst #570] addi x0,x0,0
Register Write to Reg: 0x00 Val: 0x00000000
[inst #571] addi x0,x0,0
Register Write to Reg: 0x00 Val: 0x00000000
[inst #572] auipc x5,64528
Register Write to Reg: 0x05 Val: 0x10010260
[inst #573] addi x5,x5,-572
Register Write to Reg: 0x05 Val: 0x10010024
[inst #574] addi x0,x0,0
Register Write to Reg: 0x00 Val: 0x00000000
[inst #575] addi x0,x0,0
Register Write to Reg: 0x00 Val: 0x00000000
[inst #576] addi x0,x0,0
Register Write to Reg: 0x00 Val: 0x00000000
[inst #577] add x6,x5,x29
Register Write to Reg: 0x06 Val: 0x10010027
[inst #578] addi x0,x0,0
Register Write to Reg: 0x00 Val: 0x00000000
[inst #579] addi x0,x0,0
Register Write to Reg: 0x00 Val: 0x00000000
[inst #580] addi x0,x0,0
Register Write to Reg: 0x00 Val: 0x00000000
[inst #581] addi x7,x0,1
Register Write to Reg: 0x07 Val: 0x00000001
[inst #582] addi x0,x0,0
Register Write to Reg: 0x00 Val: 0x00000000
[inst #583] addi x0,x0,0
Register Write to Reg: 0x00 Val: 0x00000000
[inst #584] addi x0,x0,0
Register Write to Reg: 0x00 Val: 0x00000000
[inst #585] sb x7,0(x6)
[inst #586] addi x0,x0,0
Register Write to Reg: 0x00 Val: 0x00000000
[inst #587] addi x0,x0,0
Register Write to Reg: 0x00 Val: 0x00000000
[inst #588] addi x0,x0,0
Register Write to Reg: 0x00 Val: 0x00000000
[inst #589] auipc x5,64528
Register Write to Reg: 0x05 Val: 0x100102A4
[inst #590] addi x5,x5,-636
Register Write to Reg: 0x05 Val: 0x10010028
[inst #591] addi x0,x0,0
Register Write to Reg: 0x00 Val: 0x00000000
[inst #592] addi x0,x0,0
Register Write to Reg: 0x00 Val: 0x00000000
[inst #593] addi x0,x0,0
Register Write to Reg: 0x00 Val: 0x00000000
[inst #594] lw x6,0(x5)
Register Write to Reg: 0x06 Val: 0x00000000
[inst #595] addi x0,x0,0
Register Write to Reg: 0x00 Val: 0x00000000
[inst #596] addi x0,x0,0
Register Write to Reg: 0x00 Val: 0x00000000
[inst #597] addi x0,x0,0
Register Write to Reg: 0x00 Val: 0x00000000
[inst #598] auipc x7,64528
Register Write to Reg: 0x07 Val: 0x100102C8
[inst #599] addi x7,x7,-712
Register Write to Reg: 0x07 Val: 0x10010000
[inst #600] addi x0,x0,0
Register Write to Reg: 0x00 Val: 0x00000000
[inst #601] addi x0,x0,0
Register Write to Reg: 0x00 Val: 0x00000000
[inst #602] addi x0,x0,0
Register Write to Reg: 0x00 Val: 0x00000000
[inst #603] slli x28,x6,2
Register Write to Reg: 0x1C Val: 0x00000000
[inst #604] addi x0,x0,0
Register Write to Reg: 0x00 Val: 0x00000000
[inst #605] addi x0,x0,0
Register Write to Reg: 0x00 Val: 0x00000000
[inst #606] addi x0,x0,0
Register Write to Reg: 0x00 Val: 0x00000000
[inst #607] add x28,x7,x28
Register Write to Reg: 0x1C Val: 0x10010000
[inst #608] addi x0,x0,0
Register Write to Reg: 0x00 Val: 0x00000000
[inst #609] addi x0,x0,0
Register Write to Reg: 0x00 Val: 0x00000000
[inst #610] addi x0,x0,0
Register Write to Reg: 0x00 Val: 0x00000000
[inst #611] sw x29,0(x28)
Memory Write to Addr: 0x10010000 Val: 0x00000003
[inst #612] addi x0,x0,0
Register Write to Reg: 0x00 Val: 0x00000000
[inst #613] addi x0,x0,0
Register Write to Reg: 0x00 Val: 0x00000000
[inst #614] addi x0,x0,0
Register Write to Reg: 0x00 Val: 0x00000000
[inst #615] addi x6,x6,-1
Register Write to Reg: 0x06 Val: 0xFFFFFFFF
[inst #616] addi x0,x0,0
Register Write to Reg: 0x00 Val: 0x00000000
[inst #617] addi x0,x0,0
Register Write to Reg: 0x00 Val: 0x00000000
[inst #618] addi x0,x0,0
Register Write to Reg: 0x00 Val: 0x00000000
[inst #619] sw x6,0(x5)
Memory Write to Addr: 0x10010028 Val: 0xFFFFFFFF
[inst #620] addi x0,x0,0
Register Write to Reg: 0x00 Val: 0x00000000
[inst #621] addi x0,x0,0
Register Write to Reg: 0x00 Val: 0x00000000
[inst #622] addi x0,x0,0
Register Write to Reg: 0x00 Val: 0x00000000
[inst #623] lw x1,16(x2)
Register Write to Reg: 0x01 Val: 0x00400118
[inst #624] lw x8,12(x2)
Register Write to Reg: 0x08 Val: 0x10010FD8
[inst #625] lw x29,8(x2)
Register Write to Reg: 0x1D Val: 0x00000003
[inst #626] addi x0,x0,0
Register Write to Reg: 0x00 Val: 0x00000000
[inst #627] addi x0,x0,0
Register Write to Reg: 0x00 Val: 0x00000000
[inst #628] addi x0,x0,0
Register Write to Reg: 0x00 Val: 0x00000000
[inst #629] addi x2,x2,20
Register Write to Reg: 0x02 Val: 0x10010FD8
[inst #630] addi x0,x0,0
Register Write to Reg: 0x00 Val: 0x00000000
[inst #631] addi x0,x0,0
Register Write to Reg: 0x00 Val: 0x00000000
[inst #632] addi x0,x0,0
Register Write to Reg: 0x00 Val: 0x00000000
[inst #633] jalr x0,x1,0
Register Write to Reg: 0x00 Val: 0x00400358
[inst #634] addi x0,x0,0
Register Write to Reg: 0x00 Val: 0x00000000
[inst #635] addi x0,x0,0
Register Write to Reg: 0x00 Val: 0x00000000
[inst #636] addi x0,x0,0
Register Write to Reg: 0x00 Val: 0x00000000
[inst #637] lw x5,24(x8)
Register Write to Reg: 0x05 Val: 0x00000003
[inst #638] addi x0,x0,0
Register Write to Reg: 0x00 Val: 0x00000000
[inst #639] addi x0,x0,0
Register Write to Reg: 0x00 Val: 0x00000000
[inst #640] addi x0,x0,0
Register Write to Reg: 0x00 Val: 0x00000000
[inst #641] addi x6,x5,1
Register Write to Reg: 0x06 Val: 0x00000004
[inst #642] addi x0,x0,0
Register Write to Reg: 0x00 Val: 0x00000000
[inst #643] addi x0,x0,0
Register Write to Reg: 0x00 Val: 0x00000000
[inst #644] addi x0,x0,0
Register Write to Reg: 0x00 Val: 0x00000000
[inst #645] sw x6,24(x8)
Memory Write to Addr: 0x10010FF0 Val: 0x00000004
[inst #646] addi x0,x0,0
Register Write to Reg: 0x00 Val: 0x00000000
[inst #647] addi x0,x0,0
Register Write to Reg: 0x00 Val: 0x00000000
[inst #648] addi x0,x0,0
Register Write to Reg: 0x00 Val: 0x00000000
[inst #649] lw x5,24(x8)
Register Write to Reg: 0x05 Val: 0x00000004
[inst #650] addi x0,x0,0
Register Write to Reg: 0x00 Val: 0x00000000
[inst #651] addi x0,x0,0
Register Write to Reg: 0x00 Val: 0x00000000
[inst #652] addi x0,x0,0
Register Write to Reg: 0x00 Val: 0x00000000
[inst #653] addi x6,x0,4
Register Write to Reg: 0x06 Val: 0x00000004
[inst #654] addi x0,x0,0
Register Write to Reg: 0x00 Val: 0x00000000
[inst #655] addi x0,x0,0
Register Write to Reg: 0x00 Val: 0x00000000
[inst #656] addi x0,x0,0
Register Write to Reg: 0x00 Val: 0x00000000
[inst #657] blt x5,x6,-212
[inst #658] addi x0,x0,0
Register Write to Reg: 0x00 Val: 0x00000000
[inst #659] addi x0,x0,0
Register Write to Reg: 0x00 Val: 0x00000000
[inst #660] lw x1,36(x2)
Register Write to Reg: 0x01 Val: 0x00400044
[inst #661] lw x8,32(x2)
Register Write to Reg: 0x08 Val: 0x00000000
[inst #662] addi x0,x0,0
Register Write to Reg: 0x00 Val: 0x00000000
[inst #663] addi x0,x0,0
Register Write to Reg: 0x00 Val: 0x00000000
[inst #664] addi x0,x0,0
Register Write to Reg: 0x00 Val: 0x00000000
[inst #665] addi x2,x2,40
Register Write to Reg: 0x02 Val: 0x10011000
[inst #666] addi x0,x0,0
Register Write to Reg: 0x00 Val: 0x00000000
[inst #667] addi x0,x0,0
Register Write to Reg: 0x00 Val: 0x00000000
[inst #668] addi x0,x0,0
Register Write to Reg: 0x00 Val: 0x00000000
[inst #669] jalr x0,x1,0
Register Write to Reg: 0x00 Val: 0x004001A8
[inst #670] jal x0,796
Register Write to Reg: 0x00 Val: 0x00400048
[inst #671] wfi 
[inst #672] addi x0,x0,0
Register Write to Reg: 0x00 Val: 0x00000000
[inst #673] addi x0,x0,0
Register Write to Reg: 0x00 Val: 0x00000000

Program terminated by dropping off the bottom.
