In clock cycle: 4
Register Write to Reg: 0x02 Val: 0x80000000
In clock cycle: 5
Register Write to Reg: 0x02 Val: 0x80000000
In clock cycle: 6
Register Write to Reg: 0x0A Val: 0x10010008
In clock cycle: 7
Register Write to Reg: 0x0A Val: 0x10010000
In clock cycle: 8
Register Write to Reg: 0x0B Val: 0x00000000
In clock cycle: 9
Register Write to Reg: 0x05 Val: 0x10010014
In clock cycle: 10
Register Write to Reg: 0x05 Val: 0x00000008
In clock cycle: 12
Register Write to Reg: 0x0C Val: 0x00000007
In clock cycle: 13
Register Write to Reg: 0x01 Val: 0x00400024
In clock cycle: 16
Register Write to Reg: 0x05 Val: 0x00000007
In clock cycle: 17
Register Write to Reg: 0x06 Val: 0x00000003
In clock cycle: 18
Register Write to Reg: 0x02 Val: 0x7FFFFFF0
In clock cycle: 18
Memory Write to Addr: 0x7FFFFFFC Val: 0x00400024
In clock cycle: 19
Memory Write to Addr: 0x7FFFFFF8 Val: 0x00000000
In clock cycle: 20
Memory Write to Addr: 0x7FFFFFF4 Val: 0x00000007
In clock cycle: 21
Memory Write to Addr: 0x7FFFFFF0 Val: 0x00000003
In clock cycle: 23
Register Write to Reg: 0x0C Val: 0x00000003
In clock cycle: 24
Register Write to Reg: 0x01 Val: 0x00400050
In clock cycle: 27
Register Write to Reg: 0x05 Val: 0x00000003
In clock cycle: 28
Register Write to Reg: 0x06 Val: 0x00000001
In clock cycle: 29
Register Write to Reg: 0x02 Val: 0x7FFFFFE0
In clock cycle: 29
Memory Write to Addr: 0x7FFFFFEC Val: 0x00400050
In clock cycle: 30
Memory Write to Addr: 0x7FFFFFE8 Val: 0x00000000
In clock cycle: 31
Memory Write to Addr: 0x7FFFFFE4 Val: 0x00000003
In clock cycle: 32
Memory Write to Addr: 0x7FFFFFE0 Val: 0x00000001
In clock cycle: 34
Register Write to Reg: 0x0C Val: 0x00000001
In clock cycle: 35
Register Write to Reg: 0x01 Val: 0x00400050
In clock cycle: 38
Register Write to Reg: 0x05 Val: 0x00000001
In clock cycle: 39
Register Write to Reg: 0x06 Val: 0x00000000
In clock cycle: 40
Register Write to Reg: 0x02 Val: 0x7FFFFFD0
In clock cycle: 40
Memory Write to Addr: 0x7FFFFFDC Val: 0x00400050
In clock cycle: 41
Memory Write to Addr: 0x7FFFFFD8 Val: 0x00000000
In clock cycle: 42
Memory Write to Addr: 0x7FFFFFD4 Val: 0x00000001
In clock cycle: 43
Memory Write to Addr: 0x7FFFFFD0 Val: 0x00000000
In clock cycle: 45
Register Write to Reg: 0x0C Val: 0x00000000
In clock cycle: 46
Register Write to Reg: 0x01 Val: 0x00400050
In clock cycle: 52
Register Write to Reg: 0x06 Val: 0x00000000
In clock cycle: 54
Register Write to Reg: 0x0B Val: 0x00000001
In clock cycle: 55
Register Write to Reg: 0x0C Val: 0x00000001
In clock cycle: 56
Register Write to Reg: 0x01 Val: 0x00400060
In clock cycle: 62
Register Write to Reg: 0x06 Val: 0x00000000
In clock cycle: 63
Register Write to Reg: 0x0B Val: 0x00000000
In clock cycle: 64
Register Write to Reg: 0x0C Val: 0x00000001
In clock cycle: 65
Register Write to Reg: 0x01 Val: 0x00400070
In clock cycle: 67
Register Write to Reg: 0x02 Val: 0x7FFFFF90
In clock cycle: 68
Register Write to Reg: 0x07 Val: 0x7FFFFF90
In clock cycle: 69
Register Write to Reg: 0x1C Val: 0x00000001
In clock cycle: 70
Register Write to Reg: 0x1D Val: 0x00000000
In clock cycle: 71
Register Write to Reg: 0x1E Val: 0x00000000
In clock cycle: 74
Register Write to Reg: 0x1F Val: 0x00000000
In clock cycle: 75
Register Write to Reg: 0x1F Val: 0x10010000
In clock cycle: 76
Register Write to Reg: 0x08 Val: 0x00000008
In clock cycle: 77
Register Write to Reg: 0x0D Val: 0x00000004
In clock cycle: 78
Register Write to Reg: 0x0D Val: 0x10010004
In clock cycle: 79
Register Write to Reg: 0x09 Val: 0x00000003
In clock cycle: 81
Memory Write to Addr: 0x7FFFFF90 Val: 0x00000003
In clock cycle: 83
Register Write to Reg: 0x1C Val: 0x00000002
In clock cycle: 86
Register Write to Reg: 0x07 Val: 0x7FFFFF94
In clock cycle: 87
Register Write to Reg: 0x1E Val: 0x00000001
In clock cycle: 94
Register Write to Reg: 0x1F Val: 0x00000000
In clock cycle: 95
Register Write to Reg: 0x1F Val: 0x10010000
In clock cycle: 96
Register Write to Reg: 0x08 Val: 0x00000008
In clock cycle: 97
Memory Write to Addr: 0x7FFFFF94 Val: 0x00000008
In clock cycle: 99
Register Write to Reg: 0x1D Val: 0x00000001
In clock cycle: 100
Register Write to Reg: 0x07 Val: 0x7FFFFF98
In clock cycle: 107
Register Write to Reg: 0x07 Val: 0x7FFFFF90
In clock cycle: 108
Register Write to Reg: 0x1D Val: 0x00000000
In clock cycle: 111
Register Write to Reg: 0x08 Val: 0x00000003
In clock cycle: 112
Register Write to Reg: 0x1F Val: 0x00000000
In clock cycle: 113
Register Write to Reg: 0x1F Val: 0x10010000
In clock cycle: 113
Memory Write to Addr: 0x10010000 Val: 0x00000003
In clock cycle: 115
Register Write to Reg: 0x07 Val: 0x7FFFFF94
In clock cycle: 116
Register Write to Reg: 0x1D Val: 0x00000001
In clock cycle: 120
Register Write to Reg: 0x08 Val: 0x00000008
In clock cycle: 121
Register Write to Reg: 0x1F Val: 0x00000004
In clock cycle: 122
Register Write to Reg: 0x1F Val: 0x10010004
In clock cycle: 122
Memory Write to Addr: 0x10010004 Val: 0x00000008
In clock cycle: 124
Register Write to Reg: 0x07 Val: 0x7FFFFF98
In clock cycle: 125
Register Write to Reg: 0x1D Val: 0x00000002
In clock cycle: 130
Register Write to Reg: 0x02 Val: 0x7FFFFFD0
In clock cycle: 133
Register Write to Reg: 0x01 Val: 0x00400050
In clock cycle: 134
Register Write to Reg: 0x02 Val: 0x7FFFFFE0
In clock cycle: 137
Register Write to Reg: 0x06 Val: 0x00000001
In clock cycle: 139
Register Write to Reg: 0x0B Val: 0x00000002
In clock cycle: 140
Register Write to Reg: 0x0C Val: 0x00000003
In clock cycle: 141
Register Write to Reg: 0x01 Val: 0x00400060
In clock cycle: 144
Register Write to Reg: 0x05 Val: 0x00000005
In clock cycle: 145
Register Write to Reg: 0x06 Val: 0x00000002
In clock cycle: 146
Register Write to Reg: 0x02 Val: 0x7FFFFFD0
In clock cycle: 146
Memory Write to Addr: 0x7FFFFFDC Val: 0x00400060
In clock cycle: 147
Memory Write to Addr: 0x7FFFFFD8 Val: 0x00000002
In clock cycle: 148
Memory Write to Addr: 0x7FFFFFD4 Val: 0x00000003
In clock cycle: 149
Memory Write to Addr: 0x7FFFFFD0 Val: 0x00000002
In clock cycle: 151
Register Write to Reg: 0x0C Val: 0x00000002
In clock cycle: 152
Register Write to Reg: 0x01 Val: 0x00400050
In clock cycle: 158
Register Write to Reg: 0x06 Val: 0x00000002
In clock cycle: 160
Register Write to Reg: 0x0B Val: 0x00000003
In clock cycle: 161
Register Write to Reg: 0x0C Val: 0x00000003
In clock cycle: 162
Register Write to Reg: 0x01 Val: 0x00400060
In clock cycle: 168
Register Write to Reg: 0x06 Val: 0x00000002
In clock cycle: 169
Register Write to Reg: 0x0B Val: 0x00000002
In clock cycle: 170
Register Write to Reg: 0x0C Val: 0x00000003
In clock cycle: 171
Register Write to Reg: 0x01 Val: 0x00400070
In clock cycle: 173
Register Write to Reg: 0x02 Val: 0x7FFFFF90
In clock cycle: 174
Register Write to Reg: 0x07 Val: 0x7FFFFF90
In clock cycle: 175
Register Write to Reg: 0x1C Val: 0x00000003
In clock cycle: 176
Register Write to Reg: 0x1D Val: 0x00000002
In clock cycle: 177
Register Write to Reg: 0x1E Val: 0x00000000
In clock cycle: 180
Register Write to Reg: 0x1F Val: 0x00000008
In clock cycle: 181
Register Write to Reg: 0x1F Val: 0x10010008
In clock cycle: 182
Register Write to Reg: 0x08 Val: 0x00000005
In clock cycle: 183
Register Write to Reg: 0x0D Val: 0x0000000C
In clock cycle: 184
Register Write to Reg: 0x0D Val: 0x1001000C
In clock cycle: 185
Register Write to Reg: 0x09 Val: 0x00000004
In clock cycle: 187
Memory Write to Addr: 0x7FFFFF90 Val: 0x00000004
In clock cycle: 189
Register Write to Reg: 0x1C Val: 0x00000004
In clock cycle: 192
Register Write to Reg: 0x07 Val: 0x7FFFFF94
In clock cycle: 193
Register Write to Reg: 0x1E Val: 0x00000001
In clock cycle: 200
Register Write to Reg: 0x1F Val: 0x00000008
In clock cycle: 201
Register Write to Reg: 0x1F Val: 0x10010008
In clock cycle: 202
Register Write to Reg: 0x08 Val: 0x00000005
In clock cycle: 203
Memory Write to Addr: 0x7FFFFF94 Val: 0x00000005
In clock cycle: 205
Register Write to Reg: 0x1D Val: 0x00000003
In clock cycle: 206
Register Write to Reg: 0x07 Val: 0x7FFFFF98
In clock cycle: 213
Register Write to Reg: 0x07 Val: 0x7FFFFF90
In clock cycle: 214
Register Write to Reg: 0x1D Val: 0x00000002
In clock cycle: 217
Register Write to Reg: 0x08 Val: 0x00000004
In clock cycle: 218
Register Write to Reg: 0x1F Val: 0x00000008
In clock cycle: 219
Register Write to Reg: 0x1F Val: 0x10010008
In clock cycle: 219
Memory Write to Addr: 0x10010008 Val: 0x00000004
In clock cycle: 221
Register Write to Reg: 0x07 Val: 0x7FFFFF94
In clock cycle: 222
Register Write to Reg: 0x1D Val: 0x00000003
In clock cycle: 226
Register Write to Reg: 0x08 Val: 0x00000005
In clock cycle: 227
Register Write to Reg: 0x1F Val: 0x0000000C
In clock cycle: 228
Register Write to Reg: 0x1F Val: 0x1001000C
In clock cycle: 228
Memory Write to Addr: 0x1001000C Val: 0x00000005
In clock cycle: 230
Register Write to Reg: 0x07 Val: 0x7FFFFF98
In clock cycle: 231
Register Write to Reg: 0x1D Val: 0x00000004
In clock cycle: 236
Register Write to Reg: 0x02 Val: 0x7FFFFFD0
In clock cycle: 239
Register Write to Reg: 0x01 Val: 0x00400060
In clock cycle: 240
Register Write to Reg: 0x02 Val: 0x7FFFFFE0
In clock cycle: 243
Register Write to Reg: 0x06 Val: 0x00000001
In clock cycle: 244
Register Write to Reg: 0x0B Val: 0x00000000
In clock cycle: 245
Register Write to Reg: 0x0C Val: 0x00000003
In clock cycle: 246
Register Write to Reg: 0x01 Val: 0x00400070
In clock cycle: 248
Register Write to Reg: 0x02 Val: 0x7FFFFFA0
In clock cycle: 249
Register Write to Reg: 0x07 Val: 0x7FFFFFA0
In clock cycle: 250
Register Write to Reg: 0x1C Val: 0x00000002
In clock cycle: 251
Register Write to Reg: 0x1D Val: 0x00000000
In clock cycle: 252
Register Write to Reg: 0x1E Val: 0x00000000
In clock cycle: 255
Register Write to Reg: 0x1F Val: 0x00000000
In clock cycle: 256
Register Write to Reg: 0x1F Val: 0x10010000
In clock cycle: 257
Register Write to Reg: 0x08 Val: 0x00000003
In clock cycle: 258
Register Write to Reg: 0x0D Val: 0x00000008
In clock cycle: 259
Register Write to Reg: 0x0D Val: 0x10010008
In clock cycle: 260
Register Write to Reg: 0x09 Val: 0x00000004
In clock cycle: 263
Memory Write to Addr: 0x7FFFFFA0 Val: 0x00000003
In clock cycle: 265
Register Write to Reg: 0x1D Val: 0x00000001
In clock cycle: 266
Register Write to Reg: 0x07 Val: 0x7FFFFFA4
In clock cycle: 267
Register Write to Reg: 0x1E Val: 0x00000001
In clock cycle: 272
Register Write to Reg: 0x1F Val: 0x00000004
In clock cycle: 273
Register Write to Reg: 0x1F Val: 0x10010004
In clock cycle: 274
Register Write to Reg: 0x08 Val: 0x00000008
In clock cycle: 275
Register Write to Reg: 0x0D Val: 0x00000008
In clock cycle: 276
Register Write to Reg: 0x0D Val: 0x10010008
In clock cycle: 277
Register Write to Reg: 0x09 Val: 0x00000004
In clock cycle: 279
Memory Write to Addr: 0x7FFFFFA4 Val: 0x00000004
In clock cycle: 281
Register Write to Reg: 0x1C Val: 0x00000003
In clock cycle: 284
Register Write to Reg: 0x07 Val: 0x7FFFFFA8
In clock cycle: 285
Register Write to Reg: 0x1E Val: 0x00000002
In clock cycle: 290
Register Write to Reg: 0x1F Val: 0x00000004
In clock cycle: 291
Register Write to Reg: 0x1F Val: 0x10010004
In clock cycle: 292
Register Write to Reg: 0x08 Val: 0x00000008
In clock cycle: 293
Register Write to Reg: 0x0D Val: 0x0000000C
In clock cycle: 294
Register Write to Reg: 0x0D Val: 0x1001000C
In clock cycle: 295
Register Write to Reg: 0x09 Val: 0x00000005
In clock cycle: 297
Memory Write to Addr: 0x7FFFFFA8 Val: 0x00000005
In clock cycle: 299
Register Write to Reg: 0x1C Val: 0x00000004
In clock cycle: 302
Register Write to Reg: 0x07 Val: 0x7FFFFFAC
In clock cycle: 303
Register Write to Reg: 0x1E Val: 0x00000003
In clock cycle: 310
Register Write to Reg: 0x1F Val: 0x00000004
In clock cycle: 311
Register Write to Reg: 0x1F Val: 0x10010004
In clock cycle: 312
Register Write to Reg: 0x08 Val: 0x00000008
In clock cycle: 313
Memory Write to Addr: 0x7FFFFFAC Val: 0x00000008
In clock cycle: 315
Register Write to Reg: 0x1D Val: 0x00000002
In clock cycle: 316
Register Write to Reg: 0x07 Val: 0x7FFFFFB0
In clock cycle: 323
Register Write to Reg: 0x07 Val: 0x7FFFFFA0
In clock cycle: 324
Register Write to Reg: 0x1D Val: 0x00000000
In clock cycle: 327
Register Write to Reg: 0x08 Val: 0x00000003
In clock cycle: 328
Register Write to Reg: 0x1F Val: 0x00000000
In clock cycle: 329
Register Write to Reg: 0x1F Val: 0x10010000
In clock cycle: 329
Memory Write to Addr: 0x10010000 Val: 0x00000003
In clock cycle: 331
Register Write to Reg: 0x07 Val: 0x7FFFFFA4
In clock cycle: 332
Register Write to Reg: 0x1D Val: 0x00000001
In clock cycle: 336
Register Write to Reg: 0x08 Val: 0x00000004
In clock cycle: 337
Register Write to Reg: 0x1F Val: 0x00000004
In clock cycle: 338
Register Write to Reg: 0x1F Val: 0x10010004
In clock cycle: 338
Memory Write to Addr: 0x10010004 Val: 0x00000004
In clock cycle: 340
Register Write to Reg: 0x07 Val: 0x7FFFFFA8
In clock cycle: 341
Register Write to Reg: 0x1D Val: 0x00000002
In clock cycle: 345
Register Write to Reg: 0x08 Val: 0x00000005
In clock cycle: 346
Register Write to Reg: 0x1F Val: 0x00000008
In clock cycle: 347
Register Write to Reg: 0x1F Val: 0x10010008
In clock cycle: 347
Memory Write to Addr: 0x10010008 Val: 0x00000005
In clock cycle: 349
Register Write to Reg: 0x07 Val: 0x7FFFFFAC
In clock cycle: 350
Register Write to Reg: 0x1D Val: 0x00000003
In clock cycle: 354
Register Write to Reg: 0x08 Val: 0x00000008
In clock cycle: 355
Register Write to Reg: 0x1F Val: 0x0000000C
In clock cycle: 356
Register Write to Reg: 0x1F Val: 0x1001000C
In clock cycle: 356
Memory Write to Addr: 0x1001000C Val: 0x00000008
In clock cycle: 358
Register Write to Reg: 0x07 Val: 0x7FFFFFB0
In clock cycle: 359
Register Write to Reg: 0x1D Val: 0x00000004
In clock cycle: 364
Register Write to Reg: 0x02 Val: 0x7FFFFFE0
In clock cycle: 367
Register Write to Reg: 0x01 Val: 0x00400050
In clock cycle: 368
Register Write to Reg: 0x02 Val: 0x7FFFFFF0
In clock cycle: 371
Register Write to Reg: 0x06 Val: 0x00000003
In clock cycle: 373
Register Write to Reg: 0x0B Val: 0x00000004
In clock cycle: 374
Register Write to Reg: 0x0C Val: 0x00000007
In clock cycle: 375
Register Write to Reg: 0x01 Val: 0x00400060
In clock cycle: 378
Register Write to Reg: 0x05 Val: 0x0000000B
In clock cycle: 379
Register Write to Reg: 0x06 Val: 0x00000005
In clock cycle: 380
Register Write to Reg: 0x02 Val: 0x7FFFFFE0
In clock cycle: 380
Memory Write to Addr: 0x7FFFFFEC Val: 0x00400060
In clock cycle: 381
Memory Write to Addr: 0x7FFFFFE8 Val: 0x00000004
In clock cycle: 382
Memory Write to Addr: 0x7FFFFFE4 Val: 0x00000007
In clock cycle: 383
Memory Write to Addr: 0x7FFFFFE0 Val: 0x00000005
In clock cycle: 385
Register Write to Reg: 0x0C Val: 0x00000005
In clock cycle: 386
Register Write to Reg: 0x01 Val: 0x00400050
In clock cycle: 389
Register Write to Reg: 0x05 Val: 0x00000009
In clock cycle: 390
Register Write to Reg: 0x06 Val: 0x00000004
In clock cycle: 391
Register Write to Reg: 0x02 Val: 0x7FFFFFD0
In clock cycle: 391
Memory Write to Addr: 0x7FFFFFDC Val: 0x00400050
In clock cycle: 392
Memory Write to Addr: 0x7FFFFFD8 Val: 0x00000004
In clock cycle: 393
Memory Write to Addr: 0x7FFFFFD4 Val: 0x00000005
In clock cycle: 394
Memory Write to Addr: 0x7FFFFFD0 Val: 0x00000004
In clock cycle: 396
Register Write to Reg: 0x0C Val: 0x00000004
In clock cycle: 397
Register Write to Reg: 0x01 Val: 0x00400050
In clock cycle: 403
Register Write to Reg: 0x06 Val: 0x00000004
In clock cycle: 405
Register Write to Reg: 0x0B Val: 0x00000005
In clock cycle: 406
Register Write to Reg: 0x0C Val: 0x00000005
In clock cycle: 407
Register Write to Reg: 0x01 Val: 0x00400060
In clock cycle: 413
Register Write to Reg: 0x06 Val: 0x00000004
In clock cycle: 414
Register Write to Reg: 0x0B Val: 0x00000004
In clock cycle: 415
Register Write to Reg: 0x0C Val: 0x00000005
In clock cycle: 416
Register Write to Reg: 0x01 Val: 0x00400070
In clock cycle: 418
Register Write to Reg: 0x02 Val: 0x7FFFFF90
In clock cycle: 419
Register Write to Reg: 0x07 Val: 0x7FFFFF90
In clock cycle: 420
Register Write to Reg: 0x1C Val: 0x00000005
In clock cycle: 421
Register Write to Reg: 0x1D Val: 0x00000004
In clock cycle: 422
Register Write to Reg: 0x1E Val: 0x00000000
In clock cycle: 425
Register Write to Reg: 0x1F Val: 0x00000010
In clock cycle: 426
Register Write to Reg: 0x1F Val: 0x10010010
In clock cycle: 427
Register Write to Reg: 0x08 Val: 0x00000007
In clock cycle: 428
Register Write to Reg: 0x0D Val: 0x00000014
In clock cycle: 429
Register Write to Reg: 0x0D Val: 0x10010014
In clock cycle: 430
Register Write to Reg: 0x09 Val: 0x00000002
In clock cycle: 432
Memory Write to Addr: 0x7FFFFF90 Val: 0x00000002
In clock cycle: 434
Register Write to Reg: 0x1C Val: 0x00000006
In clock cycle: 437
Register Write to Reg: 0x07 Val: 0x7FFFFF94
In clock cycle: 438
Register Write to Reg: 0x1E Val: 0x00000001
In clock cycle: 445
Register Write to Reg: 0x1F Val: 0x00000010
In clock cycle: 446
Register Write to Reg: 0x1F Val: 0x10010010
In clock cycle: 447
Register Write to Reg: 0x08 Val: 0x00000007
In clock cycle: 448
Memory Write to Addr: 0x7FFFFF94 Val: 0x00000007
In clock cycle: 450
Register Write to Reg: 0x1D Val: 0x00000005
In clock cycle: 451
Register Write to Reg: 0x07 Val: 0x7FFFFF98
In clock cycle: 458
Register Write to Reg: 0x07 Val: 0x7FFFFF90
In clock cycle: 459
Register Write to Reg: 0x1D Val: 0x00000004
In clock cycle: 462
Register Write to Reg: 0x08 Val: 0x00000002
In clock cycle: 463
Register Write to Reg: 0x1F Val: 0x00000010
In clock cycle: 464
Register Write to Reg: 0x1F Val: 0x10010010
In clock cycle: 464
Memory Write to Addr: 0x10010010 Val: 0x00000002
In clock cycle: 466
Register Write to Reg: 0x07 Val: 0x7FFFFF94
In clock cycle: 467
Register Write to Reg: 0x1D Val: 0x00000005
In clock cycle: 471
Register Write to Reg: 0x08 Val: 0x00000007
In clock cycle: 472
Register Write to Reg: 0x1F Val: 0x00000014
In clock cycle: 473
Register Write to Reg: 0x1F Val: 0x10010014
In clock cycle: 473
Memory Write to Addr: 0x10010014 Val: 0x00000007
In clock cycle: 475
Register Write to Reg: 0x07 Val: 0x7FFFFF98
In clock cycle: 476
Register Write to Reg: 0x1D Val: 0x00000006
In clock cycle: 481
Register Write to Reg: 0x02 Val: 0x7FFFFFD0
In clock cycle: 484
Register Write to Reg: 0x01 Val: 0x00400050
In clock cycle: 485
Register Write to Reg: 0x02 Val: 0x7FFFFFE0
In clock cycle: 488
Register Write to Reg: 0x06 Val: 0x00000005
In clock cycle: 490
Register Write to Reg: 0x0B Val: 0x00000006
In clock cycle: 491
Register Write to Reg: 0x0C Val: 0x00000007
In clock cycle: 492
Register Write to Reg: 0x01 Val: 0x00400060
In clock cycle: 495
Register Write to Reg: 0x05 Val: 0x0000000D
In clock cycle: 496
Register Write to Reg: 0x06 Val: 0x00000006
In clock cycle: 497
Register Write to Reg: 0x02 Val: 0x7FFFFFD0
In clock cycle: 497
Memory Write to Addr: 0x7FFFFFDC Val: 0x00400060
In clock cycle: 498
Memory Write to Addr: 0x7FFFFFD8 Val: 0x00000006
In clock cycle: 499
Memory Write to Addr: 0x7FFFFFD4 Val: 0x00000007
In clock cycle: 500
Memory Write to Addr: 0x7FFFFFD0 Val: 0x00000006
In clock cycle: 502
Register Write to Reg: 0x0C Val: 0x00000006
In clock cycle: 503
Register Write to Reg: 0x01 Val: 0x00400050
In clock cycle: 509
Register Write to Reg: 0x06 Val: 0x00000006
In clock cycle: 511
Register Write to Reg: 0x0B Val: 0x00000007
In clock cycle: 512
Register Write to Reg: 0x0C Val: 0x00000007
In clock cycle: 513
Register Write to Reg: 0x01 Val: 0x00400060
In clock cycle: 519
Register Write to Reg: 0x06 Val: 0x00000006
In clock cycle: 520
Register Write to Reg: 0x0B Val: 0x00000006
In clock cycle: 521
Register Write to Reg: 0x0C Val: 0x00000007
In clock cycle: 522
Register Write to Reg: 0x01 Val: 0x00400070
In clock cycle: 524
Register Write to Reg: 0x02 Val: 0x7FFFFF90
In clock cycle: 525
Register Write to Reg: 0x07 Val: 0x7FFFFF90
In clock cycle: 526
Register Write to Reg: 0x1C Val: 0x00000007
In clock cycle: 527
Register Write to Reg: 0x1D Val: 0x00000006
In clock cycle: 528
Register Write to Reg: 0x1E Val: 0x00000000
In clock cycle: 531
Register Write to Reg: 0x1F Val: 0x00000018
In clock cycle: 532
Register Write to Reg: 0x1F Val: 0x10010018
In clock cycle: 533
Register Write to Reg: 0x08 Val: 0x00000006
In clock cycle: 534
Register Write to Reg: 0x0D Val: 0x0000001C
In clock cycle: 535
Register Write to Reg: 0x0D Val: 0x1001001C
In clock cycle: 536
Register Write to Reg: 0x09 Val: 0x00000001
In clock cycle: 538
Memory Write to Addr: 0x7FFFFF90 Val: 0x00000001
In clock cycle: 540
Register Write to Reg: 0x1C Val: 0x00000008
In clock cycle: 543
Register Write to Reg: 0x07 Val: 0x7FFFFF94
In clock cycle: 544
Register Write to Reg: 0x1E Val: 0x00000001
In clock cycle: 551
Register Write to Reg: 0x1F Val: 0x00000018
In clock cycle: 552
Register Write to Reg: 0x1F Val: 0x10010018
In clock cycle: 553
Register Write to Reg: 0x08 Val: 0x00000006
In clock cycle: 554
Memory Write to Addr: 0x7FFFFF94 Val: 0x00000006
In clock cycle: 556
Register Write to Reg: 0x1D Val: 0x00000007
In clock cycle: 557
Register Write to Reg: 0x07 Val: 0x7FFFFF98
In clock cycle: 564
Register Write to Reg: 0x07 Val: 0x7FFFFF90
In clock cycle: 565
Register Write to Reg: 0x1D Val: 0x00000006
In clock cycle: 568
Register Write to Reg: 0x08 Val: 0x00000001
In clock cycle: 569
Register Write to Reg: 0x1F Val: 0x00000018
In clock cycle: 570
Register Write to Reg: 0x1F Val: 0x10010018
In clock cycle: 570
Memory Write to Addr: 0x10010018 Val: 0x00000001
In clock cycle: 572
Register Write to Reg: 0x07 Val: 0x7FFFFF94
In clock cycle: 573
Register Write to Reg: 0x1D Val: 0x00000007
In clock cycle: 577
Register Write to Reg: 0x08 Val: 0x00000006
In clock cycle: 578
Register Write to Reg: 0x1F Val: 0x0000001C
In clock cycle: 579
Register Write to Reg: 0x1F Val: 0x1001001C
In clock cycle: 579
Memory Write to Addr: 0x1001001C Val: 0x00000006
In clock cycle: 581
Register Write to Reg: 0x07 Val: 0x7FFFFF98
In clock cycle: 582
Register Write to Reg: 0x1D Val: 0x00000008
In clock cycle: 587
Register Write to Reg: 0x02 Val: 0x7FFFFFD0
In clock cycle: 590
Register Write to Reg: 0x01 Val: 0x00400060
In clock cycle: 591
Register Write to Reg: 0x02 Val: 0x7FFFFFE0
In clock cycle: 594
Register Write to Reg: 0x06 Val: 0x00000005
In clock cycle: 595
Register Write to Reg: 0x0B Val: 0x00000004
In clock cycle: 596
Register Write to Reg: 0x0C Val: 0x00000007
In clock cycle: 597
Register Write to Reg: 0x01 Val: 0x00400070
In clock cycle: 599
Register Write to Reg: 0x02 Val: 0x7FFFFFA0
In clock cycle: 600
Register Write to Reg: 0x07 Val: 0x7FFFFFA0
In clock cycle: 601
Register Write to Reg: 0x1C Val: 0x00000006
In clock cycle: 602
Register Write to Reg: 0x1D Val: 0x00000004
In clock cycle: 603
Register Write to Reg: 0x1E Val: 0x00000000
In clock cycle: 606
Register Write to Reg: 0x1F Val: 0x00000010
In clock cycle: 607
Register Write to Reg: 0x1F Val: 0x10010010
In clock cycle: 608
Register Write to Reg: 0x08 Val: 0x00000002
In clock cycle: 609
Register Write to Reg: 0x0D Val: 0x00000018
In clock cycle: 610
Register Write to Reg: 0x0D Val: 0x10010018
In clock cycle: 611
Register Write to Reg: 0x09 Val: 0x00000001
In clock cycle: 613
Memory Write to Addr: 0x7FFFFFA0 Val: 0x00000001
In clock cycle: 615
Register Write to Reg: 0x1C Val: 0x00000007
In clock cycle: 618
Register Write to Reg: 0x07 Val: 0x7FFFFFA4
In clock cycle: 619
Register Write to Reg: 0x1E Val: 0x00000001
In clock cycle: 624
Register Write to Reg: 0x1F Val: 0x00000010
In clock cycle: 625
Register Write to Reg: 0x1F Val: 0x10010010
In clock cycle: 626
Register Write to Reg: 0x08 Val: 0x00000002
In clock cycle: 627
Register Write to Reg: 0x0D Val: 0x0000001C
In clock cycle: 628
Register Write to Reg: 0x0D Val: 0x1001001C
In clock cycle: 629
Register Write to Reg: 0x09 Val: 0x00000006
In clock cycle: 632
Memory Write to Addr: 0x7FFFFFA4 Val: 0x00000002
In clock cycle: 634
Register Write to Reg: 0x1D Val: 0x00000005
In clock cycle: 635
Register Write to Reg: 0x07 Val: 0x7FFFFFA8
In clock cycle: 636
Register Write to Reg: 0x1E Val: 0x00000002
In clock cycle: 641
Register Write to Reg: 0x1F Val: 0x00000014
In clock cycle: 642
Register Write to Reg: 0x1F Val: 0x10010014
In clock cycle: 643
Register Write to Reg: 0x08 Val: 0x00000007
In clock cycle: 644
Register Write to Reg: 0x0D Val: 0x0000001C
In clock cycle: 645
Register Write to Reg: 0x0D Val: 0x1001001C
In clock cycle: 646
Register Write to Reg: 0x09 Val: 0x00000006
In clock cycle: 648
Memory Write to Addr: 0x7FFFFFA8 Val: 0x00000006
In clock cycle: 650
Register Write to Reg: 0x1C Val: 0x00000008
In clock cycle: 653
Register Write to Reg: 0x07 Val: 0x7FFFFFAC
In clock cycle: 654
Register Write to Reg: 0x1E Val: 0x00000003
In clock cycle: 661
Register Write to Reg: 0x1F Val: 0x00000014
In clock cycle: 662
Register Write to Reg: 0x1F Val: 0x10010014
In clock cycle: 663
Register Write to Reg: 0x08 Val: 0x00000007
In clock cycle: 664
Memory Write to Addr: 0x7FFFFFAC Val: 0x00000007
In clock cycle: 666
Register Write to Reg: 0x1D Val: 0x00000006
In clock cycle: 667
Register Write to Reg: 0x07 Val: 0x7FFFFFB0
In clock cycle: 674
Register Write to Reg: 0x07 Val: 0x7FFFFFA0
In clock cycle: 675
Register Write to Reg: 0x1D Val: 0x00000004
In clock cycle: 678
Register Write to Reg: 0x08 Val: 0x00000001
In clock cycle: 679
Register Write to Reg: 0x1F Val: 0x00000010
In clock cycle: 680
Register Write to Reg: 0x1F Val: 0x10010010
In clock cycle: 680
Memory Write to Addr: 0x10010010 Val: 0x00000001
In clock cycle: 682
Register Write to Reg: 0x07 Val: 0x7FFFFFA4
In clock cycle: 683
Register Write to Reg: 0x1D Val: 0x00000005
In clock cycle: 687
Register Write to Reg: 0x08 Val: 0x00000002
In clock cycle: 688
Register Write to Reg: 0x1F Val: 0x00000014
In clock cycle: 689
Register Write to Reg: 0x1F Val: 0x10010014
In clock cycle: 689
Memory Write to Addr: 0x10010014 Val: 0x00000002
In clock cycle: 691
Register Write to Reg: 0x07 Val: 0x7FFFFFA8
In clock cycle: 692
Register Write to Reg: 0x1D Val: 0x00000006
In clock cycle: 696
Register Write to Reg: 0x08 Val: 0x00000006
In clock cycle: 697
Register Write to Reg: 0x1F Val: 0x00000018
In clock cycle: 698
Register Write to Reg: 0x1F Val: 0x10010018
In clock cycle: 698
Memory Write to Addr: 0x10010018 Val: 0x00000006
In clock cycle: 700
Register Write to Reg: 0x07 Val: 0x7FFFFFAC
In clock cycle: 701
Register Write to Reg: 0x1D Val: 0x00000007
In clock cycle: 705
Register Write to Reg: 0x08 Val: 0x00000007
In clock cycle: 706
Register Write to Reg: 0x1F Val: 0x0000001C
In clock cycle: 707
Register Write to Reg: 0x1F Val: 0x1001001C
In clock cycle: 707
Memory Write to Addr: 0x1001001C Val: 0x00000007
In clock cycle: 709
Register Write to Reg: 0x07 Val: 0x7FFFFFB0
In clock cycle: 710
Register Write to Reg: 0x1D Val: 0x00000008
In clock cycle: 715
Register Write to Reg: 0x02 Val: 0x7FFFFFE0
In clock cycle: 718
Register Write to Reg: 0x01 Val: 0x00400060
In clock cycle: 719
Register Write to Reg: 0x02 Val: 0x7FFFFFF0
In clock cycle: 722
Register Write to Reg: 0x06 Val: 0x00000003
In clock cycle: 723
Register Write to Reg: 0x0B Val: 0x00000000
In clock cycle: 724
Register Write to Reg: 0x0C Val: 0x00000007
In clock cycle: 725
Register Write to Reg: 0x01 Val: 0x00400070
In clock cycle: 727
Register Write to Reg: 0x02 Val: 0x7FFFFFB0
In clock cycle: 728
Register Write to Reg: 0x07 Val: 0x7FFFFFB0
In clock cycle: 729
Register Write to Reg: 0x1C Val: 0x00000004
In clock cycle: 730
Register Write to Reg: 0x1D Val: 0x00000000
In clock cycle: 731
Register Write to Reg: 0x1E Val: 0x00000000
In clock cycle: 734
Register Write to Reg: 0x1F Val: 0x00000000
In clock cycle: 735
Register Write to Reg: 0x1F Val: 0x10010000
In clock cycle: 736
Register Write to Reg: 0x08 Val: 0x00000003
In clock cycle: 737
Register Write to Reg: 0x0D Val: 0x00000010
In clock cycle: 738
Register Write to Reg: 0x0D Val: 0x10010010
In clock cycle: 739
Register Write to Reg: 0x09 Val: 0x00000001
In clock cycle: 741
Memory Write to Addr: 0x7FFFFFB0 Val: 0x00000001
In clock cycle: 743
Register Write to Reg: 0x1C Val: 0x00000005
In clock cycle: 746
Register Write to Reg: 0x07 Val: 0x7FFFFFB4
In clock cycle: 747
Register Write to Reg: 0x1E Val: 0x00000001
In clock cycle: 752
Register Write to Reg: 0x1F Val: 0x00000000
In clock cycle: 753
Register Write to Reg: 0x1F Val: 0x10010000
In clock cycle: 754
Register Write to Reg: 0x08 Val: 0x00000003
In clock cycle: 755
Register Write to Reg: 0x0D Val: 0x00000014
In clock cycle: 756
Register Write to Reg: 0x0D Val: 0x10010014
In clock cycle: 757
Register Write to Reg: 0x09 Val: 0x00000002
In clock cycle: 759
Memory Write to Addr: 0x7FFFFFB4 Val: 0x00000002
In clock cycle: 761
Register Write to Reg: 0x1C Val: 0x00000006
In clock cycle: 764
Register Write to Reg: 0x07 Val: 0x7FFFFFB8
In clock cycle: 765
Register Write to Reg: 0x1E Val: 0x00000002
In clock cycle: 770
Register Write to Reg: 0x1F Val: 0x00000000
In clock cycle: 771
Register Write to Reg: 0x1F Val: 0x10010000
In clock cycle: 772
Register Write to Reg: 0x08 Val: 0x00000003
In clock cycle: 773
Register Write to Reg: 0x0D Val: 0x00000018
In clock cycle: 774
Register Write to Reg: 0x0D Val: 0x10010018
In clock cycle: 775
Register Write to Reg: 0x09 Val: 0x00000006
In clock cycle: 778
Memory Write to Addr: 0x7FFFFFB8 Val: 0x00000003
In clock cycle: 780
Register Write to Reg: 0x1D Val: 0x00000001
In clock cycle: 781
Register Write to Reg: 0x07 Val: 0x7FFFFFBC
In clock cycle: 782
Register Write to Reg: 0x1E Val: 0x00000003
In clock cycle: 787
Register Write to Reg: 0x1F Val: 0x00000004
In clock cycle: 788
Register Write to Reg: 0x1F Val: 0x10010004
In clock cycle: 789
Register Write to Reg: 0x08 Val: 0x00000004
In clock cycle: 790
Register Write to Reg: 0x0D Val: 0x00000018
In clock cycle: 791
Register Write to Reg: 0x0D Val: 0x10010018
In clock cycle: 792
Register Write to Reg: 0x09 Val: 0x00000006
In clock cycle: 795
Memory Write to Addr: 0x7FFFFFBC Val: 0x00000004
In clock cycle: 797
Register Write to Reg: 0x1D Val: 0x00000002
In clock cycle: 798
Register Write to Reg: 0x07 Val: 0x7FFFFFC0
In clock cycle: 799
Register Write to Reg: 0x1E Val: 0x00000004
In clock cycle: 804
Register Write to Reg: 0x1F Val: 0x00000008
In clock cycle: 805
Register Write to Reg: 0x1F Val: 0x10010008
In clock cycle: 806
Register Write to Reg: 0x08 Val: 0x00000005
In clock cycle: 807
Register Write to Reg: 0x0D Val: 0x00000018
In clock cycle: 808
Register Write to Reg: 0x0D Val: 0x10010018
In clock cycle: 809
Register Write to Reg: 0x09 Val: 0x00000006
In clock cycle: 812
Memory Write to Addr: 0x7FFFFFC0 Val: 0x00000005
In clock cycle: 814
Register Write to Reg: 0x1D Val: 0x00000003
In clock cycle: 815
Register Write to Reg: 0x07 Val: 0x7FFFFFC4
In clock cycle: 816
Register Write to Reg: 0x1E Val: 0x00000005
In clock cycle: 821
Register Write to Reg: 0x1F Val: 0x0000000C
In clock cycle: 822
Register Write to Reg: 0x1F Val: 0x1001000C
In clock cycle: 823
Register Write to Reg: 0x08 Val: 0x00000008
In clock cycle: 824
Register Write to Reg: 0x0D Val: 0x00000018
In clock cycle: 825
Register Write to Reg: 0x0D Val: 0x10010018
In clock cycle: 826
Register Write to Reg: 0x09 Val: 0x00000006
In clock cycle: 828
Memory Write to Addr: 0x7FFFFFC4 Val: 0x00000006
In clock cycle: 830
Register Write to Reg: 0x1C Val: 0x00000007
In clock cycle: 833
Register Write to Reg: 0x07 Val: 0x7FFFFFC8
In clock cycle: 834
Register Write to Reg: 0x1E Val: 0x00000006
In clock cycle: 839
Register Write to Reg: 0x1F Val: 0x0000000C
In clock cycle: 840
Register Write to Reg: 0x1F Val: 0x1001000C
In clock cycle: 841
Register Write to Reg: 0x08 Val: 0x00000008
In clock cycle: 842
Register Write to Reg: 0x0D Val: 0x0000001C
In clock cycle: 843
Register Write to Reg: 0x0D Val: 0x1001001C
In clock cycle: 844
Register Write to Reg: 0x09 Val: 0x00000007
In clock cycle: 846
Memory Write to Addr: 0x7FFFFFC8 Val: 0x00000007
In clock cycle: 848
Register Write to Reg: 0x1C Val: 0x00000008
In clock cycle: 851
Register Write to Reg: 0x07 Val: 0x7FFFFFCC
In clock cycle: 852
Register Write to Reg: 0x1E Val: 0x00000007
In clock cycle: 859
Register Write to Reg: 0x1F Val: 0x0000000C
In clock cycle: 860
Register Write to Reg: 0x1F Val: 0x1001000C
In clock cycle: 861
Register Write to Reg: 0x08 Val: 0x00000008
In clock cycle: 862
Memory Write to Addr: 0x7FFFFFCC Val: 0x00000008
In clock cycle: 864
Register Write to Reg: 0x1D Val: 0x00000004
In clock cycle: 865
Register Write to Reg: 0x07 Val: 0x7FFFFFD0
In clock cycle: 872
Register Write to Reg: 0x07 Val: 0x7FFFFFB0
In clock cycle: 873
Register Write to Reg: 0x1D Val: 0x00000000
In clock cycle: 876
Register Write to Reg: 0x08 Val: 0x00000001
In clock cycle: 877
Register Write to Reg: 0x1F Val: 0x00000000
In clock cycle: 878
Register Write to Reg: 0x1F Val: 0x10010000
In clock cycle: 878
Memory Write to Addr: 0x10010000 Val: 0x00000001
In clock cycle: 880
Register Write to Reg: 0x07 Val: 0x7FFFFFB4
In clock cycle: 881
Register Write to Reg: 0x1D Val: 0x00000001
In clock cycle: 885
Register Write to Reg: 0x08 Val: 0x00000002
In clock cycle: 886
Register Write to Reg: 0x1F Val: 0x00000004
In clock cycle: 887
Register Write to Reg: 0x1F Val: 0x10010004
In clock cycle: 887
Memory Write to Addr: 0x10010004 Val: 0x00000002
In clock cycle: 889
Register Write to Reg: 0x07 Val: 0x7FFFFFB8
In clock cycle: 890
Register Write to Reg: 0x1D Val: 0x00000002
In clock cycle: 894
Register Write to Reg: 0x08 Val: 0x00000003
In clock cycle: 895
Register Write to Reg: 0x1F Val: 0x00000008
In clock cycle: 896
Register Write to Reg: 0x1F Val: 0x10010008
In clock cycle: 896
Memory Write to Addr: 0x10010008 Val: 0x00000003
In clock cycle: 898
Register Write to Reg: 0x07 Val: 0x7FFFFFBC
In clock cycle: 899
Register Write to Reg: 0x1D Val: 0x00000003
In clock cycle: 903
Register Write to Reg: 0x08 Val: 0x00000004
In clock cycle: 904
Register Write to Reg: 0x1F Val: 0x0000000C
In clock cycle: 905
Register Write to Reg: 0x1F Val: 0x1001000C
In clock cycle: 905
Memory Write to Addr: 0x1001000C Val: 0x00000004
In clock cycle: 907
Register Write to Reg: 0x07 Val: 0x7FFFFFC0
In clock cycle: 908
Register Write to Reg: 0x1D Val: 0x00000004
In clock cycle: 912
Register Write to Reg: 0x08 Val: 0x00000005
In clock cycle: 913
Register Write to Reg: 0x1F Val: 0x00000010
In clock cycle: 914
Register Write to Reg: 0x1F Val: 0x10010010
In clock cycle: 914
Memory Write to Addr: 0x10010010 Val: 0x00000005
In clock cycle: 916
Register Write to Reg: 0x07 Val: 0x7FFFFFC4
In clock cycle: 917
Register Write to Reg: 0x1D Val: 0x00000005
In clock cycle: 921
Register Write to Reg: 0x08 Val: 0x00000006
In clock cycle: 922
Register Write to Reg: 0x1F Val: 0x00000014
In clock cycle: 923
Register Write to Reg: 0x1F Val: 0x10010014
In clock cycle: 923
Memory Write to Addr: 0x10010014 Val: 0x00000006
In clock cycle: 925
Register Write to Reg: 0x07 Val: 0x7FFFFFC8
In clock cycle: 926
Register Write to Reg: 0x1D Val: 0x00000006
In clock cycle: 930
Register Write to Reg: 0x08 Val: 0x00000007
In clock cycle: 931
Register Write to Reg: 0x1F Val: 0x00000018
In clock cycle: 932
Register Write to Reg: 0x1F Val: 0x10010018
In clock cycle: 932
Memory Write to Addr: 0x10010018 Val: 0x00000007
In clock cycle: 934
Register Write to Reg: 0x07 Val: 0x7FFFFFCC
In clock cycle: 935
Register Write to Reg: 0x1D Val: 0x00000007
In clock cycle: 939
Register Write to Reg: 0x08 Val: 0x00000008
In clock cycle: 940
Register Write to Reg: 0x1F Val: 0x0000001C
In clock cycle: 941
Register Write to Reg: 0x1F Val: 0x1001001C
In clock cycle: 941
Memory Write to Addr: 0x1001001C Val: 0x00000008
In clock cycle: 943
Register Write to Reg: 0x07 Val: 0x7FFFFFD0
In clock cycle: 944
Register Write to Reg: 0x1D Val: 0x00000008
In clock cycle: 949
Register Write to Reg: 0x02 Val: 0x7FFFFFF0
In clock cycle: 952
Register Write to Reg: 0x01 Val: 0x00400024
In clock cycle: 953
Register Write to Reg: 0x02 Val: 0x80000000
Execution is stopping! Clock Cycle: 958
