Info: *******************************************************************
Info: Running Quartus Prime Analysis & Synthesis
    Info: Version 20.1.1 Build 720 11/11/2020 SJ Standard Edition
    Info: Copyright (C) 2020  Intel Corporation. All rights reserved.
    Info: Your use of Intel Corporation's design tools, logic functions 
    Info: and other software and tools, and any partner logic 
    Info: functions, and any output files from any of the foregoing 
    Info: (including device programming or simulation files), and any 
    Info: associated documentation or information are expressly subject 
    Info: to the terms and conditions of the Intel Program License 
    Info: Subscription Agreement, the Intel Quartus Prime License Agreement,
    Info: the Intel FPGA IP License Agreement, or other applicable license
    Info: agreement, including, without limitation, that your use is for
    Info: the sole purpose of programming logic devices manufactured by
    Info: Intel and sold by Intel or its authorized distributors.  Please
    Info: refer to the applicable agreement for further details, at
    Info: https://fpgasoftware.intel.com/eula.
    Info: Processing started: Mon Dec  8 09:14:27 2025
Info: Command: quartus_map --read_settings_files=on --write_settings_files=off toolflow -c toolflow
Warning (18236): Number of processors has not been specified which may cause overloading on shared machines.  Set the global assignment NUM_PARALLEL_PROCESSORS in your QSF to an appropriate value for best performance.
Info (20030): Parallel compilation is enabled and will use 4 of the 4 processors detected
Info (12021): Found 2 design units, including 1 entities, in source file /home/pknipper/Desktop/Labs/Project1/3810Project1/Project2/sw/cpre3810-toolflow/proj/src/EXMEM_reg.vhd
    Info (12022): Found design unit 1: EXMEM_reg-behavioral File: /home/pknipper/Desktop/Labs/Project1/3810Project1/Project2/sw/cpre3810-toolflow/proj/src/EXMEM_reg.vhd Line: 48
    Info (12023): Found entity 1: EXMEM_reg File: /home/pknipper/Desktop/Labs/Project1/3810Project1/Project2/sw/cpre3810-toolflow/proj/src/EXMEM_reg.vhd Line: 6
Info (12021): Found 2 design units, including 1 entities, in source file /home/pknipper/Desktop/Labs/Project1/3810Project1/Project2/sw/cpre3810-toolflow/proj/src/IDEX_reg.vhd
    Info (12022): Found design unit 1: IDEX_reg-behavioral File: /home/pknipper/Desktop/Labs/Project1/3810Project1/Project2/sw/cpre3810-toolflow/proj/src/IDEX_reg.vhd Line: 54
    Info (12023): Found entity 1: IDEX_reg File: /home/pknipper/Desktop/Labs/Project1/3810Project1/Project2/sw/cpre3810-toolflow/proj/src/IDEX_reg.vhd Line: 6
Info (12021): Found 2 design units, including 1 entities, in source file /home/pknipper/Desktop/Labs/Project1/3810Project1/Project2/sw/cpre3810-toolflow/proj/src/IFID_reg.vhd
    Info (12022): Found design unit 1: IFID_reg-behavioral File: /home/pknipper/Desktop/Labs/Project1/3810Project1/Project2/sw/cpre3810-toolflow/proj/src/IFID_reg.vhd Line: 25
    Info (12023): Found entity 1: IFID_reg File: /home/pknipper/Desktop/Labs/Project1/3810Project1/Project2/sw/cpre3810-toolflow/proj/src/IFID_reg.vhd Line: 6
Info (12021): Found 2 design units, including 1 entities, in source file /home/pknipper/Desktop/Labs/Project1/3810Project1/Project2/sw/cpre3810-toolflow/proj/src/MEMWB_reg.vhd
    Info (12022): Found design unit 1: MEMWB_reg-behavioral File: /home/pknipper/Desktop/Labs/Project1/3810Project1/Project2/sw/cpre3810-toolflow/proj/src/MEMWB_reg.vhd Line: 36
    Info (12023): Found entity 1: MEMWB_reg File: /home/pknipper/Desktop/Labs/Project1/3810Project1/Project2/sw/cpre3810-toolflow/proj/src/MEMWB_reg.vhd Line: 6
Info (12021): Found 2 design units, including 1 entities, in source file /home/pknipper/Desktop/Labs/Project1/3810Project1/Project2/sw/cpre3810-toolflow/proj/src/RISCV_Processor.vhd
    Info (12022): Found design unit 1: RISCV_Processor-structure File: /home/pknipper/Desktop/Labs/Project1/3810Project1/Project2/sw/cpre3810-toolflow/proj/src/RISCV_Processor.vhd Line: 37
    Info (12023): Found entity 1: RISCV_Processor File: /home/pknipper/Desktop/Labs/Project1/3810Project1/Project2/sw/cpre3810-toolflow/proj/src/RISCV_Processor.vhd Line: 25
Info (12021): Found 2 design units, including 0 entities, in source file /home/pknipper/Desktop/Labs/Project1/3810Project1/Project2/sw/cpre3810-toolflow/proj/src/RISCV_types.vhd
    Info (12022): Found design unit 1: RISCV_types File: /home/pknipper/Desktop/Labs/Project1/3810Project1/Project2/sw/cpre3810-toolflow/proj/src/RISCV_types.vhd Line: 15
    Info (12022): Found design unit 2: RISCV_types-body File: /home/pknipper/Desktop/Labs/Project1/3810Project1/Project2/sw/cpre3810-toolflow/proj/src/RISCV_types.vhd Line: 30
Info (12021): Found 2 design units, including 1 entities, in source file /home/pknipper/Desktop/Labs/Project1/3810Project1/Project2/sw/cpre3810-toolflow/proj/src/adder_n.vhd
    Info (12022): Found design unit 1: adder_n-rtl File: /home/pknipper/Desktop/Labs/Project1/3810Project1/Project2/sw/cpre3810-toolflow/proj/src/adder_n.vhd Line: 15
    Info (12023): Found entity 1: adder_n File: /home/pknipper/Desktop/Labs/Project1/3810Project1/Project2/sw/cpre3810-toolflow/proj/src/adder_n.vhd Line: 6
Info (12021): Found 2 design units, including 1 entities, in source file /home/pknipper/Desktop/Labs/Project1/3810Project1/Project2/sw/cpre3810-toolflow/proj/src/addsub.vhd
    Info (12022): Found design unit 1: addsub-rtl File: /home/pknipper/Desktop/Labs/Project1/3810Project1/Project2/sw/cpre3810-toolflow/proj/src/addsub.vhd Line: 13
    Info (12023): Found entity 1: addsub File: /home/pknipper/Desktop/Labs/Project1/3810Project1/Project2/sw/cpre3810-toolflow/proj/src/addsub.vhd Line: 5
Info (12021): Found 2 design units, including 1 entities, in source file /home/pknipper/Desktop/Labs/Project1/3810Project1/Project2/sw/cpre3810-toolflow/proj/src/alu.vhd
    Info (12022): Found design unit 1: alu-structural File: /home/pknipper/Desktop/Labs/Project1/3810Project1/Project2/sw/cpre3810-toolflow/proj/src/alu.vhd Line: 14
    Info (12023): Found entity 1: alu File: /home/pknipper/Desktop/Labs/Project1/3810Project1/Project2/sw/cpre3810-toolflow/proj/src/alu.vhd Line: 5
Info (12021): Found 2 design units, including 1 entities, in source file /home/pknipper/Desktop/Labs/Project1/3810Project1/Project2/sw/cpre3810-toolflow/proj/src/alu_control.vhd
    Info (12022): Found design unit 1: alu_control-dataflow File: /home/pknipper/Desktop/Labs/Project1/3810Project1/Project2/sw/cpre3810-toolflow/proj/src/alu_control.vhd Line: 13
    Info (12023): Found entity 1: alu_control File: /home/pknipper/Desktop/Labs/Project1/3810Project1/Project2/sw/cpre3810-toolflow/proj/src/alu_control.vhd Line: 4
Info (12021): Found 2 design units, including 1 entities, in source file /home/pknipper/Desktop/Labs/Project1/3810Project1/Project2/sw/cpre3810-toolflow/proj/src/barrelshifter.vhd
    Info (12022): Found design unit 1: barrelshifter-dataflow File: /home/pknipper/Desktop/Labs/Project1/3810Project1/Project2/sw/cpre3810-toolflow/proj/src/barrelshifter.vhd Line: 12
    Info (12023): Found entity 1: barrelshifter File: /home/pknipper/Desktop/Labs/Project1/3810Project1/Project2/sw/cpre3810-toolflow/proj/src/barrelshifter.vhd Line: 5
Info (12021): Found 2 design units, including 1 entities, in source file /home/pknipper/Desktop/Labs/Project1/3810Project1/Project2/sw/cpre3810-toolflow/proj/src/control.vhd
    Info (12022): Found design unit 1: control-dataflow File: /home/pknipper/Desktop/Labs/Project1/3810Project1/Project2/sw/cpre3810-toolflow/proj/src/control.vhd Line: 14
    Info (12023): Found entity 1: control File: /home/pknipper/Desktop/Labs/Project1/3810Project1/Project2/sw/cpre3810-toolflow/proj/src/control.vhd Line: 4
Info (12021): Found 2 design units, including 1 entities, in source file /home/pknipper/Desktop/Labs/Project1/3810Project1/Project2/sw/cpre3810-toolflow/proj/src/decoder5t32.vhd
    Info (12022): Found design unit 1: decoder5t32-dataflow File: /home/pknipper/Desktop/Labs/Project1/3810Project1/Project2/sw/cpre3810-toolflow/proj/src/decoder5t32.vhd Line: 21
    Info (12023): Found entity 1: decoder5t32 File: /home/pknipper/Desktop/Labs/Project1/3810Project1/Project2/sw/cpre3810-toolflow/proj/src/decoder5t32.vhd Line: 13
Info (12021): Found 2 design units, including 1 entities, in source file /home/pknipper/Desktop/Labs/Project1/3810Project1/Project2/sw/cpre3810-toolflow/proj/src/dffg.vhd
    Info (12022): Found design unit 1: dffg-mixed File: /home/pknipper/Desktop/Labs/Project1/3810Project1/Project2/sw/cpre3810-toolflow/proj/src/dffg.vhd Line: 33
    Info (12023): Found entity 1: dffg File: /home/pknipper/Desktop/Labs/Project1/3810Project1/Project2/sw/cpre3810-toolflow/proj/src/dffg.vhd Line: 23
Info (12021): Found 2 design units, including 1 entities, in source file /home/pknipper/Desktop/Labs/Project1/3810Project1/Project2/sw/cpre3810-toolflow/proj/src/fetch.vhd
    Info (12022): Found design unit 1: fetch-structural File: /home/pknipper/Desktop/Labs/Project1/3810Project1/Project2/sw/cpre3810-toolflow/proj/src/fetch.vhd Line: 30
    Info (12023): Found entity 1: fetch File: /home/pknipper/Desktop/Labs/Project1/3810Project1/Project2/sw/cpre3810-toolflow/proj/src/fetch.vhd Line: 8
Info (12021): Found 2 design units, including 1 entities, in source file /home/pknipper/Desktop/Labs/Project1/3810Project1/Project2/sw/cpre3810-toolflow/proj/src/immgen.vhd
    Info (12022): Found design unit 1: immgen-dataflow File: /home/pknipper/Desktop/Labs/Project1/3810Project1/Project2/sw/cpre3810-toolflow/proj/src/immgen.vhd Line: 9
    Info (12023): Found entity 1: immgen File: /home/pknipper/Desktop/Labs/Project1/3810Project1/Project2/sw/cpre3810-toolflow/proj/src/immgen.vhd Line: 4
Info (12021): Found 2 design units, including 1 entities, in source file /home/pknipper/Desktop/Labs/Project1/3810Project1/Project2/sw/cpre3810-toolflow/proj/src/mem.vhd
    Info (12022): Found design unit 1: mem-rtl File: /home/pknipper/Desktop/Labs/Project1/3810Project1/Project2/sw/cpre3810-toolflow/proj/src/mem.vhd Line: 27
    Info (12023): Found entity 1: mem File: /home/pknipper/Desktop/Labs/Project1/3810Project1/Project2/sw/cpre3810-toolflow/proj/src/mem.vhd Line: 8
Info (12021): Found 2 design units, including 1 entities, in source file /home/pknipper/Desktop/Labs/Project1/3810Project1/Project2/sw/cpre3810-toolflow/proj/src/mux2t1_n.vhd
    Info (12022): Found design unit 1: mux2t1_n-rtl File: /home/pknipper/Desktop/Labs/Project1/3810Project1/Project2/sw/cpre3810-toolflow/proj/src/mux2t1_n.vhd Line: 15
    Info (12023): Found entity 1: mux2t1_n File: /home/pknipper/Desktop/Labs/Project1/3810Project1/Project2/sw/cpre3810-toolflow/proj/src/mux2t1_n.vhd Line: 5
Info (12021): Found 2 design units, including 1 entities, in source file /home/pknipper/Desktop/Labs/Project1/3810Project1/Project2/sw/cpre3810-toolflow/proj/src/mux32_1.vhd
    Info (12022): Found design unit 1: mux32_1-rtl File: /home/pknipper/Desktop/Labs/Project1/3810Project1/Project2/sw/cpre3810-toolflow/proj/src/mux32_1.vhd Line: 14
    Info (12023): Found entity 1: mux32_1 File: /home/pknipper/Desktop/Labs/Project1/3810Project1/Project2/sw/cpre3810-toolflow/proj/src/mux32_1.vhd Line: 6
Info (12021): Found 2 design units, including 1 entities, in source file /home/pknipper/Desktop/Labs/Project1/3810Project1/Project2/sw/cpre3810-toolflow/proj/src/reg_n.vhd
    Info (12022): Found design unit 1: reg_n-structural File: /home/pknipper/Desktop/Labs/Project1/3810Project1/Project2/sw/cpre3810-toolflow/proj/src/reg_n.vhd Line: 15
    Info (12023): Found entity 1: reg_n File: /home/pknipper/Desktop/Labs/Project1/3810Project1/Project2/sw/cpre3810-toolflow/proj/src/reg_n.vhd Line: 4
Info (12021): Found 2 design units, including 1 entities, in source file /home/pknipper/Desktop/Labs/Project1/3810Project1/Project2/sw/cpre3810-toolflow/proj/src/regfile.vhd
    Info (12022): Found design unit 1: regfile-rtl File: /home/pknipper/Desktop/Labs/Project1/3810Project1/Project2/sw/cpre3810-toolflow/proj/src/regfile.vhd Line: 19
    Info (12023): Found entity 1: regfile File: /home/pknipper/Desktop/Labs/Project1/3810Project1/Project2/sw/cpre3810-toolflow/proj/src/regfile.vhd Line: 5
Info (12021): Found 2 design units, including 1 entities, in source file /home/pknipper/Desktop/Labs/Project1/3810Project1/Project2/sw/cpre3810-toolflow/proj/src/sign_extender.vhd
    Info (12022): Found design unit 1: sign_extender-rtl File: /home/pknipper/Desktop/Labs/Project1/3810Project1/Project2/sw/cpre3810-toolflow/proj/src/sign_extender.vhd Line: 12
    Info (12023): Found entity 1: sign_extender File: /home/pknipper/Desktop/Labs/Project1/3810Project1/Project2/sw/cpre3810-toolflow/proj/src/sign_extender.vhd Line: 5
Info (12021): Found 2 design units, including 1 entities, in source file /home/pknipper/Desktop/Labs/Project1/3810Project1/Project2/sw/cpre3810-toolflow/proj/src/zero_extender.vhd
    Info (12022): Found design unit 1: zero_extender-rtl File: /home/pknipper/Desktop/Labs/Project1/3810Project1/Project2/sw/cpre3810-toolflow/proj/src/zero_extender.vhd Line: 12
    Info (12023): Found entity 1: zero_extender File: /home/pknipper/Desktop/Labs/Project1/3810Project1/Project2/sw/cpre3810-toolflow/proj/src/zero_extender.vhd Line: 5
Info (12127): Elaborating entity "RISCV_Processor" for the top level hierarchy
Warning (10036): Verilog HDL or VHDL warning at RISCV_Processor.vhd(57): object "s_Halt" assigned a value but never read File: /home/pknipper/Desktop/Labs/Project1/3810Project1/Project2/sw/cpre3810-toolflow/proj/src/RISCV_Processor.vhd Line: 57
Warning (10036): Verilog HDL or VHDL warning at RISCV_Processor.vhd(60): object "s_Ovfl" assigned a value but never read File: /home/pknipper/Desktop/Labs/Project1/3810Project1/Project2/sw/cpre3810-toolflow/proj/src/RISCV_Processor.vhd Line: 60
Warning (10036): Verilog HDL or VHDL warning at RISCV_Processor.vhd(312): object "s_Zero" assigned a value but never read File: /home/pknipper/Desktop/Labs/Project1/3810Project1/Project2/sw/cpre3810-toolflow/proj/src/RISCV_Processor.vhd Line: 312
Warning (10036): Verilog HDL or VHDL warning at RISCV_Processor.vhd(313): object "s_Overflow" assigned a value but never read File: /home/pknipper/Desktop/Labs/Project1/3810Project1/Project2/sw/cpre3810-toolflow/proj/src/RISCV_Processor.vhd Line: 313
Warning (10036): Verilog HDL or VHDL warning at RISCV_Processor.vhd(342): object "s_IDEX_RS1Addr" assigned a value but never read File: /home/pknipper/Desktop/Labs/Project1/3810Project1/Project2/sw/cpre3810-toolflow/proj/src/RISCV_Processor.vhd Line: 342
Warning (10036): Verilog HDL or VHDL warning at RISCV_Processor.vhd(343): object "s_IDEX_RS2Addr" assigned a value but never read File: /home/pknipper/Desktop/Labs/Project1/3810Project1/Project2/sw/cpre3810-toolflow/proj/src/RISCV_Processor.vhd Line: 343
Warning (10036): Verilog HDL or VHDL warning at RISCV_Processor.vhd(351): object "s_EXMEM_MemRead" assigned a value but never read File: /home/pknipper/Desktop/Labs/Project1/3810Project1/Project2/sw/cpre3810-toolflow/proj/src/RISCV_Processor.vhd Line: 351
Warning (10036): Verilog HDL or VHDL warning at RISCV_Processor.vhd(352): object "s_EXMEM_Branch" assigned a value but never read File: /home/pknipper/Desktop/Labs/Project1/3810Project1/Project2/sw/cpre3810-toolflow/proj/src/RISCV_Processor.vhd Line: 352
Warning (10036): Verilog HDL or VHDL warning at RISCV_Processor.vhd(353): object "s_EXMEM_BranchAddr" assigned a value but never read File: /home/pknipper/Desktop/Labs/Project1/3810Project1/Project2/sw/cpre3810-toolflow/proj/src/RISCV_Processor.vhd Line: 353
Warning (10036): Verilog HDL or VHDL warning at RISCV_Processor.vhd(354): object "s_EXMEM_BranchTaken" assigned a value but never read File: /home/pknipper/Desktop/Labs/Project1/3810Project1/Project2/sw/cpre3810-toolflow/proj/src/RISCV_Processor.vhd Line: 354
Warning (10036): Verilog HDL or VHDL warning at RISCV_Processor.vhd(355): object "s_EXMEM_WriteData" assigned a value but never read File: /home/pknipper/Desktop/Labs/Project1/3810Project1/Project2/sw/cpre3810-toolflow/proj/src/RISCV_Processor.vhd Line: 355
Info (12128): Elaborating entity "mem" for hierarchy "mem:IMem" File: /home/pknipper/Desktop/Labs/Project1/3810Project1/Project2/sw/cpre3810-toolflow/proj/src/RISCV_Processor.vhd Line: 382
Info (12128): Elaborating entity "fetch" for hierarchy "fetch:u_fetch" File: /home/pknipper/Desktop/Labs/Project1/3810Project1/Project2/sw/cpre3810-toolflow/proj/src/RISCV_Processor.vhd Line: 406
Info (12128): Elaborating entity "adder_n" for hierarchy "fetch:u_fetch|adder_n:u_add_pc4" File: /home/pknipper/Desktop/Labs/Project1/3810Project1/Project2/sw/cpre3810-toolflow/proj/src/fetch.vhd Line: 69
Info (12128): Elaborating entity "mux2t1_n" for hierarchy "fetch:u_fetch|mux2t1_n:u_mux_next" File: /home/pknipper/Desktop/Labs/Project1/3810Project1/Project2/sw/cpre3810-toolflow/proj/src/fetch.vhd Line: 77
Info (12128): Elaborating entity "IFID_reg" for hierarchy "IFID_reg:u_IFID" File: /home/pknipper/Desktop/Labs/Project1/3810Project1/Project2/sw/cpre3810-toolflow/proj/src/RISCV_Processor.vhd Line: 424
Info (12128): Elaborating entity "control" for hierarchy "control:u_control" File: /home/pknipper/Desktop/Labs/Project1/3810Project1/Project2/sw/cpre3810-toolflow/proj/src/RISCV_Processor.vhd Line: 443
Info (12128): Elaborating entity "regfile" for hierarchy "regfile:u_regfile" File: /home/pknipper/Desktop/Labs/Project1/3810Project1/Project2/sw/cpre3810-toolflow/proj/src/RISCV_Processor.vhd Line: 456
Info (12128): Elaborating entity "decoder5t32" for hierarchy "regfile:u_regfile|decoder5t32:DEC" File: /home/pknipper/Desktop/Labs/Project1/3810Project1/Project2/sw/cpre3810-toolflow/proj/src/regfile.vhd Line: 56
Info (12128): Elaborating entity "reg_n" for hierarchy "regfile:u_regfile|reg_n:\gen_regs:1:RX" File: /home/pknipper/Desktop/Labs/Project1/3810Project1/Project2/sw/cpre3810-toolflow/proj/src/regfile.vhd Line: 70
Info (12128): Elaborating entity "dffg" for hierarchy "regfile:u_regfile|reg_n:\gen_regs:1:RX|dffg:\gen_bits:0:u_ff" File: /home/pknipper/Desktop/Labs/Project1/3810Project1/Project2/sw/cpre3810-toolflow/proj/src/reg_n.vhd Line: 31
Info (12128): Elaborating entity "immgen" for hierarchy "immgen:u_immgen" File: /home/pknipper/Desktop/Labs/Project1/3810Project1/Project2/sw/cpre3810-toolflow/proj/src/RISCV_Processor.vhd Line: 470
Info (12128): Elaborating entity "IDEX_reg" for hierarchy "IDEX_reg:u_IDEX" File: /home/pknipper/Desktop/Labs/Project1/3810Project1/Project2/sw/cpre3810-toolflow/proj/src/RISCV_Processor.vhd Line: 486
Info (12128): Elaborating entity "alu_control" for hierarchy "alu_control:u_alu_control" File: /home/pknipper/Desktop/Labs/Project1/3810Project1/Project2/sw/cpre3810-toolflow/proj/src/RISCV_Processor.vhd Line: 532
Info (12128): Elaborating entity "alu" for hierarchy "alu:u_alu_inst" File: /home/pknipper/Desktop/Labs/Project1/3810Project1/Project2/sw/cpre3810-toolflow/proj/src/RISCV_Processor.vhd Line: 563
Info (12128): Elaborating entity "barrelshifter" for hierarchy "alu:u_alu_inst|barrelshifter:u_shifter" File: /home/pknipper/Desktop/Labs/Project1/3810Project1/Project2/sw/cpre3810-toolflow/proj/src/alu.vhd Line: 32
Info (12128): Elaborating entity "EXMEM_reg" for hierarchy "EXMEM_reg:u_EXMEM" File: /home/pknipper/Desktop/Labs/Project1/3810Project1/Project2/sw/cpre3810-toolflow/proj/src/RISCV_Processor.vhd Line: 577
Info (12128): Elaborating entity "MEMWB_reg" for hierarchy "MEMWB_reg:u_MEMWB" File: /home/pknipper/Desktop/Labs/Project1/3810Project1/Project2/sw/cpre3810-toolflow/proj/src/RISCV_Processor.vhd Line: 625
Info (19000): Inferred 3 megafunctions from design logic
    Info (276029): Inferred altsyncram megafunction from the following design logic: "mem:IMem|ram_rtl_0" 
        Info (286033): Parameter OPERATION_MODE set to SINGLE_PORT
        Info (286033): Parameter WIDTH_A set to 32
        Info (286033): Parameter WIDTHAD_A set to 10
        Info (286033): Parameter NUMWORDS_A set to 1024
        Info (286033): Parameter OUTDATA_REG_A set to UNREGISTERED
        Info (286033): Parameter ADDRESS_ACLR_A set to NONE
        Info (286033): Parameter OUTDATA_ACLR_A set to NONE
        Info (286033): Parameter READ_DURING_WRITE_MODE_PORT_A set to OLD_DATA
        Info (286033): Parameter INDATA_ACLR_A set to NONE
        Info (286033): Parameter WRCONTROL_ACLR_A set to NONE
    Info (276029): Inferred altsyncram megafunction from the following design logic: "mem:DMem|ram_rtl_0" 
        Info (286033): Parameter OPERATION_MODE set to SINGLE_PORT
        Info (286033): Parameter WIDTH_A set to 32
        Info (286033): Parameter WIDTHAD_A set to 10
        Info (286033): Parameter NUMWORDS_A set to 1024
        Info (286033): Parameter OUTDATA_REG_A set to UNREGISTERED
        Info (286033): Parameter ADDRESS_ACLR_A set to NONE
        Info (286033): Parameter OUTDATA_ACLR_A set to NONE
        Info (286033): Parameter READ_DURING_WRITE_MODE_PORT_A set to OLD_DATA
        Info (286033): Parameter INDATA_ACLR_A set to NONE
        Info (286033): Parameter WRCONTROL_ACLR_A set to NONE
    Info (276034): Inferred altshift_taps megafunction from the following design logic: "IDEX_reg:u_IDEX|o_MemToReg_rtl_0"
        Info (286033): Parameter NUMBER_OF_TAPS set to 1
        Info (286033): Parameter TAP_DISTANCE set to 3
        Info (286033): Parameter WIDTH set to 37
Info (12130): Elaborated megafunction instantiation "mem:IMem|altsyncram:ram_rtl_0"
Info (12133): Instantiated megafunction "mem:IMem|altsyncram:ram_rtl_0" with the following parameter:
    Info (12134): Parameter "OPERATION_MODE" = "SINGLE_PORT"
    Info (12134): Parameter "WIDTH_A" = "32"
    Info (12134): Parameter "WIDTHAD_A" = "10"
    Info (12134): Parameter "NUMWORDS_A" = "1024"
    Info (12134): Parameter "OUTDATA_REG_A" = "UNREGISTERED"
    Info (12134): Parameter "ADDRESS_ACLR_A" = "NONE"
    Info (12134): Parameter "OUTDATA_ACLR_A" = "NONE"
    Info (12134): Parameter "READ_DURING_WRITE_MODE_PORT_A" = "OLD_DATA"
    Info (12134): Parameter "INDATA_ACLR_A" = "NONE"
    Info (12134): Parameter "WRCONTROL_ACLR_A" = "NONE"
Info (12021): Found 1 design units, including 1 entities, in source file db/altsyncram_eg81.tdf
    Info (12023): Found entity 1: altsyncram_eg81 File: /home/pknipper/Desktop/Labs/Project1/3810Project1/Project2/sw/cpre3810-toolflow/internal/QuartusWork/db/altsyncram_eg81.tdf Line: 28
Info (12130): Elaborated megafunction instantiation "IDEX_reg:u_IDEX|altshift_taps:o_MemToReg_rtl_0"
Info (12133): Instantiated megafunction "IDEX_reg:u_IDEX|altshift_taps:o_MemToReg_rtl_0" with the following parameter:
    Info (12134): Parameter "NUMBER_OF_TAPS" = "1"
    Info (12134): Parameter "TAP_DISTANCE" = "3"
    Info (12134): Parameter "WIDTH" = "37"
Info (12021): Found 1 design units, including 1 entities, in source file db/shift_taps_hkm.tdf
    Info (12023): Found entity 1: shift_taps_hkm File: /home/pknipper/Desktop/Labs/Project1/3810Project1/Project2/sw/cpre3810-toolflow/internal/QuartusWork/db/shift_taps_hkm.tdf Line: 31
Info (12021): Found 1 design units, including 1 entities, in source file db/altsyncram_7961.tdf
    Info (12023): Found entity 1: altsyncram_7961 File: /home/pknipper/Desktop/Labs/Project1/3810Project1/Project2/sw/cpre3810-toolflow/internal/QuartusWork/db/altsyncram_7961.tdf Line: 28
Info (12021): Found 1 design units, including 1 entities, in source file db/add_sub_24e.tdf
    Info (12023): Found entity 1: add_sub_24e File: /home/pknipper/Desktop/Labs/Project1/3810Project1/Project2/sw/cpre3810-toolflow/internal/QuartusWork/db/add_sub_24e.tdf Line: 23
Info (12021): Found 1 design units, including 1 entities, in source file db/cntr_6pf.tdf
    Info (12023): Found entity 1: cntr_6pf File: /home/pknipper/Desktop/Labs/Project1/3810Project1/Project2/sw/cpre3810-toolflow/internal/QuartusWork/db/cntr_6pf.tdf Line: 25
Info (12021): Found 1 design units, including 1 entities, in source file db/cmpr_ogc.tdf
    Info (12023): Found entity 1: cmpr_ogc File: /home/pknipper/Desktop/Labs/Project1/3810Project1/Project2/sw/cpre3810-toolflow/internal/QuartusWork/db/cmpr_ogc.tdf Line: 23
Info (12021): Found 1 design units, including 1 entities, in source file db/cntr_p8h.tdf
    Info (12023): Found entity 1: cntr_p8h File: /home/pknipper/Desktop/Labs/Project1/3810Project1/Project2/sw/cpre3810-toolflow/internal/QuartusWork/db/cntr_p8h.tdf Line: 26
Info (13000): Registers with preset signals will power-up high File: /home/pknipper/Desktop/Labs/Project1/3810Project1/Project2/sw/cpre3810-toolflow/internal/QuartusWork/db/shift_taps_hkm.tdf Line: 42
Info (13003): DEV_CLRn pin will set, and not reset, register with preset signal due to NOT Gate Push-Back
Info (286030): Timing-Driven Synthesis is running
Info (17049): 2 registers lost all their fanouts during netlist optimizations.
Info (16010): Generating hard_block partition "hard_block:auto_generated_inst"
    Info (16011): Adding 0 node(s), including 0 DDIO, 0 PLL, 0 transceiver and 0 LCELL
Warning (21074): Design contains 22 input pin(s) that do not drive logic
    Warning (15610): No output dependent on input pin "iInstAddr[0]" File: /home/pknipper/Desktop/Labs/Project1/3810Project1/Project2/sw/cpre3810-toolflow/proj/src/RISCV_Processor.vhd Line: 30
    Warning (15610): No output dependent on input pin "iInstAddr[1]" File: /home/pknipper/Desktop/Labs/Project1/3810Project1/Project2/sw/cpre3810-toolflow/proj/src/RISCV_Processor.vhd Line: 30
    Warning (15610): No output dependent on input pin "iInstAddr[12]" File: /home/pknipper/Desktop/Labs/Project1/3810Project1/Project2/sw/cpre3810-toolflow/proj/src/RISCV_Processor.vhd Line: 30
    Warning (15610): No output dependent on input pin "iInstAddr[13]" File: /home/pknipper/Desktop/Labs/Project1/3810Project1/Project2/sw/cpre3810-toolflow/proj/src/RISCV_Processor.vhd Line: 30
    Warning (15610): No output dependent on input pin "iInstAddr[14]" File: /home/pknipper/Desktop/Labs/Project1/3810Project1/Project2/sw/cpre3810-toolflow/proj/src/RISCV_Processor.vhd Line: 30
    Warning (15610): No output dependent on input pin "iInstAddr[15]" File: /home/pknipper/Desktop/Labs/Project1/3810Project1/Project2/sw/cpre3810-toolflow/proj/src/RISCV_Processor.vhd Line: 30
    Warning (15610): No output dependent on input pin "iInstAddr[16]" File: /home/pknipper/Desktop/Labs/Project1/3810Project1/Project2/sw/cpre3810-toolflow/proj/src/RISCV_Processor.vhd Line: 30
    Warning (15610): No output dependent on input pin "iInstAddr[17]" File: /home/pknipper/Desktop/Labs/Project1/3810Project1/Project2/sw/cpre3810-toolflow/proj/src/RISCV_Processor.vhd Line: 30
    Warning (15610): No output dependent on input pin "iInstAddr[18]" File: /home/pknipper/Desktop/Labs/Project1/3810Project1/Project2/sw/cpre3810-toolflow/proj/src/RISCV_Processor.vhd Line: 30
    Warning (15610): No output dependent on input pin "iInstAddr[19]" File: /home/pknipper/Desktop/Labs/Project1/3810Project1/Project2/sw/cpre3810-toolflow/proj/src/RISCV_Processor.vhd Line: 30
    Warning (15610): No output dependent on input pin "iInstAddr[20]" File: /home/pknipper/Desktop/Labs/Project1/3810Project1/Project2/sw/cpre3810-toolflow/proj/src/RISCV_Processor.vhd Line: 30
    Warning (15610): No output dependent on input pin "iInstAddr[21]" File: /home/pknipper/Desktop/Labs/Project1/3810Project1/Project2/sw/cpre3810-toolflow/proj/src/RISCV_Processor.vhd Line: 30
    Warning (15610): No output dependent on input pin "iInstAddr[22]" File: /home/pknipper/Desktop/Labs/Project1/3810Project1/Project2/sw/cpre3810-toolflow/proj/src/RISCV_Processor.vhd Line: 30
    Warning (15610): No output dependent on input pin "iInstAddr[23]" File: /home/pknipper/Desktop/Labs/Project1/3810Project1/Project2/sw/cpre3810-toolflow/proj/src/RISCV_Processor.vhd Line: 30
    Warning (15610): No output dependent on input pin "iInstAddr[24]" File: /home/pknipper/Desktop/Labs/Project1/3810Project1/Project2/sw/cpre3810-toolflow/proj/src/RISCV_Processor.vhd Line: 30
    Warning (15610): No output dependent on input pin "iInstAddr[25]" File: /home/pknipper/Desktop/Labs/Project1/3810Project1/Project2/sw/cpre3810-toolflow/proj/src/RISCV_Processor.vhd Line: 30
    Warning (15610): No output dependent on input pin "iInstAddr[26]" File: /home/pknipper/Desktop/Labs/Project1/3810Project1/Project2/sw/cpre3810-toolflow/proj/src/RISCV_Processor.vhd Line: 30
    Warning (15610): No output dependent on input pin "iInstAddr[27]" File: /home/pknipper/Desktop/Labs/Project1/3810Project1/Project2/sw/cpre3810-toolflow/proj/src/RISCV_Processor.vhd Line: 30
    Warning (15610): No output dependent on input pin "iInstAddr[28]" File: /home/pknipper/Desktop/Labs/Project1/3810Project1/Project2/sw/cpre3810-toolflow/proj/src/RISCV_Processor.vhd Line: 30
    Warning (15610): No output dependent on input pin "iInstAddr[29]" File: /home/pknipper/Desktop/Labs/Project1/3810Project1/Project2/sw/cpre3810-toolflow/proj/src/RISCV_Processor.vhd Line: 30
    Warning (15610): No output dependent on input pin "iInstAddr[30]" File: /home/pknipper/Desktop/Labs/Project1/3810Project1/Project2/sw/cpre3810-toolflow/proj/src/RISCV_Processor.vhd Line: 30
    Warning (15610): No output dependent on input pin "iInstAddr[31]" File: /home/pknipper/Desktop/Labs/Project1/3810Project1/Project2/sw/cpre3810-toolflow/proj/src/RISCV_Processor.vhd Line: 30
Info (21057): Implemented 4175 device resources after synthesis - the final resource count might be different
    Info (21058): Implemented 67 input pins
    Info (21059): Implemented 32 output pins
    Info (21061): Implemented 3975 logic cells
    Info (21064): Implemented 101 RAM segments
Info: Quartus Prime Analysis & Synthesis was successful. 0 errors, 35 warnings
    Info: Peak virtual memory: 670 megabytes
    Info: Processing ended: Mon Dec  8 09:14:53 2025
    Info: Elapsed time: 00:00:26
    Info: Total CPU time (on all processors): 00:00:22
Info: *******************************************************************
Info: Running Quartus Prime Fitter
    Info: Version 20.1.1 Build 720 11/11/2020 SJ Standard Edition
    Info: Copyright (C) 2020  Intel Corporation. All rights reserved.
    Info: Your use of Intel Corporation's design tools, logic functions 
    Info: and other software and tools, and any partner logic 
    Info: functions, and any output files from any of the foregoing 
    Info: (including device programming or simulation files), and any 
    Info: associated documentation or information are expressly subject 
    Info: to the terms and conditions of the Intel Program License 
    Info: Subscription Agreement, the Intel Quartus Prime License Agreement,
    Info: the Intel FPGA IP License Agreement, or other applicable license
    Info: agreement, including, without limitation, that your use is for
    Info: the sole purpose of programming logic devices manufactured by
    Info: Intel and sold by Intel or its authorized distributors.  Please
    Info: refer to the applicable agreement for further details, at
    Info: https://fpgasoftware.intel.com/eula.
    Info: Processing started: Mon Dec  8 09:14:54 2025
Info: Command: quartus_fit --read_settings_files=on --write_settings_files=off toolflow -c toolflow
Info: qfit2_default_script.tcl version: #1
Info: Project  = toolflow
Info: Revision = toolflow
Warning (18236): Number of processors has not been specified which may cause overloading on shared machines.  Set the global assignment NUM_PARALLEL_PROCESSORS in your QSF to an appropriate value for best performance.
Info (20030): Parallel compilation is enabled and will use 4 of the 4 processors detected
Info (119006): Selected device EP4CE115F29C7 for design "toolflow"
Info (21076): High junction temperature operating condition is not set. Assuming a default value of '85'.
Info (21076): Low junction temperature operating condition is not set. Assuming a default value of '0'.
Info (171003): Fitter is performing an Auto Fit compilation, which may decrease Fitter effort to reduce compilation time
Info (176444): Device migration not selected. If you intend to use device migration later, you may need to change the pin assignments as they may be incompatible with other devices
    Info (176445): Device EP4CE40F29C7 is compatible
    Info (176445): Device EP4CE40F29I7 is compatible
    Info (176445): Device EP4CE30F29C7 is compatible
    Info (176445): Device EP4CE30F29I7 is compatible
    Info (176445): Device EP4CE55F29C7 is compatible
    Info (176445): Device EP4CE55F29I7 is compatible
    Info (176445): Device EP4CE75F29C7 is compatible
    Info (176445): Device EP4CE75F29I7 is compatible
    Info (176445): Device EP4CE115F29I7 is compatible
Info (169124): Fitter converted 5 user pins into dedicated programming pins
    Info (169125): Pin ~ALTERA_ASDO_DATA1~ is reserved at location F4
    Info (169125): Pin ~ALTERA_FLASH_nCE_nCSO~ is reserved at location E2
    Info (169125): Pin ~ALTERA_DCLK~ is reserved at location P3
    Info (169125): Pin ~ALTERA_DATA0~ is reserved at location N7
    Info (169125): Pin ~ALTERA_nCEO~ is reserved at location P28
Warning (15714): Some pins have incomplete I/O assignments. Refer to the I/O Assignment Warnings report for details
Info (176045): Design uses memory blocks. Violating setup or hold times of memory block address registers for either read or write operations could cause memory contents to be corrupted. Make sure that all memory block address registers meet the setup and hold time requirements.
Critical Warning (169085): No exact pin location assignment(s) for 99 pins of 99 total pins. For the list of pins please refer to the I/O Assignment Warnings table in the fitter report.
Info (332104): Reading SDC File: 'toolflow.sdc'
Info (332129): Detected timing requirements -- optimizing circuit to achieve only the specified requirements
Info (332111): Found 1 clocks
    Info (332111):   Period   Clock Name
    Info (332111): ======== ============
    Info (332111):   20.000         iCLK
Info (176353): Automatically promoted node iCLK~input (placed in PIN J1 (CLK1, DIFFCLK_0n)) File: /home/pknipper/Desktop/Labs/Project1/3810Project1/Project2/sw/cpre3810-toolflow/proj/src/RISCV_Processor.vhd Line: 27
    Info (176355): Automatically promoted destinations to use location or clock signal Global Clock CLKCTRL_G2
Info (176353): Automatically promoted node iRST~input (placed in PIN Y2 (CLK2, DIFFCLK_1p)) File: /home/pknipper/Desktop/Labs/Project1/3810Project1/Project2/sw/cpre3810-toolflow/proj/src/RISCV_Processor.vhd Line: 28
    Info (176355): Automatically promoted destinations to use location or clock signal Global Clock CLKCTRL_G4
Info (176233): Starting register packing
Info (176235): Finished register packing
    Extra Info (176219): No registers were packed into other blocks
Info (176214): Statistics of I/O pins that need to be placed that use the same VCCIO and VREF, before I/O pin placement
    Info (176211): Number of I/O pins in group: 97 (unused VREF, 2.5V VCCIO, 65 input, 32 output, 0 bidirectional)
        Info (176212): I/O standards used: 2.5 V.
Info (176215): I/O bank details before I/O pin placement
    Info (176214): Statistics of I/O banks
        Info (176213): I/O bank number 1 does not use VREF pins and has undetermined VCCIO pins. 5 total pin(s) used --  51 pins available
        Info (176213): I/O bank number 2 does not use VREF pins and has undetermined VCCIO pins. 1 total pin(s) used --  62 pins available
        Info (176213): I/O bank number 3 does not use VREF pins and has undetermined VCCIO pins. 0 total pin(s) used --  73 pins available
        Info (176213): I/O bank number 4 does not use VREF pins and has undetermined VCCIO pins. 0 total pin(s) used --  71 pins available
        Info (176213): I/O bank number 5 does not use VREF pins and has undetermined VCCIO pins. 0 total pin(s) used --  65 pins available
        Info (176213): I/O bank number 6 does not use VREF pins and has undetermined VCCIO pins. 1 total pin(s) used --  57 pins available
        Info (176213): I/O bank number 7 does not use VREF pins and has undetermined VCCIO pins. 0 total pin(s) used --  72 pins available
        Info (176213): I/O bank number 8 does not use VREF pins and has undetermined VCCIO pins. 0 total pin(s) used --  71 pins available
Info (171121): Fitter preparation operations ending: elapsed time is 00:00:04
Info (14896): Fitter has disabled Advanced Physical Optimization because it is not supported for the current family.
Info (170189): Fitter placement preparation operations beginning
Info (170190): Fitter placement preparation operations ending: elapsed time is 00:00:01
Info (170191): Fitter placement operations beginning
Info (170137): Fitter placement was successful
Info (170192): Fitter placement operations ending: elapsed time is 00:00:06
Info (170193): Fitter routing operations beginning
Info (170195): Router estimated average interconnect usage is 1% of the available device resources
    Info (170196): Router estimated peak interconnect usage is 39% of the available device resources in the region that extends from location X58_Y37 to location X68_Y48
Info (170199): The Fitter performed an Auto Fit compilation.  Optimizations were skipped to reduce compilation time.
    Info (170201): Optimizations that may affect the design's routability were skipped
    Info (170200): Optimizations that may affect the design's timing were skipped
Info (170194): Fitter routing operations ending: elapsed time is 00:00:05
Info (11888): Total time spent on timing analysis during the Fitter is 0.87 seconds.
Info (334003): Started post-fitting delay annotation
Info (334004): Delay annotation completed successfully
Info (334003): Started post-fitting delay annotation
Info (334004): Delay annotation completed successfully
Info (11218): Fitter post-fit operations ending: elapsed time is 00:00:02
Info (144001): Generated suppressed messages file /home/pknipper/Desktop/Labs/Project1/3810Project1/Project2/sw/cpre3810-toolflow/internal/QuartusWork/output_files/toolflow.fit.smsg
Info: Quartus Prime Fitter was successful. 0 errors, 3 warnings
    Info: Peak virtual memory: 1413 megabytes
    Info: Processing ended: Mon Dec  8 09:15:21 2025
    Info: Elapsed time: 00:00:27
    Info: Total CPU time (on all processors): 00:00:34
Info: *******************************************************************
Info: Running Quartus Prime Assembler
    Info: Version 20.1.1 Build 720 11/11/2020 SJ Standard Edition
    Info: Copyright (C) 2020  Intel Corporation. All rights reserved.
    Info: Your use of Intel Corporation's design tools, logic functions 
    Info: and other software and tools, and any partner logic 
    Info: functions, and any output files from any of the foregoing 
    Info: (including device programming or simulation files), and any 
    Info: associated documentation or information are expressly subject 
    Info: to the terms and conditions of the Intel Program License 
    Info: Subscription Agreement, the Intel Quartus Prime License Agreement,
    Info: the Intel FPGA IP License Agreement, or other applicable license
    Info: agreement, including, without limitation, that your use is for
    Info: the sole purpose of programming logic devices manufactured by
    Info: Intel and sold by Intel or its authorized distributors.  Please
    Info: refer to the applicable agreement for further details, at
    Info: https://fpgasoftware.intel.com/eula.
    Info: Processing started: Mon Dec  8 09:15:22 2025
Info: Command: quartus_asm --read_settings_files=on --write_settings_files=off toolflow -c toolflow
Warning (18236): Number of processors has not been specified which may cause overloading on shared machines.  Set the global assignment NUM_PARALLEL_PROCESSORS in your QSF to an appropriate value for best performance.
Info (115031): Writing out detailed assembly data for power analysis
Info (115030): Assembler is generating device programming files
Info: Quartus Prime Assembler was successful. 0 errors, 1 warning
    Info: Peak virtual memory: 584 megabytes
    Info: Processing ended: Mon Dec  8 09:15:25 2025
    Info: Elapsed time: 00:00:03
    Info: Total CPU time (on all processors): 00:00:02
