Info: *******************************************************************
Info: Running Quartus Prime Analysis & Synthesis
    Info: Version 20.1.1 Build 720 11/11/2020 SJ Standard Edition
    Info: Copyright (C) 2020  Intel Corporation. All rights reserved.
    Info: Your use of Intel Corporation's design tools, logic functions 
    Info: and other software and tools, and any partner logic 
    Info: functions, and any output files from any of the foregoing 
    Info: (including device programming or simulation files), and any 
    Info: associated documentation or information are expressly subject 
    Info: to the terms and conditions of the Intel Program License 
    Info: Subscription Agreement, the Intel Quartus Prime License Agreement,
    Info: the Intel FPGA IP License Agreement, or other applicable license
    Info: agreement, including, without limitation, that your use is for
    Info: the sole purpose of programming logic devices manufactured by
    Info: Intel and sold by Intel or its authorized distributors.  Please
    Info: refer to the applicable agreement for further details, at
    Info: https://fpgasoftware.intel.com/eula.
    Info: Processing started: Wed Dec 10 16:19:50 2025
Info: Command: quartus_map --read_settings_files=on --write_settings_files=off toolflow -c toolflow
Warning (18236): Number of processors has not been specified which may cause overloading on shared machines.  Set the global assignment NUM_PARALLEL_PROCESSORS in your QSF to an appropriate value for best performance.
Info (20030): Parallel compilation is enabled and will use 4 of the 4 processors detected
Info (12021): Found 2 design units, including 1 entities, in source file /home/auhun47/project1/3810Project1/Project2/hw/cpre3810-toolflow/proj/src/EXMEM_reg.vhd
    Info (12022): Found design unit 1: EXMEM_reg-behavioral File: /home/auhun47/project1/3810Project1/Project2/hw/cpre3810-toolflow/proj/src/EXMEM_reg.vhd Line: 48
    Info (12023): Found entity 1: EXMEM_reg File: /home/auhun47/project1/3810Project1/Project2/hw/cpre3810-toolflow/proj/src/EXMEM_reg.vhd Line: 6
Info (12021): Found 2 design units, including 1 entities, in source file /home/auhun47/project1/3810Project1/Project2/hw/cpre3810-toolflow/proj/src/IDEX_reg.vhd
    Info (12022): Found design unit 1: IDEX_reg-behavioral File: /home/auhun47/project1/3810Project1/Project2/hw/cpre3810-toolflow/proj/src/IDEX_reg.vhd Line: 54
    Info (12023): Found entity 1: IDEX_reg File: /home/auhun47/project1/3810Project1/Project2/hw/cpre3810-toolflow/proj/src/IDEX_reg.vhd Line: 6
Info (12021): Found 2 design units, including 1 entities, in source file /home/auhun47/project1/3810Project1/Project2/hw/cpre3810-toolflow/proj/src/IFID_reg.vhd
    Info (12022): Found design unit 1: IFID_reg-behavioral File: /home/auhun47/project1/3810Project1/Project2/hw/cpre3810-toolflow/proj/src/IFID_reg.vhd Line: 25
    Info (12023): Found entity 1: IFID_reg File: /home/auhun47/project1/3810Project1/Project2/hw/cpre3810-toolflow/proj/src/IFID_reg.vhd Line: 6
Info (12021): Found 2 design units, including 1 entities, in source file /home/auhun47/project1/3810Project1/Project2/hw/cpre3810-toolflow/proj/src/MEMWB_reg.vhd
    Info (12022): Found design unit 1: MEMWB_reg-behavioral File: /home/auhun47/project1/3810Project1/Project2/hw/cpre3810-toolflow/proj/src/MEMWB_reg.vhd Line: 36
    Info (12023): Found entity 1: MEMWB_reg File: /home/auhun47/project1/3810Project1/Project2/hw/cpre3810-toolflow/proj/src/MEMWB_reg.vhd Line: 6
Info (12021): Found 2 design units, including 1 entities, in source file /home/auhun47/project1/3810Project1/Project2/hw/cpre3810-toolflow/proj/src/RISCV_Processor.vhd
    Info (12022): Found design unit 1: RISCV_Processor-structure File: /home/auhun47/project1/3810Project1/Project2/hw/cpre3810-toolflow/proj/src/RISCV_Processor.vhd Line: 54
    Info (12023): Found entity 1: RISCV_Processor File: /home/auhun47/project1/3810Project1/Project2/hw/cpre3810-toolflow/proj/src/RISCV_Processor.vhd Line: 42
Info (12021): Found 2 design units, including 0 entities, in source file /home/auhun47/project1/3810Project1/Project2/hw/cpre3810-toolflow/proj/src/RISCV_types.vhd
    Info (12022): Found design unit 1: RISCV_types File: /home/auhun47/project1/3810Project1/Project2/hw/cpre3810-toolflow/proj/src/RISCV_types.vhd Line: 15
    Info (12022): Found design unit 2: RISCV_types-body File: /home/auhun47/project1/3810Project1/Project2/hw/cpre3810-toolflow/proj/src/RISCV_types.vhd Line: 30
Info (12021): Found 2 design units, including 1 entities, in source file /home/auhun47/project1/3810Project1/Project2/hw/cpre3810-toolflow/proj/src/adder_n.vhd
    Info (12022): Found design unit 1: adder_n-rtl File: /home/auhun47/project1/3810Project1/Project2/hw/cpre3810-toolflow/proj/src/adder_n.vhd Line: 15
    Info (12023): Found entity 1: adder_n File: /home/auhun47/project1/3810Project1/Project2/hw/cpre3810-toolflow/proj/src/adder_n.vhd Line: 6
Info (12021): Found 2 design units, including 1 entities, in source file /home/auhun47/project1/3810Project1/Project2/hw/cpre3810-toolflow/proj/src/addsub.vhd
    Info (12022): Found design unit 1: addsub-rtl File: /home/auhun47/project1/3810Project1/Project2/hw/cpre3810-toolflow/proj/src/addsub.vhd Line: 13
    Info (12023): Found entity 1: addsub File: /home/auhun47/project1/3810Project1/Project2/hw/cpre3810-toolflow/proj/src/addsub.vhd Line: 5
Info (12021): Found 2 design units, including 1 entities, in source file /home/auhun47/project1/3810Project1/Project2/hw/cpre3810-toolflow/proj/src/alu.vhd
    Info (12022): Found design unit 1: alu-structural File: /home/auhun47/project1/3810Project1/Project2/hw/cpre3810-toolflow/proj/src/alu.vhd Line: 14
    Info (12023): Found entity 1: alu File: /home/auhun47/project1/3810Project1/Project2/hw/cpre3810-toolflow/proj/src/alu.vhd Line: 5
Info (12021): Found 2 design units, including 1 entities, in source file /home/auhun47/project1/3810Project1/Project2/hw/cpre3810-toolflow/proj/src/alu_control.vhd
    Info (12022): Found design unit 1: alu_control-dataflow File: /home/auhun47/project1/3810Project1/Project2/hw/cpre3810-toolflow/proj/src/alu_control.vhd Line: 13
    Info (12023): Found entity 1: alu_control File: /home/auhun47/project1/3810Project1/Project2/hw/cpre3810-toolflow/proj/src/alu_control.vhd Line: 4
Info (12021): Found 2 design units, including 1 entities, in source file /home/auhun47/project1/3810Project1/Project2/hw/cpre3810-toolflow/proj/src/barrelshifter.vhd
    Info (12022): Found design unit 1: barrelshifter-dataflow File: /home/auhun47/project1/3810Project1/Project2/hw/cpre3810-toolflow/proj/src/barrelshifter.vhd Line: 12
    Info (12023): Found entity 1: barrelshifter File: /home/auhun47/project1/3810Project1/Project2/hw/cpre3810-toolflow/proj/src/barrelshifter.vhd Line: 5
Info (12021): Found 2 design units, including 1 entities, in source file /home/auhun47/project1/3810Project1/Project2/hw/cpre3810-toolflow/proj/src/control.vhd
    Info (12022): Found design unit 1: control-dataflow File: /home/auhun47/project1/3810Project1/Project2/hw/cpre3810-toolflow/proj/src/control.vhd Line: 14
    Info (12023): Found entity 1: control File: /home/auhun47/project1/3810Project1/Project2/hw/cpre3810-toolflow/proj/src/control.vhd Line: 4
Info (12021): Found 2 design units, including 1 entities, in source file /home/auhun47/project1/3810Project1/Project2/hw/cpre3810-toolflow/proj/src/decoder5t32.vhd
    Info (12022): Found design unit 1: decoder5t32-dataflow File: /home/auhun47/project1/3810Project1/Project2/hw/cpre3810-toolflow/proj/src/decoder5t32.vhd Line: 21
    Info (12023): Found entity 1: decoder5t32 File: /home/auhun47/project1/3810Project1/Project2/hw/cpre3810-toolflow/proj/src/decoder5t32.vhd Line: 13
Info (12021): Found 2 design units, including 1 entities, in source file /home/auhun47/project1/3810Project1/Project2/hw/cpre3810-toolflow/proj/src/dffg.vhd
    Info (12022): Found design unit 1: dffg-mixed File: /home/auhun47/project1/3810Project1/Project2/hw/cpre3810-toolflow/proj/src/dffg.vhd Line: 33
    Info (12023): Found entity 1: dffg File: /home/auhun47/project1/3810Project1/Project2/hw/cpre3810-toolflow/proj/src/dffg.vhd Line: 23
Info (12021): Found 2 design units, including 1 entities, in source file /home/auhun47/project1/3810Project1/Project2/hw/cpre3810-toolflow/proj/src/fetch.vhd
    Info (12022): Found design unit 1: fetch-structural File: /home/auhun47/project1/3810Project1/Project2/hw/cpre3810-toolflow/proj/src/fetch.vhd Line: 30
    Info (12023): Found entity 1: fetch File: /home/auhun47/project1/3810Project1/Project2/hw/cpre3810-toolflow/proj/src/fetch.vhd Line: 8
Info (12021): Found 2 design units, including 1 entities, in source file /home/auhun47/project1/3810Project1/Project2/hw/cpre3810-toolflow/proj/src/forwarding_unit.vhd
    Info (12022): Found design unit 1: forwarding_unit-behavioral File: /home/auhun47/project1/3810Project1/Project2/hw/cpre3810-toolflow/proj/src/forwarding_unit.vhd Line: 26
    Info (12023): Found entity 1: forwarding_unit File: /home/auhun47/project1/3810Project1/Project2/hw/cpre3810-toolflow/proj/src/forwarding_unit.vhd Line: 6
Info (12021): Found 2 design units, including 1 entities, in source file /home/auhun47/project1/3810Project1/Project2/hw/cpre3810-toolflow/proj/src/hazard_detection.vhd
    Info (12022): Found design unit 1: hazard_detection-behavioral File: /home/auhun47/project1/3810Project1/Project2/hw/cpre3810-toolflow/proj/src/hazard_detection.vhd Line: 50
    Info (12023): Found entity 1: hazard_detection File: /home/auhun47/project1/3810Project1/Project2/hw/cpre3810-toolflow/proj/src/hazard_detection.vhd Line: 23
Info (12021): Found 2 design units, including 1 entities, in source file /home/auhun47/project1/3810Project1/Project2/hw/cpre3810-toolflow/proj/src/immgen.vhd
    Info (12022): Found design unit 1: immgen-dataflow File: /home/auhun47/project1/3810Project1/Project2/hw/cpre3810-toolflow/proj/src/immgen.vhd Line: 9
    Info (12023): Found entity 1: immgen File: /home/auhun47/project1/3810Project1/Project2/hw/cpre3810-toolflow/proj/src/immgen.vhd Line: 4
Info (12021): Found 2 design units, including 1 entities, in source file /home/auhun47/project1/3810Project1/Project2/hw/cpre3810-toolflow/proj/src/mem.vhd
    Info (12022): Found design unit 1: mem-rtl File: /home/auhun47/project1/3810Project1/Project2/hw/cpre3810-toolflow/proj/src/mem.vhd Line: 27
    Info (12023): Found entity 1: mem File: /home/auhun47/project1/3810Project1/Project2/hw/cpre3810-toolflow/proj/src/mem.vhd Line: 8
Info (12021): Found 2 design units, including 1 entities, in source file /home/auhun47/project1/3810Project1/Project2/hw/cpre3810-toolflow/proj/src/mux2t1_n.vhd
    Info (12022): Found design unit 1: mux2t1_n-rtl File: /home/auhun47/project1/3810Project1/Project2/hw/cpre3810-toolflow/proj/src/mux2t1_n.vhd Line: 15
    Info (12023): Found entity 1: mux2t1_n File: /home/auhun47/project1/3810Project1/Project2/hw/cpre3810-toolflow/proj/src/mux2t1_n.vhd Line: 5
Info (12021): Found 2 design units, including 1 entities, in source file /home/auhun47/project1/3810Project1/Project2/hw/cpre3810-toolflow/proj/src/mux32_1.vhd
    Info (12022): Found design unit 1: mux32_1-rtl File: /home/auhun47/project1/3810Project1/Project2/hw/cpre3810-toolflow/proj/src/mux32_1.vhd Line: 14
    Info (12023): Found entity 1: mux32_1 File: /home/auhun47/project1/3810Project1/Project2/hw/cpre3810-toolflow/proj/src/mux32_1.vhd Line: 6
Info (12021): Found 2 design units, including 1 entities, in source file /home/auhun47/project1/3810Project1/Project2/hw/cpre3810-toolflow/proj/src/mux3t1_n.vhd
    Info (12022): Found design unit 1: mux3t1_n-dataflow File: /home/auhun47/project1/3810Project1/Project2/hw/cpre3810-toolflow/proj/src/mux3t1_n.vhd Line: 17
    Info (12023): Found entity 1: mux3t1_n File: /home/auhun47/project1/3810Project1/Project2/hw/cpre3810-toolflow/proj/src/mux3t1_n.vhd Line: 6
Info (12021): Found 2 design units, including 1 entities, in source file /home/auhun47/project1/3810Project1/Project2/hw/cpre3810-toolflow/proj/src/reg_n.vhd
    Info (12022): Found design unit 1: reg_n-structural File: /home/auhun47/project1/3810Project1/Project2/hw/cpre3810-toolflow/proj/src/reg_n.vhd Line: 15
    Info (12023): Found entity 1: reg_n File: /home/auhun47/project1/3810Project1/Project2/hw/cpre3810-toolflow/proj/src/reg_n.vhd Line: 4
Info (12021): Found 2 design units, including 1 entities, in source file /home/auhun47/project1/3810Project1/Project2/hw/cpre3810-toolflow/proj/src/regfile.vhd
    Info (12022): Found design unit 1: regfile-rtl File: /home/auhun47/project1/3810Project1/Project2/hw/cpre3810-toolflow/proj/src/regfile.vhd Line: 19
    Info (12023): Found entity 1: regfile File: /home/auhun47/project1/3810Project1/Project2/hw/cpre3810-toolflow/proj/src/regfile.vhd Line: 5
Info (12021): Found 2 design units, including 1 entities, in source file /home/auhun47/project1/3810Project1/Project2/hw/cpre3810-toolflow/proj/src/sign_extender.vhd
    Info (12022): Found design unit 1: sign_extender-rtl File: /home/auhun47/project1/3810Project1/Project2/hw/cpre3810-toolflow/proj/src/sign_extender.vhd Line: 12
    Info (12023): Found entity 1: sign_extender File: /home/auhun47/project1/3810Project1/Project2/hw/cpre3810-toolflow/proj/src/sign_extender.vhd Line: 5
Info (12021): Found 2 design units, including 1 entities, in source file /home/auhun47/project1/3810Project1/Project2/hw/cpre3810-toolflow/proj/src/zero_extender.vhd
    Info (12022): Found design unit 1: zero_extender-rtl File: /home/auhun47/project1/3810Project1/Project2/hw/cpre3810-toolflow/proj/src/zero_extender.vhd Line: 12
    Info (12023): Found entity 1: zero_extender File: /home/auhun47/project1/3810Project1/Project2/hw/cpre3810-toolflow/proj/src/zero_extender.vhd Line: 5
Info (12127): Elaborating entity "RISCV_Processor" for the top level hierarchy
Warning (10036): Verilog HDL or VHDL warning at RISCV_Processor.vhd(77): object "s_Ovfl" assigned a value but never read File: /home/auhun47/project1/3810Project1/Project2/hw/cpre3810-toolflow/proj/src/RISCV_Processor.vhd Line: 77
Warning (10036): Verilog HDL or VHDL warning at RISCV_Processor.vhd(356): object "s_ControlHazard" assigned a value but never read File: /home/auhun47/project1/3810Project1/Project2/hw/cpre3810-toolflow/proj/src/RISCV_Processor.vhd Line: 356
Warning (10036): Verilog HDL or VHDL warning at RISCV_Processor.vhd(391): object "s_Zero" assigned a value but never read File: /home/auhun47/project1/3810Project1/Project2/hw/cpre3810-toolflow/proj/src/RISCV_Processor.vhd Line: 391
Warning (10036): Verilog HDL or VHDL warning at RISCV_Processor.vhd(392): object "s_Overflow" assigned a value but never read File: /home/auhun47/project1/3810Project1/Project2/hw/cpre3810-toolflow/proj/src/RISCV_Processor.vhd Line: 392
Warning (10036): Verilog HDL or VHDL warning at RISCV_Processor.vhd(436): object "s_EXMEM_MemRead" assigned a value but never read File: /home/auhun47/project1/3810Project1/Project2/hw/cpre3810-toolflow/proj/src/RISCV_Processor.vhd Line: 436
Warning (10036): Verilog HDL or VHDL warning at RISCV_Processor.vhd(437): object "s_EXMEM_Branch" assigned a value but never read File: /home/auhun47/project1/3810Project1/Project2/hw/cpre3810-toolflow/proj/src/RISCV_Processor.vhd Line: 437
Warning (10036): Verilog HDL or VHDL warning at RISCV_Processor.vhd(438): object "s_EXMEM_BranchAddr" assigned a value but never read File: /home/auhun47/project1/3810Project1/Project2/hw/cpre3810-toolflow/proj/src/RISCV_Processor.vhd Line: 438
Warning (10036): Verilog HDL or VHDL warning at RISCV_Processor.vhd(439): object "s_EXMEM_BranchTaken" assigned a value but never read File: /home/auhun47/project1/3810Project1/Project2/hw/cpre3810-toolflow/proj/src/RISCV_Processor.vhd Line: 439
Warning (10036): Verilog HDL or VHDL warning at RISCV_Processor.vhd(440): object "s_EXMEM_WriteData" assigned a value but never read File: /home/auhun47/project1/3810Project1/Project2/hw/cpre3810-toolflow/proj/src/RISCV_Processor.vhd Line: 440
Info (12128): Elaborating entity "mem" for hierarchy "mem:IMem" File: /home/auhun47/project1/3810Project1/Project2/hw/cpre3810-toolflow/proj/src/RISCV_Processor.vhd Line: 467
Info (12128): Elaborating entity "fetch" for hierarchy "fetch:u_fetch" File: /home/auhun47/project1/3810Project1/Project2/hw/cpre3810-toolflow/proj/src/RISCV_Processor.vhd Line: 493
Info (12128): Elaborating entity "adder_n" for hierarchy "fetch:u_fetch|adder_n:u_add_pc4" File: /home/auhun47/project1/3810Project1/Project2/hw/cpre3810-toolflow/proj/src/fetch.vhd Line: 69
Info (12128): Elaborating entity "mux2t1_n" for hierarchy "fetch:u_fetch|mux2t1_n:u_mux_next" File: /home/auhun47/project1/3810Project1/Project2/hw/cpre3810-toolflow/proj/src/fetch.vhd Line: 77
Info (12128): Elaborating entity "IFID_reg" for hierarchy "IFID_reg:u_IFID" File: /home/auhun47/project1/3810Project1/Project2/hw/cpre3810-toolflow/proj/src/RISCV_Processor.vhd Line: 512
Info (12128): Elaborating entity "control" for hierarchy "control:u_control" File: /home/auhun47/project1/3810Project1/Project2/hw/cpre3810-toolflow/proj/src/RISCV_Processor.vhd Line: 537
Info (12128): Elaborating entity "regfile" for hierarchy "regfile:u_regfile" File: /home/auhun47/project1/3810Project1/Project2/hw/cpre3810-toolflow/proj/src/RISCV_Processor.vhd Line: 567
Info (12128): Elaborating entity "decoder5t32" for hierarchy "regfile:u_regfile|decoder5t32:DEC" File: /home/auhun47/project1/3810Project1/Project2/hw/cpre3810-toolflow/proj/src/regfile.vhd Line: 56
Info (12128): Elaborating entity "reg_n" for hierarchy "regfile:u_regfile|reg_n:\gen_regs:1:RX" File: /home/auhun47/project1/3810Project1/Project2/hw/cpre3810-toolflow/proj/src/regfile.vhd Line: 70
Info (12128): Elaborating entity "dffg" for hierarchy "regfile:u_regfile|reg_n:\gen_regs:1:RX|dffg:\gen_bits:0:u_ff" File: /home/auhun47/project1/3810Project1/Project2/hw/cpre3810-toolflow/proj/src/reg_n.vhd Line: 31
Info (12128): Elaborating entity "mux32_1" for hierarchy "regfile:u_regfile|mux32_1:MUXA" File: /home/auhun47/project1/3810Project1/Project2/hw/cpre3810-toolflow/proj/src/regfile.vhd Line: 83
Info (12128): Elaborating entity "immgen" for hierarchy "immgen:u_immgen" File: /home/auhun47/project1/3810Project1/Project2/hw/cpre3810-toolflow/proj/src/RISCV_Processor.vhd Line: 581
Info (12128): Elaborating entity "IDEX_reg" for hierarchy "IDEX_reg:u_IDEX" File: /home/auhun47/project1/3810Project1/Project2/hw/cpre3810-toolflow/proj/src/RISCV_Processor.vhd Line: 636
Info (12128): Elaborating entity "alu_control" for hierarchy "alu_control:u_alu_control" File: /home/auhun47/project1/3810Project1/Project2/hw/cpre3810-toolflow/proj/src/RISCV_Processor.vhd Line: 687
Info (12128): Elaborating entity "forwarding_unit" for hierarchy "forwarding_unit:u_forwarding_unit" File: /home/auhun47/project1/3810Project1/Project2/hw/cpre3810-toolflow/proj/src/RISCV_Processor.vhd Line: 697
Info (12128): Elaborating entity "mux3t1_n" for hierarchy "mux3t1_n:u_forward_mux_a" File: /home/auhun47/project1/3810Project1/Project2/hw/cpre3810-toolflow/proj/src/RISCV_Processor.vhd Line: 710
Info (12128): Elaborating entity "alu" for hierarchy "alu:u_alu_inst" File: /home/auhun47/project1/3810Project1/Project2/hw/cpre3810-toolflow/proj/src/RISCV_Processor.vhd Line: 754
Info (12128): Elaborating entity "barrelshifter" for hierarchy "alu:u_alu_inst|barrelshifter:u_shifter" File: /home/auhun47/project1/3810Project1/Project2/hw/cpre3810-toolflow/proj/src/alu.vhd Line: 32
Info (12128): Elaborating entity "EXMEM_reg" for hierarchy "EXMEM_reg:u_EXMEM" File: /home/auhun47/project1/3810Project1/Project2/hw/cpre3810-toolflow/proj/src/RISCV_Processor.vhd Line: 768
Info (12128): Elaborating entity "MEMWB_reg" for hierarchy "MEMWB_reg:u_MEMWB" File: /home/auhun47/project1/3810Project1/Project2/hw/cpre3810-toolflow/proj/src/RISCV_Processor.vhd Line: 816
Info (12128): Elaborating entity "hazard_detection" for hierarchy "hazard_detection:u_hazard_detection" File: /home/auhun47/project1/3810Project1/Project2/hw/cpre3810-toolflow/proj/src/RISCV_Processor.vhd Line: 1029
Info (276014): Found 2 instances of uninferred RAM logic
    Info (276007): RAM logic "mem:DMem|ram" is uninferred due to asynchronous read logic File: /home/auhun47/project1/3810Project1/Project2/hw/cpre3810-toolflow/proj/src/mem.vhd Line: 35
    Info (276007): RAM logic "mem:IMem|ram" is uninferred due to asynchronous read logic File: /home/auhun47/project1/3810Project1/Project2/hw/cpre3810-toolflow/proj/src/mem.vhd Line: 35
Warning (276002): Cannot convert all sets of registers into RAM megafunctions when creating nodes; therefore, the resulting number of registers remaining in design can cause longer compilation time or result in insufficient memory to complete Analysis and Synthesis
Info (286030): Timing-Driven Synthesis is running
Info (16010): Generating hard_block partition "hard_block:auto_generated_inst"
    Info (16011): Adding 0 node(s), including 0 DDIO, 0 PLL, 0 transceiver and 0 LCELL
Warning (21074): Design contains 22 input pin(s) that do not drive logic
    Warning (15610): No output dependent on input pin "iInstAddr[0]" File: /home/auhun47/project1/3810Project1/Project2/hw/cpre3810-toolflow/proj/src/RISCV_Processor.vhd Line: 47
    Warning (15610): No output dependent on input pin "iInstAddr[1]" File: /home/auhun47/project1/3810Project1/Project2/hw/cpre3810-toolflow/proj/src/RISCV_Processor.vhd Line: 47
    Warning (15610): No output dependent on input pin "iInstAddr[12]" File: /home/auhun47/project1/3810Project1/Project2/hw/cpre3810-toolflow/proj/src/RISCV_Processor.vhd Line: 47
    Warning (15610): No output dependent on input pin "iInstAddr[13]" File: /home/auhun47/project1/3810Project1/Project2/hw/cpre3810-toolflow/proj/src/RISCV_Processor.vhd Line: 47
    Warning (15610): No output dependent on input pin "iInstAddr[14]" File: /home/auhun47/project1/3810Project1/Project2/hw/cpre3810-toolflow/proj/src/RISCV_Processor.vhd Line: 47
    Warning (15610): No output dependent on input pin "iInstAddr[15]" File: /home/auhun47/project1/3810Project1/Project2/hw/cpre3810-toolflow/proj/src/RISCV_Processor.vhd Line: 47
    Warning (15610): No output dependent on input pin "iInstAddr[16]" File: /home/auhun47/project1/3810Project1/Project2/hw/cpre3810-toolflow/proj/src/RISCV_Processor.vhd Line: 47
    Warning (15610): No output dependent on input pin "iInstAddr[17]" File: /home/auhun47/project1/3810Project1/Project2/hw/cpre3810-toolflow/proj/src/RISCV_Processor.vhd Line: 47
    Warning (15610): No output dependent on input pin "iInstAddr[18]" File: /home/auhun47/project1/3810Project1/Project2/hw/cpre3810-toolflow/proj/src/RISCV_Processor.vhd Line: 47
    Warning (15610): No output dependent on input pin "iInstAddr[19]" File: /home/auhun47/project1/3810Project1/Project2/hw/cpre3810-toolflow/proj/src/RISCV_Processor.vhd Line: 47
    Warning (15610): No output dependent on input pin "iInstAddr[20]" File: /home/auhun47/project1/3810Project1/Project2/hw/cpre3810-toolflow/proj/src/RISCV_Processor.vhd Line: 47
    Warning (15610): No output dependent on input pin "iInstAddr[21]" File: /home/auhun47/project1/3810Project1/Project2/hw/cpre3810-toolflow/proj/src/RISCV_Processor.vhd Line: 47
    Warning (15610): No output dependent on input pin "iInstAddr[22]" File: /home/auhun47/project1/3810Project1/Project2/hw/cpre3810-toolflow/proj/src/RISCV_Processor.vhd Line: 47
    Warning (15610): No output dependent on input pin "iInstAddr[23]" File: /home/auhun47/project1/3810Project1/Project2/hw/cpre3810-toolflow/proj/src/RISCV_Processor.vhd Line: 47
    Warning (15610): No output dependent on input pin "iInstAddr[24]" File: /home/auhun47/project1/3810Project1/Project2/hw/cpre3810-toolflow/proj/src/RISCV_Processor.vhd Line: 47
    Warning (15610): No output dependent on input pin "iInstAddr[25]" File: /home/auhun47/project1/3810Project1/Project2/hw/cpre3810-toolflow/proj/src/RISCV_Processor.vhd Line: 47
    Warning (15610): No output dependent on input pin "iInstAddr[26]" File: /home/auhun47/project1/3810Project1/Project2/hw/cpre3810-toolflow/proj/src/RISCV_Processor.vhd Line: 47
    Warning (15610): No output dependent on input pin "iInstAddr[27]" File: /home/auhun47/project1/3810Project1/Project2/hw/cpre3810-toolflow/proj/src/RISCV_Processor.vhd Line: 47
    Warning (15610): No output dependent on input pin "iInstAddr[28]" File: /home/auhun47/project1/3810Project1/Project2/hw/cpre3810-toolflow/proj/src/RISCV_Processor.vhd Line: 47
    Warning (15610): No output dependent on input pin "iInstAddr[29]" File: /home/auhun47/project1/3810Project1/Project2/hw/cpre3810-toolflow/proj/src/RISCV_Processor.vhd Line: 47
    Warning (15610): No output dependent on input pin "iInstAddr[30]" File: /home/auhun47/project1/3810Project1/Project2/hw/cpre3810-toolflow/proj/src/RISCV_Processor.vhd Line: 47
    Warning (15610): No output dependent on input pin "iInstAddr[31]" File: /home/auhun47/project1/3810Project1/Project2/hw/cpre3810-toolflow/proj/src/RISCV_Processor.vhd Line: 47
Info (21057): Implemented 115966 device resources after synthesis - the final resource count might be different
    Info (21058): Implemented 67 input pins
    Info (21059): Implemented 32 output pins
    Info (21061): Implemented 115867 logic cells
Info: Quartus Prime Analysis & Synthesis was successful. 0 errors, 34 warnings
    Info: Peak virtual memory: 1153 megabytes
    Info: Processing ended: Wed Dec 10 16:22:06 2025
    Info: Elapsed time: 00:02:16
    Info: Total CPU time (on all processors): 00:02:14
Info: *******************************************************************
Info: Running Quartus Prime Fitter
    Info: Version 20.1.1 Build 720 11/11/2020 SJ Standard Edition
    Info: Copyright (C) 2020  Intel Corporation. All rights reserved.
    Info: Your use of Intel Corporation's design tools, logic functions 
    Info: and other software and tools, and any partner logic 
    Info: functions, and any output files from any of the foregoing 
    Info: (including device programming or simulation files), and any 
    Info: associated documentation or information are expressly subject 
    Info: to the terms and conditions of the Intel Program License 
    Info: Subscription Agreement, the Intel Quartus Prime License Agreement,
    Info: the Intel FPGA IP License Agreement, or other applicable license
    Info: agreement, including, without limitation, that your use is for
    Info: the sole purpose of programming logic devices manufactured by
    Info: Intel and sold by Intel or its authorized distributors.  Please
    Info: refer to the applicable agreement for further details, at
    Info: https://fpgasoftware.intel.com/eula.
    Info: Processing started: Wed Dec 10 16:22:08 2025
Info: Command: quartus_fit --read_settings_files=on --write_settings_files=off toolflow -c toolflow
Info: qfit2_default_script.tcl version: #1
Info: Project  = toolflow
Info: Revision = toolflow
Warning (18236): Number of processors has not been specified which may cause overloading on shared machines.  Set the global assignment NUM_PARALLEL_PROCESSORS in your QSF to an appropriate value for best performance.
Info (20030): Parallel compilation is enabled and will use 4 of the 4 processors detected
Info (119006): Selected device EP4CE115F29C7 for design "toolflow"
Info (21076): High junction temperature operating condition is not set. Assuming a default value of '85'.
Info (21076): Low junction temperature operating condition is not set. Assuming a default value of '0'.
Info (171003): Fitter is performing an Auto Fit compilation, which may decrease Fitter effort to reduce compilation time
Info (176444): Device migration not selected. If you intend to use device migration later, you may need to change the pin assignments as they may be incompatible with other devices
    Info (176445): Device EP4CE40F29C7 is compatible
    Info (176445): Device EP4CE40F29I7 is compatible
    Info (176445): Device EP4CE30F29C7 is compatible
    Info (176445): Device EP4CE30F29I7 is compatible
    Info (176445): Device EP4CE55F29C7 is compatible
    Info (176445): Device EP4CE55F29I7 is compatible
    Info (176445): Device EP4CE75F29C7 is compatible
    Info (176445): Device EP4CE75F29I7 is compatible
    Info (176445): Device EP4CE115F29I7 is compatible
Info (169124): Fitter converted 5 user pins into dedicated programming pins
    Info (169125): Pin ~ALTERA_ASDO_DATA1~ is reserved at location F4
    Info (169125): Pin ~ALTERA_FLASH_nCE_nCSO~ is reserved at location E2
    Info (169125): Pin ~ALTERA_DCLK~ is reserved at location P3
    Info (169125): Pin ~ALTERA_DATA0~ is reserved at location N7
    Info (169125): Pin ~ALTERA_nCEO~ is reserved at location P28
Warning (15714): Some pins have incomplete I/O assignments. Refer to the I/O Assignment Warnings report for details
Critical Warning (169085): No exact pin location assignment(s) for 99 pins of 99 total pins. For the list of pins please refer to the I/O Assignment Warnings table in the fitter report.
Info (332104): Reading SDC File: 'toolflow.sdc'
Info (332129): Detected timing requirements -- optimizing circuit to achieve only the specified requirements
Info (332111): Found 1 clocks
    Info (332111):   Period   Clock Name
    Info (332111): ======== ============
    Info (332111):   20.000         iCLK
Info (176353): Automatically promoted node iCLK~input (placed in PIN J1 (CLK1, DIFFCLK_0n)) File: /home/auhun47/project1/3810Project1/Project2/hw/cpre3810-toolflow/proj/src/RISCV_Processor.vhd Line: 44
    Info (176355): Automatically promoted destinations to use location or clock signal Global Clock CLKCTRL_G2
Info (176353): Automatically promoted node iRST~input (placed in PIN Y2 (CLK2, DIFFCLK_1p)) File: /home/auhun47/project1/3810Project1/Project2/hw/cpre3810-toolflow/proj/src/RISCV_Processor.vhd Line: 45
    Info (176355): Automatically promoted destinations to use location or clock signal Global Clock CLKCTRL_G4
    Info (176356): Following destination nodes may be non-global or may not use global or regional clocks
        Info (176357): Destination node EXMEM_reg:u_EXMEM|o_Instr[6] File: /home/auhun47/project1/3810Project1/Project2/hw/cpre3810-toolflow/proj/src/EXMEM_reg.vhd Line: 52
        Info (176357): Destination node EXMEM_reg:u_EXMEM|o_Instr[3] File: /home/auhun47/project1/3810Project1/Project2/hw/cpre3810-toolflow/proj/src/EXMEM_reg.vhd Line: 52
        Info (176357): Destination node EXMEM_reg:u_EXMEM|o_Instr[4] File: /home/auhun47/project1/3810Project1/Project2/hw/cpre3810-toolflow/proj/src/EXMEM_reg.vhd Line: 52
        Info (176357): Destination node EXMEM_reg:u_EXMEM|o_Instr[1] File: /home/auhun47/project1/3810Project1/Project2/hw/cpre3810-toolflow/proj/src/EXMEM_reg.vhd Line: 52
        Info (176357): Destination node EXMEM_reg:u_EXMEM|o_Instr[0] File: /home/auhun47/project1/3810Project1/Project2/hw/cpre3810-toolflow/proj/src/EXMEM_reg.vhd Line: 52
        Info (176357): Destination node EXMEM_reg:u_EXMEM|o_Instr[2] File: /home/auhun47/project1/3810Project1/Project2/hw/cpre3810-toolflow/proj/src/EXMEM_reg.vhd Line: 52
        Info (176357): Destination node EXMEM_reg:u_EXMEM|o_Instr[5] File: /home/auhun47/project1/3810Project1/Project2/hw/cpre3810-toolflow/proj/src/EXMEM_reg.vhd Line: 52
        Info (176357): Destination node EXMEM_reg:u_EXMEM|o_Instr[13] File: /home/auhun47/project1/3810Project1/Project2/hw/cpre3810-toolflow/proj/src/EXMEM_reg.vhd Line: 52
        Info (176357): Destination node EXMEM_reg:u_EXMEM|o_Instr[12] File: /home/auhun47/project1/3810Project1/Project2/hw/cpre3810-toolflow/proj/src/EXMEM_reg.vhd Line: 52
        Info (176357): Destination node EXMEM_reg:u_EXMEM|o_Instr[14] File: /home/auhun47/project1/3810Project1/Project2/hw/cpre3810-toolflow/proj/src/EXMEM_reg.vhd Line: 52
        Info (176358): Non-global destination nodes limited to 10 nodes
Info (176233): Starting register packing
Info (176235): Finished register packing
    Extra Info (176219): No registers were packed into other blocks
Info (176214): Statistics of I/O pins that need to be placed that use the same VCCIO and VREF, before I/O pin placement
    Info (176211): Number of I/O pins in group: 97 (unused VREF, 2.5V VCCIO, 65 input, 32 output, 0 bidirectional)
        Info (176212): I/O standards used: 2.5 V.
Info (176215): I/O bank details before I/O pin placement
    Info (176214): Statistics of I/O banks
        Info (176213): I/O bank number 1 does not use VREF pins and has undetermined VCCIO pins. 5 total pin(s) used --  51 pins available
        Info (176213): I/O bank number 2 does not use VREF pins and has undetermined VCCIO pins. 1 total pin(s) used --  62 pins available
        Info (176213): I/O bank number 3 does not use VREF pins and has undetermined VCCIO pins. 0 total pin(s) used --  73 pins available
        Info (176213): I/O bank number 4 does not use VREF pins and has undetermined VCCIO pins. 0 total pin(s) used --  71 pins available
        Info (176213): I/O bank number 5 does not use VREF pins and has undetermined VCCIO pins. 0 total pin(s) used --  65 pins available
        Info (176213): I/O bank number 6 does not use VREF pins and has undetermined VCCIO pins. 1 total pin(s) used --  57 pins available
        Info (176213): I/O bank number 7 does not use VREF pins and has undetermined VCCIO pins. 0 total pin(s) used --  72 pins available
        Info (176213): I/O bank number 8 does not use VREF pins and has undetermined VCCIO pins. 0 total pin(s) used --  71 pins available
Info (171121): Fitter preparation operations ending: elapsed time is 00:01:16
Info (14896): Fitter has disabled Advanced Physical Optimization because it is not supported for the current family.
Info (170189): Fitter placement preparation operations beginning
Info (170190): Fitter placement preparation operations ending: elapsed time is 00:00:28
Info (170191): Fitter placement operations beginning
Info (170137): Fitter placement was successful
Info (170192): Fitter placement operations ending: elapsed time is 00:03:51
Info (170193): Fitter routing operations beginning
Info (170195): Router estimated average interconnect usage is 29% of the available device resources
    Info (170196): Router estimated peak interconnect usage is 53% of the available device resources in the region that extends from location X58_Y37 to location X68_Y48
Info (170199): The Fitter performed an Auto Fit compilation.  Optimizations were skipped to reduce compilation time.
    Info (170201): Optimizations that may affect the design's routability were skipped
    Info (170200): Optimizations that may affect the design's timing were skipped
Info (170194): Fitter routing operations ending: elapsed time is 00:04:23
Info (11888): Total time spent on timing analysis during the Fitter is 41.31 seconds.
Info (334003): Started post-fitting delay annotation
Info (334004): Delay annotation completed successfully
Info (334003): Started post-fitting delay annotation
Info (334004): Delay annotation completed successfully
Info (11218): Fitter post-fit operations ending: elapsed time is 00:00:34
Info (144001): Generated suppressed messages file /home/auhun47/project1/3810Project1/Project2/hw/cpre3810-toolflow/internal/QuartusWork/output_files/toolflow.fit.smsg
Info: Quartus Prime Fitter was successful. 0 errors, 3 warnings
    Info: Peak virtual memory: 2412 megabytes
    Info: Processing ended: Wed Dec 10 16:33:46 2025
    Info: Elapsed time: 00:11:38
    Info: Total CPU time (on all processors): 00:29:22
Info: *******************************************************************
Info: Running Quartus Prime Assembler
    Info: Version 20.1.1 Build 720 11/11/2020 SJ Standard Edition
    Info: Copyright (C) 2020  Intel Corporation. All rights reserved.
    Info: Your use of Intel Corporation's design tools, logic functions 
    Info: and other software and tools, and any partner logic 
    Info: functions, and any output files from any of the foregoing 
    Info: (including device programming or simulation files), and any 
    Info: associated documentation or information are expressly subject 
    Info: to the terms and conditions of the Intel Program License 
    Info: Subscription Agreement, the Intel Quartus Prime License Agreement,
    Info: the Intel FPGA IP License Agreement, or other applicable license
    Info: agreement, including, without limitation, that your use is for
    Info: the sole purpose of programming logic devices manufactured by
    Info: Intel and sold by Intel or its authorized distributors.  Please
    Info: refer to the applicable agreement for further details, at
    Info: https://fpgasoftware.intel.com/eula.
    Info: Processing started: Wed Dec 10 16:33:48 2025
Info: Command: quartus_asm --read_settings_files=on --write_settings_files=off toolflow -c toolflow
Warning (18236): Number of processors has not been specified which may cause overloading on shared machines.  Set the global assignment NUM_PARALLEL_PROCESSORS in your QSF to an appropriate value for best performance.
Info (115031): Writing out detailed assembly data for power analysis
Info (115030): Assembler is generating device programming files
Info: Quartus Prime Assembler was successful. 0 errors, 1 warning
    Info: Peak virtual memory: 823 megabytes
    Info: Processing ended: Wed Dec 10 16:33:56 2025
    Info: Elapsed time: 00:00:08
    Info: Total CPU time (on all processors): 00:00:07
