In clock cycle: 4
Register Write to Reg: 0x02 Val: 0x80000000
In clock cycle: 5
Register Write to Reg: 0x02 Val: 0x80000000
In clock cycle: 9
Register Write to Reg: 0x0A Val: 0x10010014
In clock cycle: 10
Register Write to Reg: 0x0A Val: 0x10010000
In clock cycle: 11
Register Write to Reg: 0x0B Val: 0x00000000
In clock cycle: 14
Register Write to Reg: 0x05 Val: 0x10010028
In clock cycle: 15
Register Write to Reg: 0x05 Val: 0x00000008
In clock cycle: 19
Register Write to Reg: 0x0C Val: 0x00000007
In clock cycle: 22
Register Write to Reg: 0x01 Val: 0x0040004C
In clock cycle: 24
Register Write to Reg: 0x02 Val: 0x7FFFFFF0
In clock cycle: 25
Memory Write to Addr: 0x7FFFFFFC Val: 0x0040004C
In clock cycle: 26
Memory Write to Addr: 0x7FFFFFF8 Val: 0x00000007
In clock cycle: 27
Memory Write to Addr: 0x7FFFFFF4 Val: 0x00000000
In clock cycle: 28
Memory Write to Addr: 0x7FFFFFF0 Val: 0x10010000
In clock cycle: 34
Register Write to Reg: 0x05 Val: 0x00000007
In clock cycle: 38
Register Write to Reg: 0x06 Val: 0x00000003
In clock cycle: 39
Register Write to Reg: 0x0C Val: 0x00000003
In clock cycle: 43
Register Write to Reg: 0x01 Val: 0x004000B0
In clock cycle: 45
Register Write to Reg: 0x02 Val: 0x7FFFFFE0
In clock cycle: 46
Memory Write to Addr: 0x7FFFFFEC Val: 0x004000B0
In clock cycle: 47
Memory Write to Addr: 0x7FFFFFE8 Val: 0x00000003
In clock cycle: 48
Memory Write to Addr: 0x7FFFFFE4 Val: 0x00000000
In clock cycle: 49
Memory Write to Addr: 0x7FFFFFE0 Val: 0x10010000
In clock cycle: 55
Register Write to Reg: 0x05 Val: 0x00000003
In clock cycle: 59
Register Write to Reg: 0x06 Val: 0x00000001
In clock cycle: 60
Register Write to Reg: 0x0C Val: 0x00000001
In clock cycle: 64
Register Write to Reg: 0x01 Val: 0x004000B0
In clock cycle: 66
Register Write to Reg: 0x02 Val: 0x7FFFFFD0
In clock cycle: 67
Memory Write to Addr: 0x7FFFFFDC Val: 0x004000B0
In clock cycle: 68
Memory Write to Addr: 0x7FFFFFD8 Val: 0x00000001
In clock cycle: 69
Memory Write to Addr: 0x7FFFFFD4 Val: 0x00000000
In clock cycle: 70
Memory Write to Addr: 0x7FFFFFD0 Val: 0x10010000
In clock cycle: 76
Register Write to Reg: 0x05 Val: 0x00000001
In clock cycle: 80
Register Write to Reg: 0x06 Val: 0x00000000
In clock cycle: 81
Register Write to Reg: 0x0C Val: 0x00000000
In clock cycle: 85
Register Write to Reg: 0x01 Val: 0x004000B0
In clock cycle: 87
Register Write to Reg: 0x02 Val: 0x7FFFFFC0
In clock cycle: 88
Memory Write to Addr: 0x7FFFFFCC Val: 0x004000B0
In clock cycle: 89
Memory Write to Addr: 0x7FFFFFC8 Val: 0x00000000
In clock cycle: 90
Memory Write to Addr: 0x7FFFFFC4 Val: 0x00000000
In clock cycle: 91
Memory Write to Addr: 0x7FFFFFC0 Val: 0x10010000
In clock cycle: 96
Register Write to Reg: 0x01 Val: 0x004000B0
In clock cycle: 100
Register Write to Reg: 0x02 Val: 0x7FFFFFD0
In clock cycle: 108
Register Write to Reg: 0x0A Val: 0x10010000
In clock cycle: 109
Register Write to Reg: 0x0B Val: 0x00000000
In clock cycle: 110
Register Write to Reg: 0x0C Val: 0x00000001
In clock cycle: 114
Register Write to Reg: 0x05 Val: 0x00000001
In clock cycle: 118
Register Write to Reg: 0x06 Val: 0x00000000
In clock cycle: 119
Register Write to Reg: 0x0B Val: 0x00000001
In clock cycle: 123
Register Write to Reg: 0x01 Val: 0x004000F8
In clock cycle: 125
Register Write to Reg: 0x02 Val: 0x7FFFFFC0
In clock cycle: 126
Memory Write to Addr: 0x7FFFFFCC Val: 0x004000F8
In clock cycle: 127
Memory Write to Addr: 0x7FFFFFC8 Val: 0x00000001
In clock cycle: 128
Memory Write to Addr: 0x7FFFFFC4 Val: 0x00000001
In clock cycle: 129
Memory Write to Addr: 0x7FFFFFC0 Val: 0x10010000
In clock cycle: 134
Register Write to Reg: 0x01 Val: 0x004000F8
In clock cycle: 138
Register Write to Reg: 0x02 Val: 0x7FFFFFD0
In clock cycle: 146
Register Write to Reg: 0x0A Val: 0x10010000
In clock cycle: 147
Register Write to Reg: 0x0B Val: 0x00000000
In clock cycle: 148
Register Write to Reg: 0x0C Val: 0x00000001
In clock cycle: 152
Register Write to Reg: 0x05 Val: 0x00000001
In clock cycle: 156
Register Write to Reg: 0x0D Val: 0x00000000
In clock cycle: 160
Register Write to Reg: 0x01 Val: 0x0040013C
In clock cycle: 165
Register Write to Reg: 0x0C Val: 0x00000000
In clock cycle: 168
Register Write to Reg: 0x01 Val: 0x0000004C
In clock cycle: 170
Register Write to Reg: 0x02 Val: 0x7FFFFFC0
In clock cycle: 171
Memory Write to Addr: 0x7FFFFFCC Val: 0x0000004C
In clock cycle: 172
Memory Write to Addr: 0x7FFFFFC8 Val: 0x00000000
In clock cycle: 173
Memory Write to Addr: 0x7FFFFFC4 Val: 0x00000000
In clock cycle: 174
Memory Write to Addr: 0x7FFFFFC0 Val: 0x10010000
In clock cycle: 179
Register Write to Reg: 0x01 Val: 0x0000004C
In clock cycle: 183
Register Write to Reg: 0x02 Val: 0x7FFFFFD0
Execution is stopping! Clock Cycle: 193
