[inst #1] lui x2,-524288
Register Write to Reg: 0x02 Val: 0x80000000
[inst #2] addi x2,x2,0
Register Write to Reg: 0x02 Val: 0x80000000
[inst #3] addi x0,x0,0
Register Write to Reg: 0x00 Val: 0x00000000
[inst #4] addi x0,x0,0
Register Write to Reg: 0x00 Val: 0x00000000
[inst #5] addi x0,x0,0
Register Write to Reg: 0x00 Val: 0x00000000
[inst #6] addi x0,x0,0
Register Write to Reg: 0x00 Val: 0x00000000
[inst #7] addi x0,x0,0
Register Write to Reg: 0x00 Val: 0x00000000
[inst #8] auipc x10,64528
Register Write to Reg: 0x0A Val: 0x1001001C
[inst #9] addi x10,x10,-28
Register Write to Reg: 0x0A Val: 0x10010000
[inst #10] addi x0,x0,0
Register Write to Reg: 0x00 Val: 0x00000000
[inst #11] addi x0,x0,0
Register Write to Reg: 0x00 Val: 0x00000000
[inst #12] addi x0,x0,0
Register Write to Reg: 0x00 Val: 0x00000000
[inst #13] addi x0,x0,0
Register Write to Reg: 0x00 Val: 0x00000000
[inst #14] addi x0,x0,0
Register Write to Reg: 0x00 Val: 0x00000000
[inst #15] addi x11,x0,0
Register Write to Reg: 0x0B Val: 0x00000000
[inst #16] addi x0,x0,0
Register Write to Reg: 0x00 Val: 0x00000000
[inst #17] addi x0,x0,0
Register Write to Reg: 0x00 Val: 0x00000000
[inst #18] addi x0,x0,0
Register Write to Reg: 0x00 Val: 0x00000000
[inst #19] addi x0,x0,0
Register Write to Reg: 0x00 Val: 0x00000000
[inst #20] addi x0,x0,0
Register Write to Reg: 0x00 Val: 0x00000000
[inst #21] auipc x5,64528
Register Write to Reg: 0x05 Val: 0x10010050
[inst #22] lw x5,-48(x5)
Register Write to Reg: 0x05 Val: 0x00000008
[inst #23] addi x0,x0,0
Register Write to Reg: 0x00 Val: 0x00000000
[inst #24] addi x0,x0,0
Register Write to Reg: 0x00 Val: 0x00000000
[inst #25] addi x0,x0,0
Register Write to Reg: 0x00 Val: 0x00000000
[inst #26] addi x0,x0,0
Register Write to Reg: 0x00 Val: 0x00000000
[inst #27] addi x0,x0,0
Register Write to Reg: 0x00 Val: 0x00000000
[inst #28] addi x12,x5,-1
Register Write to Reg: 0x0C Val: 0x00000007
[inst #29] jal x1,20
Register Write to Reg: 0x01 Val: 0x00400074
[inst #30] bge x11,x12,80
[inst #31] add x5,x11,x12
Register Write to Reg: 0x05 Val: 0x00000007
[inst #32] srai x6,x5,1
Register Write to Reg: 0x06 Val: 0x00000003
[inst #33] addi x2,x2,-16
Register Write to Reg: 0x02 Val: 0x7FFFFFF0
[inst #34] sw x1,12(x2)
Memory Write to Addr: 0x7FFFFFFC Val: 0x00400074
[inst #35] sw x11,8(x2)
Memory Write to Addr: 0x7FFFFFF8 Val: 0x00000000
[inst #36] sw x12,4(x2)
Memory Write to Addr: 0x7FFFFFF4 Val: 0x00000007
[inst #37] sw x6,0(x2)
Memory Write to Addr: 0x7FFFFFF0 Val: 0x00000003
[inst #38] add x12,x0,x6
Register Write to Reg: 0x0C Val: 0x00000003
[inst #39] jal x1,-36
Register Write to Reg: 0x01 Val: 0x004000AC
[inst #40] bge x11,x12,80
[inst #41] add x5,x11,x12
Register Write to Reg: 0x05 Val: 0x00000003
[inst #42] srai x6,x5,1
Register Write to Reg: 0x06 Val: 0x00000001
[inst #43] addi x2,x2,-16
Register Write to Reg: 0x02 Val: 0x7FFFFFE0
[inst #44] sw x1,12(x2)
Memory Write to Addr: 0x7FFFFFEC Val: 0x004000AC
[inst #45] sw x11,8(x2)
Memory Write to Addr: 0x7FFFFFE8 Val: 0x00000000
[inst #46] sw x12,4(x2)
Memory Write to Addr: 0x7FFFFFE4 Val: 0x00000003
[inst #47] sw x6,0(x2)
Memory Write to Addr: 0x7FFFFFE0 Val: 0x00000001
[inst #48] add x12,x0,x6
Register Write to Reg: 0x0C Val: 0x00000001
[inst #49] jal x1,-36
Register Write to Reg: 0x01 Val: 0x004000AC
[inst #50] bge x11,x12,80
[inst #51] add x5,x11,x12
Register Write to Reg: 0x05 Val: 0x00000001
[inst #52] srai x6,x5,1
Register Write to Reg: 0x06 Val: 0x00000000
[inst #53] addi x2,x2,-16
Register Write to Reg: 0x02 Val: 0x7FFFFFD0
[inst #54] sw x1,12(x2)
Memory Write to Addr: 0x7FFFFFDC Val: 0x004000AC
[inst #55] sw x11,8(x2)
Memory Write to Addr: 0x7FFFFFD8 Val: 0x00000000
[inst #56] sw x12,4(x2)
Memory Write to Addr: 0x7FFFFFD4 Val: 0x00000001
[inst #57] sw x6,0(x2)
Memory Write to Addr: 0x7FFFFFD0 Val: 0x00000000
[inst #58] add x12,x0,x6
Register Write to Reg: 0x0C Val: 0x00000000
[inst #59] jal x1,-36
Register Write to Reg: 0x01 Val: 0x004000AC
[inst #60] bge x11,x12,80
[inst #61] jalr x0,x1,0
Register Write to Reg: 0x00 Val: 0x004000D8
[inst #62] lw x6,0(x2)
Register Write to Reg: 0x06 Val: 0x00000000
[inst #63] addi x11,x6,1
Register Write to Reg: 0x0B Val: 0x00000001
[inst #64] lw x12,4(x2)
Register Write to Reg: 0x0C Val: 0x00000001
[inst #65] jal x1,-52
Register Write to Reg: 0x01 Val: 0x004000BC
[inst #66] bge x11,x12,80
[inst #67] jalr x0,x1,0
Register Write to Reg: 0x00 Val: 0x004000D8
[inst #68] lw x6,0(x2)
Register Write to Reg: 0x06 Val: 0x00000000
[inst #69] lw x11,8(x2)
Register Write to Reg: 0x0B Val: 0x00000000
[inst #70] lw x12,4(x2)
Register Write to Reg: 0x0C Val: 0x00000001
[inst #71] jal x1,16
Register Write to Reg: 0x01 Val: 0x004000CC
[inst #72] addi x2,x2,-64
Register Write to Reg: 0x02 Val: 0x7FFFFF90
[inst #73] add x7,x0,x2
Register Write to Reg: 0x07 Val: 0x7FFFFF90
[inst #74] addi x28,x6,1
Register Write to Reg: 0x1C Val: 0x00000001
[inst #75] add x29,x0,x11
Register Write to Reg: 0x1D Val: 0x00000000
[inst #76] add x30,x0,x0
Register Write to Reg: 0x1E Val: 0x00000000
[inst #77] blt x6,x29,100
[inst #78] blt x12,x28,64
[inst #79] slli x31,x29,2
Register Write to Reg: 0x1F Val: 0x00000000
[inst #80] add x31,x10,x31
Register Write to Reg: 0x1F Val: 0x10010000
[inst #81] lw x8,0(x31)
Register Write to Reg: 0x08 Val: 0x00000008
[inst #82] slli x13,x28,2
Register Write to Reg: 0x0D Val: 0x00000004
[inst #83] add x13,x10,x13
Register Write to Reg: 0x0D Val: 0x10010004
[inst #84] lw x9,0(x13)
Register Write to Reg: 0x09 Val: 0x00000003
[inst #85] bge x9,x8,16
[inst #86] sw x9,0(x7)
Memory Write to Addr: 0x7FFFFF90 Val: 0x00000003
[inst #87] addi x28,x28,1
Register Write to Reg: 0x1C Val: 0x00000002
[inst #88] jal x0,12
Register Write to Reg: 0x00 Val: 0x0040011C
[inst #89] addi x7,x7,4
Register Write to Reg: 0x07 Val: 0x7FFFFF94
[inst #90] addi x30,x30,1
Register Write to Reg: 0x1E Val: 0x00000001
[inst #91] jal x0,-64
Register Write to Reg: 0x00 Val: 0x00400130
[inst #92] blt x6,x29,100
[inst #93] blt x12,x28,64
[inst #94] blt x6,x29,32
[inst #95] slli x31,x29,2
Register Write to Reg: 0x1F Val: 0x00000000
[inst #96] add x31,x10,x31
Register Write to Reg: 0x1F Val: 0x10010000
[inst #97] lw x8,0(x31)
Register Write to Reg: 0x08 Val: 0x00000008
[inst #98] sw x8,0(x7)
Memory Write to Addr: 0x7FFFFF94 Val: 0x00000008
[inst #99] addi x29,x29,1
Register Write to Reg: 0x1D Val: 0x00000001
[inst #100] addi x7,x7,4
Register Write to Reg: 0x07 Val: 0x7FFFFF98
[inst #101] jal x0,-28
Register Write to Reg: 0x00 Val: 0x00400150
[inst #102] blt x6,x29,32
[inst #103] blt x12,x28,32
[inst #104] add x7,x0,x2
Register Write to Reg: 0x07 Val: 0x7FFFFF90
[inst #105] add x29,x0,x11
Register Write to Reg: 0x1D Val: 0x00000000
[inst #106] blt x12,x29,32
[inst #107] lw x8,0(x7)
Register Write to Reg: 0x08 Val: 0x00000003
[inst #108] slli x31,x29,2
Register Write to Reg: 0x1F Val: 0x00000000
[inst #109] add x31,x10,x31
Register Write to Reg: 0x1F Val: 0x10010000
[inst #110] sw x8,0(x31)
Memory Write to Addr: 0x10010000 Val: 0x00000003
[inst #111] addi x7,x7,4
Register Write to Reg: 0x07 Val: 0x7FFFFF94
[inst #112] addi x29,x29,1
Register Write to Reg: 0x1D Val: 0x00000001
[inst #113] jal x0,-28
Register Write to Reg: 0x00 Val: 0x00400198
[inst #114] blt x12,x29,32
[inst #115] lw x8,0(x7)
Register Write to Reg: 0x08 Val: 0x00000008
[inst #116] slli x31,x29,2
Register Write to Reg: 0x1F Val: 0x00000004
[inst #117] add x31,x10,x31
Register Write to Reg: 0x1F Val: 0x10010004
[inst #118] sw x8,0(x31)
Memory Write to Addr: 0x10010004 Val: 0x00000008
[inst #119] addi x7,x7,4
Register Write to Reg: 0x07 Val: 0x7FFFFF98
[inst #120] addi x29,x29,1
Register Write to Reg: 0x1D Val: 0x00000002
[inst #121] jal x0,-28
Register Write to Reg: 0x00 Val: 0x00400198
[inst #122] blt x12,x29,32
[inst #123] addi x2,x2,64
Register Write to Reg: 0x02 Val: 0x7FFFFFD0
[inst #124] jalr x0,x1,0
Register Write to Reg: 0x00 Val: 0x004001A0
[inst #125] lw x1,12(x2)
Register Write to Reg: 0x01 Val: 0x004000AC
[inst #126] addi x2,x2,16
Register Write to Reg: 0x02 Val: 0x7FFFFFE0
[inst #127] jalr x0,x1,0
Register Write to Reg: 0x00 Val: 0x004000D8
[inst #128] lw x6,0(x2)
Register Write to Reg: 0x06 Val: 0x00000001
[inst #129] addi x11,x6,1
Register Write to Reg: 0x0B Val: 0x00000002
[inst #130] lw x12,4(x2)
Register Write to Reg: 0x0C Val: 0x00000003
[inst #131] jal x1,-52
Register Write to Reg: 0x01 Val: 0x004000BC
[inst #132] bge x11,x12,80
[inst #133] add x5,x11,x12
Register Write to Reg: 0x05 Val: 0x00000005
[inst #134] srai x6,x5,1
Register Write to Reg: 0x06 Val: 0x00000002
[inst #135] addi x2,x2,-16
Register Write to Reg: 0x02 Val: 0x7FFFFFD0
[inst #136] sw x1,12(x2)
Memory Write to Addr: 0x7FFFFFDC Val: 0x004000BC
[inst #137] sw x11,8(x2)
Memory Write to Addr: 0x7FFFFFD8 Val: 0x00000002
[inst #138] sw x12,4(x2)
Memory Write to Addr: 0x7FFFFFD4 Val: 0x00000003
[inst #139] sw x6,0(x2)
Memory Write to Addr: 0x7FFFFFD0 Val: 0x00000002
[inst #140] add x12,x0,x6
Register Write to Reg: 0x0C Val: 0x00000002
[inst #141] jal x1,-36
Register Write to Reg: 0x01 Val: 0x004000AC
[inst #142] bge x11,x12,80
[inst #143] jalr x0,x1,0
Register Write to Reg: 0x00 Val: 0x004000D8
[inst #144] lw x6,0(x2)
Register Write to Reg: 0x06 Val: 0x00000002
[inst #145] addi x11,x6,1
Register Write to Reg: 0x0B Val: 0x00000003
[inst #146] lw x12,4(x2)
Register Write to Reg: 0x0C Val: 0x00000003
[inst #147] jal x1,-52
Register Write to Reg: 0x01 Val: 0x004000BC
[inst #148] bge x11,x12,80
[inst #149] jalr x0,x1,0
Register Write to Reg: 0x00 Val: 0x004000D8
[inst #150] lw x6,0(x2)
Register Write to Reg: 0x06 Val: 0x00000002
[inst #151] lw x11,8(x2)
Register Write to Reg: 0x0B Val: 0x00000002
[inst #152] lw x12,4(x2)
Register Write to Reg: 0x0C Val: 0x00000003
[inst #153] jal x1,16
Register Write to Reg: 0x01 Val: 0x004000CC
[inst #154] addi x2,x2,-64
Register Write to Reg: 0x02 Val: 0x7FFFFF90
[inst #155] add x7,x0,x2
Register Write to Reg: 0x07 Val: 0x7FFFFF90
[inst #156] addi x28,x6,1
Register Write to Reg: 0x1C Val: 0x00000003
[inst #157] add x29,x0,x11
Register Write to Reg: 0x1D Val: 0x00000002
[inst #158] add x30,x0,x0
Register Write to Reg: 0x1E Val: 0x00000000
[inst #159] blt x6,x29,100
[inst #160] blt x12,x28,64
[inst #161] slli x31,x29,2
Register Write to Reg: 0x1F Val: 0x00000008
[inst #162] add x31,x10,x31
Register Write to Reg: 0x1F Val: 0x10010008
[inst #163] lw x8,0(x31)
Register Write to Reg: 0x08 Val: 0x00000005
[inst #164] slli x13,x28,2
Register Write to Reg: 0x0D Val: 0x0000000C
[inst #165] add x13,x10,x13
Register Write to Reg: 0x0D Val: 0x1001000C
[inst #166] lw x9,0(x13)
Register Write to Reg: 0x09 Val: 0x00000004
[inst #167] bge x9,x8,16
[inst #168] sw x9,0(x7)
Memory Write to Addr: 0x7FFFFF90 Val: 0x00000004
[inst #169] addi x28,x28,1
Register Write to Reg: 0x1C Val: 0x00000004
[inst #170] jal x0,12
Register Write to Reg: 0x00 Val: 0x0040011C
[inst #171] addi x7,x7,4
Register Write to Reg: 0x07 Val: 0x7FFFFF94
[inst #172] addi x30,x30,1
Register Write to Reg: 0x1E Val: 0x00000001
[inst #173] jal x0,-64
Register Write to Reg: 0x00 Val: 0x00400130
[inst #174] blt x6,x29,100
[inst #175] blt x12,x28,64
[inst #176] blt x6,x29,32
[inst #177] slli x31,x29,2
Register Write to Reg: 0x1F Val: 0x00000008
[inst #178] add x31,x10,x31
Register Write to Reg: 0x1F Val: 0x10010008
[inst #179] lw x8,0(x31)
Register Write to Reg: 0x08 Val: 0x00000005
[inst #180] sw x8,0(x7)
Memory Write to Addr: 0x7FFFFF94 Val: 0x00000005
[inst #181] addi x29,x29,1
Register Write to Reg: 0x1D Val: 0x00000003
[inst #182] addi x7,x7,4
Register Write to Reg: 0x07 Val: 0x7FFFFF98
[inst #183] jal x0,-28
Register Write to Reg: 0x00 Val: 0x00400150
[inst #184] blt x6,x29,32
[inst #185] blt x12,x28,32
[inst #186] add x7,x0,x2
Register Write to Reg: 0x07 Val: 0x7FFFFF90
[inst #187] add x29,x0,x11
Register Write to Reg: 0x1D Val: 0x00000002
[inst #188] blt x12,x29,32
[inst #189] lw x8,0(x7)
Register Write to Reg: 0x08 Val: 0x00000004
[inst #190] slli x31,x29,2
Register Write to Reg: 0x1F Val: 0x00000008
[inst #191] add x31,x10,x31
Register Write to Reg: 0x1F Val: 0x10010008
[inst #192] sw x8,0(x31)
Memory Write to Addr: 0x10010008 Val: 0x00000004
[inst #193] addi x7,x7,4
Register Write to Reg: 0x07 Val: 0x7FFFFF94
[inst #194] addi x29,x29,1
Register Write to Reg: 0x1D Val: 0x00000003
[inst #195] jal x0,-28
Register Write to Reg: 0x00 Val: 0x00400198
[inst #196] blt x12,x29,32
[inst #197] lw x8,0(x7)
Register Write to Reg: 0x08 Val: 0x00000005
[inst #198] slli x31,x29,2
Register Write to Reg: 0x1F Val: 0x0000000C
[inst #199] add x31,x10,x31
Register Write to Reg: 0x1F Val: 0x1001000C
[inst #200] sw x8,0(x31)
Memory Write to Addr: 0x1001000C Val: 0x00000005
[inst #201] addi x7,x7,4
Register Write to Reg: 0x07 Val: 0x7FFFFF98
[inst #202] addi x29,x29,1
Register Write to Reg: 0x1D Val: 0x00000004
[inst #203] jal x0,-28
Register Write to Reg: 0x00 Val: 0x00400198
[inst #204] blt x12,x29,32
[inst #205] addi x2,x2,64
Register Write to Reg: 0x02 Val: 0x7FFFFFD0
[inst #206] jalr x0,x1,0
Register Write to Reg: 0x00 Val: 0x004001A0
[inst #207] lw x1,12(x2)
Register Write to Reg: 0x01 Val: 0x004000BC
[inst #208] addi x2,x2,16
Register Write to Reg: 0x02 Val: 0x7FFFFFE0
[inst #209] jalr x0,x1,0
Register Write to Reg: 0x00 Val: 0x004000D8
[inst #210] lw x6,0(x2)
Register Write to Reg: 0x06 Val: 0x00000001
[inst #211] lw x11,8(x2)
Register Write to Reg: 0x0B Val: 0x00000000
[inst #212] lw x12,4(x2)
Register Write to Reg: 0x0C Val: 0x00000003
[inst #213] jal x1,16
Register Write to Reg: 0x01 Val: 0x004000CC
[inst #214] addi x2,x2,-64
Register Write to Reg: 0x02 Val: 0x7FFFFFA0
[inst #215] add x7,x0,x2
Register Write to Reg: 0x07 Val: 0x7FFFFFA0
[inst #216] addi x28,x6,1
Register Write to Reg: 0x1C Val: 0x00000002
[inst #217] add x29,x0,x11
Register Write to Reg: 0x1D Val: 0x00000000
[inst #218] add x30,x0,x0
Register Write to Reg: 0x1E Val: 0x00000000
[inst #219] blt x6,x29,100
[inst #220] blt x12,x28,64
[inst #221] slli x31,x29,2
Register Write to Reg: 0x1F Val: 0x00000000
[inst #222] add x31,x10,x31
Register Write to Reg: 0x1F Val: 0x10010000
[inst #223] lw x8,0(x31)
Register Write to Reg: 0x08 Val: 0x00000003
[inst #224] slli x13,x28,2
Register Write to Reg: 0x0D Val: 0x00000008
[inst #225] add x13,x10,x13
Register Write to Reg: 0x0D Val: 0x10010008
[inst #226] lw x9,0(x13)
Register Write to Reg: 0x09 Val: 0x00000004
[inst #227] bge x9,x8,16
[inst #228] sw x8,0(x7)
Memory Write to Addr: 0x7FFFFFA0 Val: 0x00000003
[inst #229] addi x29,x29,1
Register Write to Reg: 0x1D Val: 0x00000001
[inst #230] addi x7,x7,4
Register Write to Reg: 0x07 Val: 0x7FFFFFA4
[inst #231] addi x30,x30,1
Register Write to Reg: 0x1E Val: 0x00000001
[inst #232] jal x0,-64
Register Write to Reg: 0x00 Val: 0x00400130
[inst #233] blt x6,x29,100
[inst #234] blt x12,x28,64
[inst #235] slli x31,x29,2
Register Write to Reg: 0x1F Val: 0x00000004
[inst #236] add x31,x10,x31
Register Write to Reg: 0x1F Val: 0x10010004
[inst #237] lw x8,0(x31)
Register Write to Reg: 0x08 Val: 0x00000008
[inst #238] slli x13,x28,2
Register Write to Reg: 0x0D Val: 0x00000008
[inst #239] add x13,x10,x13
Register Write to Reg: 0x0D Val: 0x10010008
[inst #240] lw x9,0(x13)
Register Write to Reg: 0x09 Val: 0x00000004
[inst #241] bge x9,x8,16
[inst #242] sw x9,0(x7)
Memory Write to Addr: 0x7FFFFFA4 Val: 0x00000004
[inst #243] addi x28,x28,1
Register Write to Reg: 0x1C Val: 0x00000003
[inst #244] jal x0,12
Register Write to Reg: 0x00 Val: 0x0040011C
[inst #245] addi x7,x7,4
Register Write to Reg: 0x07 Val: 0x7FFFFFA8
[inst #246] addi x30,x30,1
Register Write to Reg: 0x1E Val: 0x00000002
[inst #247] jal x0,-64
Register Write to Reg: 0x00 Val: 0x00400130
[inst #248] blt x6,x29,100
[inst #249] blt x12,x28,64
[inst #250] slli x31,x29,2
Register Write to Reg: 0x1F Val: 0x00000004
[inst #251] add x31,x10,x31
Register Write to Reg: 0x1F Val: 0x10010004
[inst #252] lw x8,0(x31)
Register Write to Reg: 0x08 Val: 0x00000008
[inst #253] slli x13,x28,2
Register Write to Reg: 0x0D Val: 0x0000000C
[inst #254] add x13,x10,x13
Register Write to Reg: 0x0D Val: 0x1001000C
[inst #255] lw x9,0(x13)
Register Write to Reg: 0x09 Val: 0x00000005
[inst #256] bge x9,x8,16
[inst #257] sw x9,0(x7)
Memory Write to Addr: 0x7FFFFFA8 Val: 0x00000005
[inst #258] addi x28,x28,1
Register Write to Reg: 0x1C Val: 0x00000004
[inst #259] jal x0,12
Register Write to Reg: 0x00 Val: 0x0040011C
[inst #260] addi x7,x7,4
Register Write to Reg: 0x07 Val: 0x7FFFFFAC
[inst #261] addi x30,x30,1
Register Write to Reg: 0x1E Val: 0x00000003
[inst #262] jal x0,-64
Register Write to Reg: 0x00 Val: 0x00400130
[inst #263] blt x6,x29,100
[inst #264] blt x12,x28,64
[inst #265] blt x6,x29,32
[inst #266] slli x31,x29,2
Register Write to Reg: 0x1F Val: 0x00000004
[inst #267] add x31,x10,x31
Register Write to Reg: 0x1F Val: 0x10010004
[inst #268] lw x8,0(x31)
Register Write to Reg: 0x08 Val: 0x00000008
[inst #269] sw x8,0(x7)
Memory Write to Addr: 0x7FFFFFAC Val: 0x00000008
[inst #270] addi x29,x29,1
Register Write to Reg: 0x1D Val: 0x00000002
[inst #271] addi x7,x7,4
Register Write to Reg: 0x07 Val: 0x7FFFFFB0
[inst #272] jal x0,-28
Register Write to Reg: 0x00 Val: 0x00400150
[inst #273] blt x6,x29,32
[inst #274] blt x12,x28,32
[inst #275] add x7,x0,x2
Register Write to Reg: 0x07 Val: 0x7FFFFFA0
[inst #276] add x29,x0,x11
Register Write to Reg: 0x1D Val: 0x00000000
[inst #277] blt x12,x29,32
[inst #278] lw x8,0(x7)
Register Write to Reg: 0x08 Val: 0x00000003
[inst #279] slli x31,x29,2
Register Write to Reg: 0x1F Val: 0x00000000
[inst #280] add x31,x10,x31
Register Write to Reg: 0x1F Val: 0x10010000
[inst #281] sw x8,0(x31)
Memory Write to Addr: 0x10010000 Val: 0x00000003
[inst #282] addi x7,x7,4
Register Write to Reg: 0x07 Val: 0x7FFFFFA4
[inst #283] addi x29,x29,1
Register Write to Reg: 0x1D Val: 0x00000001
[inst #284] jal x0,-28
Register Write to Reg: 0x00 Val: 0x00400198
[inst #285] blt x12,x29,32
[inst #286] lw x8,0(x7)
Register Write to Reg: 0x08 Val: 0x00000004
[inst #287] slli x31,x29,2
Register Write to Reg: 0x1F Val: 0x00000004
[inst #288] add x31,x10,x31
Register Write to Reg: 0x1F Val: 0x10010004
[inst #289] sw x8,0(x31)
Memory Write to Addr: 0x10010004 Val: 0x00000004
[inst #290] addi x7,x7,4
Register Write to Reg: 0x07 Val: 0x7FFFFFA8
[inst #291] addi x29,x29,1
Register Write to Reg: 0x1D Val: 0x00000002
[inst #292] jal x0,-28
Register Write to Reg: 0x00 Val: 0x00400198
[inst #293] blt x12,x29,32
[inst #294] lw x8,0(x7)
Register Write to Reg: 0x08 Val: 0x00000005
[inst #295] slli x31,x29,2
Register Write to Reg: 0x1F Val: 0x00000008
[inst #296] add x31,x10,x31
Register Write to Reg: 0x1F Val: 0x10010008
[inst #297] sw x8,0(x31)
Memory Write to Addr: 0x10010008 Val: 0x00000005
[inst #298] addi x7,x7,4
Register Write to Reg: 0x07 Val: 0x7FFFFFAC
[inst #299] addi x29,x29,1
Register Write to Reg: 0x1D Val: 0x00000003
[inst #300] jal x0,-28
Register Write to Reg: 0x00 Val: 0x00400198
[inst #301] blt x12,x29,32
[inst #302] lw x8,0(x7)
Register Write to Reg: 0x08 Val: 0x00000008
[inst #303] slli x31,x29,2
Register Write to Reg: 0x1F Val: 0x0000000C
[inst #304] add x31,x10,x31
Register Write to Reg: 0x1F Val: 0x1001000C
[inst #305] sw x8,0(x31)
Memory Write to Addr: 0x1001000C Val: 0x00000008
[inst #306] addi x7,x7,4
Register Write to Reg: 0x07 Val: 0x7FFFFFB0
[inst #307] addi x29,x29,1
Register Write to Reg: 0x1D Val: 0x00000004
[inst #308] jal x0,-28
Register Write to Reg: 0x00 Val: 0x00400198
[inst #309] blt x12,x29,32
[inst #310] addi x2,x2,64
Register Write to Reg: 0x02 Val: 0x7FFFFFE0
[inst #311] jalr x0,x1,0
Register Write to Reg: 0x00 Val: 0x004001A0
[inst #312] lw x1,12(x2)
Register Write to Reg: 0x01 Val: 0x004000AC
[inst #313] addi x2,x2,16
Register Write to Reg: 0x02 Val: 0x7FFFFFF0
[inst #314] jalr x0,x1,0
Register Write to Reg: 0x00 Val: 0x004000D8
[inst #315] lw x6,0(x2)
Register Write to Reg: 0x06 Val: 0x00000003
[inst #316] addi x11,x6,1
Register Write to Reg: 0x0B Val: 0x00000004
[inst #317] lw x12,4(x2)
Register Write to Reg: 0x0C Val: 0x00000007
[inst #318] jal x1,-52
Register Write to Reg: 0x01 Val: 0x004000BC
[inst #319] bge x11,x12,80
[inst #320] add x5,x11,x12
Register Write to Reg: 0x05 Val: 0x0000000B
[inst #321] srai x6,x5,1
Register Write to Reg: 0x06 Val: 0x00000005
[inst #322] addi x2,x2,-16
Register Write to Reg: 0x02 Val: 0x7FFFFFE0
[inst #323] sw x1,12(x2)
Memory Write to Addr: 0x7FFFFFEC Val: 0x004000BC
[inst #324] sw x11,8(x2)
Memory Write to Addr: 0x7FFFFFE8 Val: 0x00000004
[inst #325] sw x12,4(x2)
Memory Write to Addr: 0x7FFFFFE4 Val: 0x00000007
[inst #326] sw x6,0(x2)
Memory Write to Addr: 0x7FFFFFE0 Val: 0x00000005
[inst #327] add x12,x0,x6
Register Write to Reg: 0x0C Val: 0x00000005
[inst #328] jal x1,-36
Register Write to Reg: 0x01 Val: 0x004000AC
[inst #329] bge x11,x12,80
[inst #330] add x5,x11,x12
Register Write to Reg: 0x05 Val: 0x00000009
[inst #331] srai x6,x5,1
Register Write to Reg: 0x06 Val: 0x00000004
[inst #332] addi x2,x2,-16
Register Write to Reg: 0x02 Val: 0x7FFFFFD0
[inst #333] sw x1,12(x2)
Memory Write to Addr: 0x7FFFFFDC Val: 0x004000AC
[inst #334] sw x11,8(x2)
Memory Write to Addr: 0x7FFFFFD8 Val: 0x00000004
[inst #335] sw x12,4(x2)
Memory Write to Addr: 0x7FFFFFD4 Val: 0x00000005
[inst #336] sw x6,0(x2)
Memory Write to Addr: 0x7FFFFFD0 Val: 0x00000004
[inst #337] add x12,x0,x6
Register Write to Reg: 0x0C Val: 0x00000004
[inst #338] jal x1,-36
Register Write to Reg: 0x01 Val: 0x004000AC
[inst #339] bge x11,x12,80
[inst #340] jalr x0,x1,0
Register Write to Reg: 0x00 Val: 0x004000D8
[inst #341] lw x6,0(x2)
Register Write to Reg: 0x06 Val: 0x00000004
[inst #342] addi x11,x6,1
Register Write to Reg: 0x0B Val: 0x00000005
[inst #343] lw x12,4(x2)
Register Write to Reg: 0x0C Val: 0x00000005
[inst #344] jal x1,-52
Register Write to Reg: 0x01 Val: 0x004000BC
[inst #345] bge x11,x12,80
[inst #346] jalr x0,x1,0
Register Write to Reg: 0x00 Val: 0x004000D8
[inst #347] lw x6,0(x2)
Register Write to Reg: 0x06 Val: 0x00000004
[inst #348] lw x11,8(x2)
Register Write to Reg: 0x0B Val: 0x00000004
[inst #349] lw x12,4(x2)
Register Write to Reg: 0x0C Val: 0x00000005
[inst #350] jal x1,16
Register Write to Reg: 0x01 Val: 0x004000CC
[inst #351] addi x2,x2,-64
Register Write to Reg: 0x02 Val: 0x7FFFFF90
[inst #352] add x7,x0,x2
Register Write to Reg: 0x07 Val: 0x7FFFFF90
[inst #353] addi x28,x6,1
Register Write to Reg: 0x1C Val: 0x00000005
[inst #354] add x29,x0,x11
Register Write to Reg: 0x1D Val: 0x00000004
[inst #355] add x30,x0,x0
Register Write to Reg: 0x1E Val: 0x00000000
[inst #356] blt x6,x29,100
[inst #357] blt x12,x28,64
[inst #358] slli x31,x29,2
Register Write to Reg: 0x1F Val: 0x00000010
[inst #359] add x31,x10,x31
Register Write to Reg: 0x1F Val: 0x10010010
[inst #360] lw x8,0(x31)
Register Write to Reg: 0x08 Val: 0x00000007
[inst #361] slli x13,x28,2
Register Write to Reg: 0x0D Val: 0x00000014
[inst #362] add x13,x10,x13
Register Write to Reg: 0x0D Val: 0x10010014
[inst #363] lw x9,0(x13)
Register Write to Reg: 0x09 Val: 0x00000002
[inst #364] bge x9,x8,16
[inst #365] sw x9,0(x7)
Memory Write to Addr: 0x7FFFFF90 Val: 0x00000002
[inst #366] addi x28,x28,1
Register Write to Reg: 0x1C Val: 0x00000006
[inst #367] jal x0,12
Register Write to Reg: 0x00 Val: 0x0040011C
[inst #368] addi x7,x7,4
Register Write to Reg: 0x07 Val: 0x7FFFFF94
[inst #369] addi x30,x30,1
Register Write to Reg: 0x1E Val: 0x00000001
[inst #370] jal x0,-64
Register Write to Reg: 0x00 Val: 0x00400130
[inst #371] blt x6,x29,100
[inst #372] blt x12,x28,64
[inst #373] blt x6,x29,32
[inst #374] slli x31,x29,2
Register Write to Reg: 0x1F Val: 0x00000010
[inst #375] add x31,x10,x31
Register Write to Reg: 0x1F Val: 0x10010010
[inst #376] lw x8,0(x31)
Register Write to Reg: 0x08 Val: 0x00000007
[inst #377] sw x8,0(x7)
Memory Write to Addr: 0x7FFFFF94 Val: 0x00000007
[inst #378] addi x29,x29,1
Register Write to Reg: 0x1D Val: 0x00000005
[inst #379] addi x7,x7,4
Register Write to Reg: 0x07 Val: 0x7FFFFF98
[inst #380] jal x0,-28
Register Write to Reg: 0x00 Val: 0x00400150
[inst #381] blt x6,x29,32
[inst #382] blt x12,x28,32
[inst #383] add x7,x0,x2
Register Write to Reg: 0x07 Val: 0x7FFFFF90
[inst #384] add x29,x0,x11
Register Write to Reg: 0x1D Val: 0x00000004
[inst #385] blt x12,x29,32
[inst #386] lw x8,0(x7)
Register Write to Reg: 0x08 Val: 0x00000002
[inst #387] slli x31,x29,2
Register Write to Reg: 0x1F Val: 0x00000010
[inst #388] add x31,x10,x31
Register Write to Reg: 0x1F Val: 0x10010010
[inst #389] sw x8,0(x31)
Memory Write to Addr: 0x10010010 Val: 0x00000002
[inst #390] addi x7,x7,4
Register Write to Reg: 0x07 Val: 0x7FFFFF94
[inst #391] addi x29,x29,1
Register Write to Reg: 0x1D Val: 0x00000005
[inst #392] jal x0,-28
Register Write to Reg: 0x00 Val: 0x00400198
[inst #393] blt x12,x29,32
[inst #394] lw x8,0(x7)
Register Write to Reg: 0x08 Val: 0x00000007
[inst #395] slli x31,x29,2
Register Write to Reg: 0x1F Val: 0x00000014
[inst #396] add x31,x10,x31
Register Write to Reg: 0x1F Val: 0x10010014
[inst #397] sw x8,0(x31)
Memory Write to Addr: 0x10010014 Val: 0x00000007
[inst #398] addi x7,x7,4
Register Write to Reg: 0x07 Val: 0x7FFFFF98
[inst #399] addi x29,x29,1
Register Write to Reg: 0x1D Val: 0x00000006
[inst #400] jal x0,-28
Register Write to Reg: 0x00 Val: 0x00400198
[inst #401] blt x12,x29,32
[inst #402] addi x2,x2,64
Register Write to Reg: 0x02 Val: 0x7FFFFFD0
[inst #403] jalr x0,x1,0
Register Write to Reg: 0x00 Val: 0x004001A0
[inst #404] lw x1,12(x2)
Register Write to Reg: 0x01 Val: 0x004000AC
[inst #405] addi x2,x2,16
Register Write to Reg: 0x02 Val: 0x7FFFFFE0
[inst #406] jalr x0,x1,0
Register Write to Reg: 0x00 Val: 0x004000D8
[inst #407] lw x6,0(x2)
Register Write to Reg: 0x06 Val: 0x00000005
[inst #408] addi x11,x6,1
Register Write to Reg: 0x0B Val: 0x00000006
[inst #409] lw x12,4(x2)
Register Write to Reg: 0x0C Val: 0x00000007
[inst #410] jal x1,-52
Register Write to Reg: 0x01 Val: 0x004000BC
[inst #411] bge x11,x12,80
[inst #412] add x5,x11,x12
Register Write to Reg: 0x05 Val: 0x0000000D
[inst #413] srai x6,x5,1
Register Write to Reg: 0x06 Val: 0x00000006
[inst #414] addi x2,x2,-16
Register Write to Reg: 0x02 Val: 0x7FFFFFD0
[inst #415] sw x1,12(x2)
Memory Write to Addr: 0x7FFFFFDC Val: 0x004000BC
[inst #416] sw x11,8(x2)
Memory Write to Addr: 0x7FFFFFD8 Val: 0x00000006
[inst #417] sw x12,4(x2)
Memory Write to Addr: 0x7FFFFFD4 Val: 0x00000007
[inst #418] sw x6,0(x2)
Memory Write to Addr: 0x7FFFFFD0 Val: 0x00000006
[inst #419] add x12,x0,x6
Register Write to Reg: 0x0C Val: 0x00000006
[inst #420] jal x1,-36
Register Write to Reg: 0x01 Val: 0x004000AC
[inst #421] bge x11,x12,80
[inst #422] jalr x0,x1,0
Register Write to Reg: 0x00 Val: 0x004000D8
[inst #423] lw x6,0(x2)
Register Write to Reg: 0x06 Val: 0x00000006
[inst #424] addi x11,x6,1
Register Write to Reg: 0x0B Val: 0x00000007
[inst #425] lw x12,4(x2)
Register Write to Reg: 0x0C Val: 0x00000007
[inst #426] jal x1,-52
Register Write to Reg: 0x01 Val: 0x004000BC
[inst #427] bge x11,x12,80
[inst #428] jalr x0,x1,0
Register Write to Reg: 0x00 Val: 0x004000D8
[inst #429] lw x6,0(x2)
Register Write to Reg: 0x06 Val: 0x00000006
[inst #430] lw x11,8(x2)
Register Write to Reg: 0x0B Val: 0x00000006
[inst #431] lw x12,4(x2)
Register Write to Reg: 0x0C Val: 0x00000007
[inst #432] jal x1,16
Register Write to Reg: 0x01 Val: 0x004000CC
[inst #433] addi x2,x2,-64
Register Write to Reg: 0x02 Val: 0x7FFFFF90
[inst #434] add x7,x0,x2
Register Write to Reg: 0x07 Val: 0x7FFFFF90
[inst #435] addi x28,x6,1
Register Write to Reg: 0x1C Val: 0x00000007
[inst #436] add x29,x0,x11
Register Write to Reg: 0x1D Val: 0x00000006
[inst #437] add x30,x0,x0
Register Write to Reg: 0x1E Val: 0x00000000
[inst #438] blt x6,x29,100
[inst #439] blt x12,x28,64
[inst #440] slli x31,x29,2
Register Write to Reg: 0x1F Val: 0x00000018
[inst #441] add x31,x10,x31
Register Write to Reg: 0x1F Val: 0x10010018
[inst #442] lw x8,0(x31)
Register Write to Reg: 0x08 Val: 0x00000006
[inst #443] slli x13,x28,2
Register Write to Reg: 0x0D Val: 0x0000001C
[inst #444] add x13,x10,x13
Register Write to Reg: 0x0D Val: 0x1001001C
[inst #445] lw x9,0(x13)
Register Write to Reg: 0x09 Val: 0x00000001
[inst #446] bge x9,x8,16
[inst #447] sw x9,0(x7)
Memory Write to Addr: 0x7FFFFF90 Val: 0x00000001
[inst #448] addi x28,x28,1
Register Write to Reg: 0x1C Val: 0x00000008
[inst #449] jal x0,12
Register Write to Reg: 0x00 Val: 0x0040011C
[inst #450] addi x7,x7,4
Register Write to Reg: 0x07 Val: 0x7FFFFF94
[inst #451] addi x30,x30,1
Register Write to Reg: 0x1E Val: 0x00000001
[inst #452] jal x0,-64
Register Write to Reg: 0x00 Val: 0x00400130
[inst #453] blt x6,x29,100
[inst #454] blt x12,x28,64
[inst #455] blt x6,x29,32
[inst #456] slli x31,x29,2
Register Write to Reg: 0x1F Val: 0x00000018
[inst #457] add x31,x10,x31
Register Write to Reg: 0x1F Val: 0x10010018
[inst #458] lw x8,0(x31)
Register Write to Reg: 0x08 Val: 0x00000006
[inst #459] sw x8,0(x7)
Memory Write to Addr: 0x7FFFFF94 Val: 0x00000006
[inst #460] addi x29,x29,1
Register Write to Reg: 0x1D Val: 0x00000007
[inst #461] addi x7,x7,4
Register Write to Reg: 0x07 Val: 0x7FFFFF98
[inst #462] jal x0,-28
Register Write to Reg: 0x00 Val: 0x00400150
[inst #463] blt x6,x29,32
[inst #464] blt x12,x28,32
[inst #465] add x7,x0,x2
Register Write to Reg: 0x07 Val: 0x7FFFFF90
[inst #466] add x29,x0,x11
Register Write to Reg: 0x1D Val: 0x00000006
[inst #467] blt x12,x29,32
[inst #468] lw x8,0(x7)
Register Write to Reg: 0x08 Val: 0x00000001
[inst #469] slli x31,x29,2
Register Write to Reg: 0x1F Val: 0x00000018
[inst #470] add x31,x10,x31
Register Write to Reg: 0x1F Val: 0x10010018
[inst #471] sw x8,0(x31)
Memory Write to Addr: 0x10010018 Val: 0x00000001
[inst #472] addi x7,x7,4
Register Write to Reg: 0x07 Val: 0x7FFFFF94
[inst #473] addi x29,x29,1
Register Write to Reg: 0x1D Val: 0x00000007
[inst #474] jal x0,-28
Register Write to Reg: 0x00 Val: 0x00400198
[inst #475] blt x12,x29,32
[inst #476] lw x8,0(x7)
Register Write to Reg: 0x08 Val: 0x00000006
[inst #477] slli x31,x29,2
Register Write to Reg: 0x1F Val: 0x0000001C
[inst #478] add x31,x10,x31
Register Write to Reg: 0x1F Val: 0x1001001C
[inst #479] sw x8,0(x31)
Memory Write to Addr: 0x1001001C Val: 0x00000006
[inst #480] addi x7,x7,4
Register Write to Reg: 0x07 Val: 0x7FFFFF98
[inst #481] addi x29,x29,1
Register Write to Reg: 0x1D Val: 0x00000008
[inst #482] jal x0,-28
Register Write to Reg: 0x00 Val: 0x00400198
[inst #483] blt x12,x29,32
[inst #484] addi x2,x2,64
Register Write to Reg: 0x02 Val: 0x7FFFFFD0
[inst #485] jalr x0,x1,0
Register Write to Reg: 0x00 Val: 0x004001A0
[inst #486] lw x1,12(x2)
Register Write to Reg: 0x01 Val: 0x004000BC
[inst #487] addi x2,x2,16
Register Write to Reg: 0x02 Val: 0x7FFFFFE0
[inst #488] jalr x0,x1,0
Register Write to Reg: 0x00 Val: 0x004000D8
[inst #489] lw x6,0(x2)
Register Write to Reg: 0x06 Val: 0x00000005
[inst #490] lw x11,8(x2)
Register Write to Reg: 0x0B Val: 0x00000004
[inst #491] lw x12,4(x2)
Register Write to Reg: 0x0C Val: 0x00000007
[inst #492] jal x1,16
Register Write to Reg: 0x01 Val: 0x004000CC
[inst #493] addi x2,x2,-64
Register Write to Reg: 0x02 Val: 0x7FFFFFA0
[inst #494] add x7,x0,x2
Register Write to Reg: 0x07 Val: 0x7FFFFFA0
[inst #495] addi x28,x6,1
Register Write to Reg: 0x1C Val: 0x00000006
[inst #496] add x29,x0,x11
Register Write to Reg: 0x1D Val: 0x00000004
[inst #497] add x30,x0,x0
Register Write to Reg: 0x1E Val: 0x00000000
[inst #498] blt x6,x29,100
[inst #499] blt x12,x28,64
[inst #500] slli x31,x29,2
Register Write to Reg: 0x1F Val: 0x00000010
[inst #501] add x31,x10,x31
Register Write to Reg: 0x1F Val: 0x10010010
[inst #502] lw x8,0(x31)
Register Write to Reg: 0x08 Val: 0x00000002
[inst #503] slli x13,x28,2
Register Write to Reg: 0x0D Val: 0x00000018
[inst #504] add x13,x10,x13
Register Write to Reg: 0x0D Val: 0x10010018
[inst #505] lw x9,0(x13)
Register Write to Reg: 0x09 Val: 0x00000001
[inst #506] bge x9,x8,16
[inst #507] sw x9,0(x7)
Memory Write to Addr: 0x7FFFFFA0 Val: 0x00000001
[inst #508] addi x28,x28,1
Register Write to Reg: 0x1C Val: 0x00000007
[inst #509] jal x0,12
Register Write to Reg: 0x00 Val: 0x0040011C
[inst #510] addi x7,x7,4
Register Write to Reg: 0x07 Val: 0x7FFFFFA4
[inst #511] addi x30,x30,1
Register Write to Reg: 0x1E Val: 0x00000001
[inst #512] jal x0,-64
Register Write to Reg: 0x00 Val: 0x00400130
[inst #513] blt x6,x29,100
[inst #514] blt x12,x28,64
[inst #515] slli x31,x29,2
Register Write to Reg: 0x1F Val: 0x00000010
[inst #516] add x31,x10,x31
Register Write to Reg: 0x1F Val: 0x10010010
[inst #517] lw x8,0(x31)
Register Write to Reg: 0x08 Val: 0x00000002
[inst #518] slli x13,x28,2
Register Write to Reg: 0x0D Val: 0x0000001C
[inst #519] add x13,x10,x13
Register Write to Reg: 0x0D Val: 0x1001001C
[inst #520] lw x9,0(x13)
Register Write to Reg: 0x09 Val: 0x00000006
[inst #521] bge x9,x8,16
[inst #522] sw x8,0(x7)
Memory Write to Addr: 0x7FFFFFA4 Val: 0x00000002
[inst #523] addi x29,x29,1
Register Write to Reg: 0x1D Val: 0x00000005
[inst #524] addi x7,x7,4
Register Write to Reg: 0x07 Val: 0x7FFFFFA8
[inst #525] addi x30,x30,1
Register Write to Reg: 0x1E Val: 0x00000002
[inst #526] jal x0,-64
Register Write to Reg: 0x00 Val: 0x00400130
[inst #527] blt x6,x29,100
[inst #528] blt x12,x28,64
[inst #529] slli x31,x29,2
Register Write to Reg: 0x1F Val: 0x00000014
[inst #530] add x31,x10,x31
Register Write to Reg: 0x1F Val: 0x10010014
[inst #531] lw x8,0(x31)
Register Write to Reg: 0x08 Val: 0x00000007
[inst #532] slli x13,x28,2
Register Write to Reg: 0x0D Val: 0x0000001C
[inst #533] add x13,x10,x13
Register Write to Reg: 0x0D Val: 0x1001001C
[inst #534] lw x9,0(x13)
Register Write to Reg: 0x09 Val: 0x00000006
[inst #535] bge x9,x8,16
[inst #536] sw x9,0(x7)
Memory Write to Addr: 0x7FFFFFA8 Val: 0x00000006
[inst #537] addi x28,x28,1
Register Write to Reg: 0x1C Val: 0x00000008
[inst #538] jal x0,12
Register Write to Reg: 0x00 Val: 0x0040011C
[inst #539] addi x7,x7,4
Register Write to Reg: 0x07 Val: 0x7FFFFFAC
[inst #540] addi x30,x30,1
Register Write to Reg: 0x1E Val: 0x00000003
[inst #541] jal x0,-64
Register Write to Reg: 0x00 Val: 0x00400130
[inst #542] blt x6,x29,100
[inst #543] blt x12,x28,64
[inst #544] blt x6,x29,32
[inst #545] slli x31,x29,2
Register Write to Reg: 0x1F Val: 0x00000014
[inst #546] add x31,x10,x31
Register Write to Reg: 0x1F Val: 0x10010014
[inst #547] lw x8,0(x31)
Register Write to Reg: 0x08 Val: 0x00000007
[inst #548] sw x8,0(x7)
Memory Write to Addr: 0x7FFFFFAC Val: 0x00000007
[inst #549] addi x29,x29,1
Register Write to Reg: 0x1D Val: 0x00000006
[inst #550] addi x7,x7,4
Register Write to Reg: 0x07 Val: 0x7FFFFFB0
[inst #551] jal x0,-28
Register Write to Reg: 0x00 Val: 0x00400150
[inst #552] blt x6,x29,32
[inst #553] blt x12,x28,32
[inst #554] add x7,x0,x2
Register Write to Reg: 0x07 Val: 0x7FFFFFA0
[inst #555] add x29,x0,x11
Register Write to Reg: 0x1D Val: 0x00000004
[inst #556] blt x12,x29,32
[inst #557] lw x8,0(x7)
Register Write to Reg: 0x08 Val: 0x00000001
[inst #558] slli x31,x29,2
Register Write to Reg: 0x1F Val: 0x00000010
[inst #559] add x31,x10,x31
Register Write to Reg: 0x1F Val: 0x10010010
[inst #560] sw x8,0(x31)
Memory Write to Addr: 0x10010010 Val: 0x00000001
[inst #561] addi x7,x7,4
Register Write to Reg: 0x07 Val: 0x7FFFFFA4
[inst #562] addi x29,x29,1
Register Write to Reg: 0x1D Val: 0x00000005
[inst #563] jal x0,-28
Register Write to Reg: 0x00 Val: 0x00400198
[inst #564] blt x12,x29,32
[inst #565] lw x8,0(x7)
Register Write to Reg: 0x08 Val: 0x00000002
[inst #566] slli x31,x29,2
Register Write to Reg: 0x1F Val: 0x00000014
[inst #567] add x31,x10,x31
Register Write to Reg: 0x1F Val: 0x10010014
[inst #568] sw x8,0(x31)
Memory Write to Addr: 0x10010014 Val: 0x00000002
[inst #569] addi x7,x7,4
Register Write to Reg: 0x07 Val: 0x7FFFFFA8
[inst #570] addi x29,x29,1
Register Write to Reg: 0x1D Val: 0x00000006
[inst #571] jal x0,-28
Register Write to Reg: 0x00 Val: 0x00400198
[inst #572] blt x12,x29,32
[inst #573] lw x8,0(x7)
Register Write to Reg: 0x08 Val: 0x00000006
[inst #574] slli x31,x29,2
Register Write to Reg: 0x1F Val: 0x00000018
[inst #575] add x31,x10,x31
Register Write to Reg: 0x1F Val: 0x10010018
[inst #576] sw x8,0(x31)
Memory Write to Addr: 0x10010018 Val: 0x00000006
[inst #577] addi x7,x7,4
Register Write to Reg: 0x07 Val: 0x7FFFFFAC
[inst #578] addi x29,x29,1
Register Write to Reg: 0x1D Val: 0x00000007
[inst #579] jal x0,-28
Register Write to Reg: 0x00 Val: 0x00400198
[inst #580] blt x12,x29,32
[inst #581] lw x8,0(x7)
Register Write to Reg: 0x08 Val: 0x00000007
[inst #582] slli x31,x29,2
Register Write to Reg: 0x1F Val: 0x0000001C
[inst #583] add x31,x10,x31
Register Write to Reg: 0x1F Val: 0x1001001C
[inst #584] sw x8,0(x31)
Memory Write to Addr: 0x1001001C Val: 0x00000007
[inst #585] addi x7,x7,4
Register Write to Reg: 0x07 Val: 0x7FFFFFB0
[inst #586] addi x29,x29,1
Register Write to Reg: 0x1D Val: 0x00000008
[inst #587] jal x0,-28
Register Write to Reg: 0x00 Val: 0x00400198
[inst #588] blt x12,x29,32
[inst #589] addi x2,x2,64
Register Write to Reg: 0x02 Val: 0x7FFFFFE0
[inst #590] jalr x0,x1,0
Register Write to Reg: 0x00 Val: 0x004001A0
[inst #591] lw x1,12(x2)
Register Write to Reg: 0x01 Val: 0x004000BC
[inst #592] addi x2,x2,16
Register Write to Reg: 0x02 Val: 0x7FFFFFF0
[inst #593] jalr x0,x1,0
Register Write to Reg: 0x00 Val: 0x004000D8
[inst #594] lw x6,0(x2)
Register Write to Reg: 0x06 Val: 0x00000003
[inst #595] lw x11,8(x2)
Register Write to Reg: 0x0B Val: 0x00000000
[inst #596] lw x12,4(x2)
Register Write to Reg: 0x0C Val: 0x00000007
[inst #597] jal x1,16
Register Write to Reg: 0x01 Val: 0x004000CC
[inst #598] addi x2,x2,-64
Register Write to Reg: 0x02 Val: 0x7FFFFFB0
[inst #599] add x7,x0,x2
Register Write to Reg: 0x07 Val: 0x7FFFFFB0
[inst #600] addi x28,x6,1
Register Write to Reg: 0x1C Val: 0x00000004
[inst #601] add x29,x0,x11
Register Write to Reg: 0x1D Val: 0x00000000
[inst #602] add x30,x0,x0
Register Write to Reg: 0x1E Val: 0x00000000
[inst #603] blt x6,x29,100
[inst #604] blt x12,x28,64
[inst #605] slli x31,x29,2
Register Write to Reg: 0x1F Val: 0x00000000
[inst #606] add x31,x10,x31
Register Write to Reg: 0x1F Val: 0x10010000
[inst #607] lw x8,0(x31)
Register Write to Reg: 0x08 Val: 0x00000003
[inst #608] slli x13,x28,2
Register Write to Reg: 0x0D Val: 0x00000010
[inst #609] add x13,x10,x13
Register Write to Reg: 0x0D Val: 0x10010010
[inst #610] lw x9,0(x13)
Register Write to Reg: 0x09 Val: 0x00000001
[inst #611] bge x9,x8,16
[inst #612] sw x9,0(x7)
Memory Write to Addr: 0x7FFFFFB0 Val: 0x00000001
[inst #613] addi x28,x28,1
Register Write to Reg: 0x1C Val: 0x00000005
[inst #614] jal x0,12
Register Write to Reg: 0x00 Val: 0x0040011C
[inst #615] addi x7,x7,4
Register Write to Reg: 0x07 Val: 0x7FFFFFB4
[inst #616] addi x30,x30,1
Register Write to Reg: 0x1E Val: 0x00000001
[inst #617] jal x0,-64
Register Write to Reg: 0x00 Val: 0x00400130
[inst #618] blt x6,x29,100
[inst #619] blt x12,x28,64
[inst #620] slli x31,x29,2
Register Write to Reg: 0x1F Val: 0x00000000
[inst #621] add x31,x10,x31
Register Write to Reg: 0x1F Val: 0x10010000
[inst #622] lw x8,0(x31)
Register Write to Reg: 0x08 Val: 0x00000003
[inst #623] slli x13,x28,2
Register Write to Reg: 0x0D Val: 0x00000014
[inst #624] add x13,x10,x13
Register Write to Reg: 0x0D Val: 0x10010014
[inst #625] lw x9,0(x13)
Register Write to Reg: 0x09 Val: 0x00000002
[inst #626] bge x9,x8,16
[inst #627] sw x9,0(x7)
Memory Write to Addr: 0x7FFFFFB4 Val: 0x00000002
[inst #628] addi x28,x28,1
Register Write to Reg: 0x1C Val: 0x00000006
[inst #629] jal x0,12
Register Write to Reg: 0x00 Val: 0x0040011C
[inst #630] addi x7,x7,4
Register Write to Reg: 0x07 Val: 0x7FFFFFB8
[inst #631] addi x30,x30,1
Register Write to Reg: 0x1E Val: 0x00000002
[inst #632] jal x0,-64
Register Write to Reg: 0x00 Val: 0x00400130
[inst #633] blt x6,x29,100
[inst #634] blt x12,x28,64
[inst #635] slli x31,x29,2
Register Write to Reg: 0x1F Val: 0x00000000
[inst #636] add x31,x10,x31
Register Write to Reg: 0x1F Val: 0x10010000
[inst #637] lw x8,0(x31)
Register Write to Reg: 0x08 Val: 0x00000003
[inst #638] slli x13,x28,2
Register Write to Reg: 0x0D Val: 0x00000018
[inst #639] add x13,x10,x13
Register Write to Reg: 0x0D Val: 0x10010018
[inst #640] lw x9,0(x13)
Register Write to Reg: 0x09 Val: 0x00000006
[inst #641] bge x9,x8,16
[inst #642] sw x8,0(x7)
Memory Write to Addr: 0x7FFFFFB8 Val: 0x00000003
[inst #643] addi x29,x29,1
Register Write to Reg: 0x1D Val: 0x00000001
[inst #644] addi x7,x7,4
Register Write to Reg: 0x07 Val: 0x7FFFFFBC
[inst #645] addi x30,x30,1
Register Write to Reg: 0x1E Val: 0x00000003
[inst #646] jal x0,-64
Register Write to Reg: 0x00 Val: 0x00400130
[inst #647] blt x6,x29,100
[inst #648] blt x12,x28,64
[inst #649] slli x31,x29,2
Register Write to Reg: 0x1F Val: 0x00000004
[inst #650] add x31,x10,x31
Register Write to Reg: 0x1F Val: 0x10010004
[inst #651] lw x8,0(x31)
Register Write to Reg: 0x08 Val: 0x00000004
[inst #652] slli x13,x28,2
Register Write to Reg: 0x0D Val: 0x00000018
[inst #653] add x13,x10,x13
Register Write to Reg: 0x0D Val: 0x10010018
[inst #654] lw x9,0(x13)
Register Write to Reg: 0x09 Val: 0x00000006
[inst #655] bge x9,x8,16
[inst #656] sw x8,0(x7)
Memory Write to Addr: 0x7FFFFFBC Val: 0x00000004
[inst #657] addi x29,x29,1
Register Write to Reg: 0x1D Val: 0x00000002
[inst #658] addi x7,x7,4
Register Write to Reg: 0x07 Val: 0x7FFFFFC0
[inst #659] addi x30,x30,1
Register Write to Reg: 0x1E Val: 0x00000004
[inst #660] jal x0,-64
Register Write to Reg: 0x00 Val: 0x00400130
[inst #661] blt x6,x29,100
[inst #662] blt x12,x28,64
[inst #663] slli x31,x29,2
Register Write to Reg: 0x1F Val: 0x00000008
[inst #664] add x31,x10,x31
Register Write to Reg: 0x1F Val: 0x10010008
[inst #665] lw x8,0(x31)
Register Write to Reg: 0x08 Val: 0x00000005
[inst #666] slli x13,x28,2
Register Write to Reg: 0x0D Val: 0x00000018
[inst #667] add x13,x10,x13
Register Write to Reg: 0x0D Val: 0x10010018
[inst #668] lw x9,0(x13)
Register Write to Reg: 0x09 Val: 0x00000006
[inst #669] bge x9,x8,16
[inst #670] sw x8,0(x7)
Memory Write to Addr: 0x7FFFFFC0 Val: 0x00000005
[inst #671] addi x29,x29,1
Register Write to Reg: 0x1D Val: 0x00000003
[inst #672] addi x7,x7,4
Register Write to Reg: 0x07 Val: 0x7FFFFFC4
[inst #673] addi x30,x30,1
Register Write to Reg: 0x1E Val: 0x00000005
[inst #674] jal x0,-64
Register Write to Reg: 0x00 Val: 0x00400130
[inst #675] blt x6,x29,100
[inst #676] blt x12,x28,64
[inst #677] slli x31,x29,2
Register Write to Reg: 0x1F Val: 0x0000000C
[inst #678] add x31,x10,x31
Register Write to Reg: 0x1F Val: 0x1001000C
[inst #679] lw x8,0(x31)
Register Write to Reg: 0x08 Val: 0x00000008
[inst #680] slli x13,x28,2
Register Write to Reg: 0x0D Val: 0x00000018
[inst #681] add x13,x10,x13
Register Write to Reg: 0x0D Val: 0x10010018
[inst #682] lw x9,0(x13)
Register Write to Reg: 0x09 Val: 0x00000006
[inst #683] bge x9,x8,16
[inst #684] sw x9,0(x7)
Memory Write to Addr: 0x7FFFFFC4 Val: 0x00000006
[inst #685] addi x28,x28,1
Register Write to Reg: 0x1C Val: 0x00000007
[inst #686] jal x0,12
Register Write to Reg: 0x00 Val: 0x0040011C
[inst #687] addi x7,x7,4
Register Write to Reg: 0x07 Val: 0x7FFFFFC8
[inst #688] addi x30,x30,1
Register Write to Reg: 0x1E Val: 0x00000006
[inst #689] jal x0,-64
Register Write to Reg: 0x00 Val: 0x00400130
[inst #690] blt x6,x29,100
[inst #691] blt x12,x28,64
[inst #692] slli x31,x29,2
Register Write to Reg: 0x1F Val: 0x0000000C
[inst #693] add x31,x10,x31
Register Write to Reg: 0x1F Val: 0x1001000C
[inst #694] lw x8,0(x31)
Register Write to Reg: 0x08 Val: 0x00000008
[inst #695] slli x13,x28,2
Register Write to Reg: 0x0D Val: 0x0000001C
[inst #696] add x13,x10,x13
Register Write to Reg: 0x0D Val: 0x1001001C
[inst #697] lw x9,0(x13)
Register Write to Reg: 0x09 Val: 0x00000007
[inst #698] bge x9,x8,16
[inst #699] sw x9,0(x7)
Memory Write to Addr: 0x7FFFFFC8 Val: 0x00000007
[inst #700] addi x28,x28,1
Register Write to Reg: 0x1C Val: 0x00000008
[inst #701] jal x0,12
Register Write to Reg: 0x00 Val: 0x0040011C
[inst #702] addi x7,x7,4
Register Write to Reg: 0x07 Val: 0x7FFFFFCC
[inst #703] addi x30,x30,1
Register Write to Reg: 0x1E Val: 0x00000007
[inst #704] jal x0,-64
Register Write to Reg: 0x00 Val: 0x00400130
[inst #705] blt x6,x29,100
[inst #706] blt x12,x28,64
[inst #707] blt x6,x29,32
[inst #708] slli x31,x29,2
Register Write to Reg: 0x1F Val: 0x0000000C
[inst #709] add x31,x10,x31
Register Write to Reg: 0x1F Val: 0x1001000C
[inst #710] lw x8,0(x31)
Register Write to Reg: 0x08 Val: 0x00000008
[inst #711] sw x8,0(x7)
Memory Write to Addr: 0x7FFFFFCC Val: 0x00000008
[inst #712] addi x29,x29,1
Register Write to Reg: 0x1D Val: 0x00000004
[inst #713] addi x7,x7,4
Register Write to Reg: 0x07 Val: 0x7FFFFFD0
[inst #714] jal x0,-28
Register Write to Reg: 0x00 Val: 0x00400150
[inst #715] blt x6,x29,32
[inst #716] blt x12,x28,32
[inst #717] add x7,x0,x2
Register Write to Reg: 0x07 Val: 0x7FFFFFB0
[inst #718] add x29,x0,x11
Register Write to Reg: 0x1D Val: 0x00000000
[inst #719] blt x12,x29,32
[inst #720] lw x8,0(x7)
Register Write to Reg: 0x08 Val: 0x00000001
[inst #721] slli x31,x29,2
Register Write to Reg: 0x1F Val: 0x00000000
[inst #722] add x31,x10,x31
Register Write to Reg: 0x1F Val: 0x10010000
[inst #723] sw x8,0(x31)
Memory Write to Addr: 0x10010000 Val: 0x00000001
[inst #724] addi x7,x7,4
Register Write to Reg: 0x07 Val: 0x7FFFFFB4
[inst #725] addi x29,x29,1
Register Write to Reg: 0x1D Val: 0x00000001
[inst #726] jal x0,-28
Register Write to Reg: 0x00 Val: 0x00400198
[inst #727] blt x12,x29,32
[inst #728] lw x8,0(x7)
Register Write to Reg: 0x08 Val: 0x00000002
[inst #729] slli x31,x29,2
Register Write to Reg: 0x1F Val: 0x00000004
[inst #730] add x31,x10,x31
Register Write to Reg: 0x1F Val: 0x10010004
[inst #731] sw x8,0(x31)
Memory Write to Addr: 0x10010004 Val: 0x00000002
[inst #732] addi x7,x7,4
Register Write to Reg: 0x07 Val: 0x7FFFFFB8
[inst #733] addi x29,x29,1
Register Write to Reg: 0x1D Val: 0x00000002
[inst #734] jal x0,-28
Register Write to Reg: 0x00 Val: 0x00400198
[inst #735] blt x12,x29,32
[inst #736] lw x8,0(x7)
Register Write to Reg: 0x08 Val: 0x00000003
[inst #737] slli x31,x29,2
Register Write to Reg: 0x1F Val: 0x00000008
[inst #738] add x31,x10,x31
Register Write to Reg: 0x1F Val: 0x10010008
[inst #739] sw x8,0(x31)
Memory Write to Addr: 0x10010008 Val: 0x00000003
[inst #740] addi x7,x7,4
Register Write to Reg: 0x07 Val: 0x7FFFFFBC
[inst #741] addi x29,x29,1
Register Write to Reg: 0x1D Val: 0x00000003
[inst #742] jal x0,-28
Register Write to Reg: 0x00 Val: 0x00400198
[inst #743] blt x12,x29,32
[inst #744] lw x8,0(x7)
Register Write to Reg: 0x08 Val: 0x00000004
[inst #745] slli x31,x29,2
Register Write to Reg: 0x1F Val: 0x0000000C
[inst #746] add x31,x10,x31
Register Write to Reg: 0x1F Val: 0x1001000C
[inst #747] sw x8,0(x31)
Memory Write to Addr: 0x1001000C Val: 0x00000004
[inst #748] addi x7,x7,4
Register Write to Reg: 0x07 Val: 0x7FFFFFC0
[inst #749] addi x29,x29,1
Register Write to Reg: 0x1D Val: 0x00000004
[inst #750] jal x0,-28
Register Write to Reg: 0x00 Val: 0x00400198
[inst #751] blt x12,x29,32
[inst #752] lw x8,0(x7)
Register Write to Reg: 0x08 Val: 0x00000005
[inst #753] slli x31,x29,2
Register Write to Reg: 0x1F Val: 0x00000010
[inst #754] add x31,x10,x31
Register Write to Reg: 0x1F Val: 0x10010010
[inst #755] sw x8,0(x31)
Memory Write to Addr: 0x10010010 Val: 0x00000005
[inst #756] addi x7,x7,4
Register Write to Reg: 0x07 Val: 0x7FFFFFC4
[inst #757] addi x29,x29,1
Register Write to Reg: 0x1D Val: 0x00000005
[inst #758] jal x0,-28
Register Write to Reg: 0x00 Val: 0x00400198
[inst #759] blt x12,x29,32
[inst #760] lw x8,0(x7)
Register Write to Reg: 0x08 Val: 0x00000006
[inst #761] slli x31,x29,2
Register Write to Reg: 0x1F Val: 0x00000014
[inst #762] add x31,x10,x31
Register Write to Reg: 0x1F Val: 0x10010014
[inst #763] sw x8,0(x31)
Memory Write to Addr: 0x10010014 Val: 0x00000006
[inst #764] addi x7,x7,4
Register Write to Reg: 0x07 Val: 0x7FFFFFC8
[inst #765] addi x29,x29,1
Register Write to Reg: 0x1D Val: 0x00000006
[inst #766] jal x0,-28
Register Write to Reg: 0x00 Val: 0x00400198
[inst #767] blt x12,x29,32
[inst #768] lw x8,0(x7)
Register Write to Reg: 0x08 Val: 0x00000007
[inst #769] slli x31,x29,2
Register Write to Reg: 0x1F Val: 0x00000018
[inst #770] add x31,x10,x31
Register Write to Reg: 0x1F Val: 0x10010018
[inst #771] sw x8,0(x31)
Memory Write to Addr: 0x10010018 Val: 0x00000007
[inst #772] addi x7,x7,4
Register Write to Reg: 0x07 Val: 0x7FFFFFCC
[inst #773] addi x29,x29,1
Register Write to Reg: 0x1D Val: 0x00000007
[inst #774] jal x0,-28
Register Write to Reg: 0x00 Val: 0x00400198
[inst #775] blt x12,x29,32
[inst #776] lw x8,0(x7)
Register Write to Reg: 0x08 Val: 0x00000008
[inst #777] slli x31,x29,2
Register Write to Reg: 0x1F Val: 0x0000001C
[inst #778] add x31,x10,x31
Register Write to Reg: 0x1F Val: 0x1001001C
[inst #779] sw x8,0(x31)
Memory Write to Addr: 0x1001001C Val: 0x00000008
[inst #780] addi x7,x7,4
Register Write to Reg: 0x07 Val: 0x7FFFFFD0
[inst #781] addi x29,x29,1
Register Write to Reg: 0x1D Val: 0x00000008
[inst #782] jal x0,-28
Register Write to Reg: 0x00 Val: 0x00400198
[inst #783] blt x12,x29,32
[inst #784] addi x2,x2,64
Register Write to Reg: 0x02 Val: 0x7FFFFFF0
[inst #785] jalr x0,x1,0
Register Write to Reg: 0x00 Val: 0x004001A0
[inst #786] lw x1,12(x2)
Register Write to Reg: 0x01 Val: 0x00400074
[inst #787] addi x2,x2,16
Register Write to Reg: 0x02 Val: 0x80000000
[inst #788] jalr x0,x1,0
Register Write to Reg: 0x00 Val: 0x004000D8
[inst #789] addi x0,x0,0
Register Write to Reg: 0x00 Val: 0x00000000
[inst #790] addi x0,x0,0
Register Write to Reg: 0x00 Val: 0x00000000
[inst #791] addi x0,x0,0
Register Write to Reg: 0x00 Val: 0x00000000
[inst #792] beq x0,x0,288
[inst #793] wfi 

Program terminated by dropping off the bottom.
