In clock cycle: 4
Register Write to Reg: 0x07 Val: 0x00000004
In clock cycle: 5
Register Write to Reg: 0x05 Val: 0x00000000
In clock cycle: 6
Register Write to Reg: 0x06 Val: 0x00000000
In clock cycle: 7
Register Write to Reg: 0x1C Val: 0x00000000
In clock cycle: 10
Register Write to Reg: 0x05 Val: 0x00000001
In clock cycle: 11
Register Write to Reg: 0x06 Val: 0x00000010
In clock cycle: 12
Register Write to Reg: 0x1C Val: 0x00000010
In clock cycle: 15
Register Write to Reg: 0x05 Val: 0x80000000
In clock cycle: 16
Register Write to Reg: 0x05 Val: 0x80000000
In clock cycle: 17
Register Write to Reg: 0x06 Val: 0x00000000
In clock cycle: 18
Register Write to Reg: 0x1C Val: 0x00000000
In clock cycle: 21
Register Write to Reg: 0x05 Val: 0xFFFFFFFF
In clock cycle: 22
Register Write to Reg: 0x06 Val: 0xFFFFFFF0
In clock cycle: 23
Register Write to Reg: 0x1C Val: 0xFFFFFFF0
In clock cycle: 26
Register Write to Reg: 0x1E Val: 0x00000001
Execution is stopping! Clock Cycle: 29
