QuestaSim-64 vcom 2025.1_2 Compiler 2025.04 Apr  7 2025
Start time: 23:24:19 on Dec 08,2025
vcom -2008 -work internal/ModelSimContainer/work proj/src/RISCV_types.vhd internal/testpy/tb.vhd proj/src/addsub.vhd proj/src/hazard_detection.vhd proj/src/mux32_1.vhd proj/src/barrelshifter.vhd proj/src/decoder5t32.vhd proj/src/RISCV_Processor.vhd proj/src/zero_extender.vhd proj/src/sign_extender.vhd proj/src/alu.vhd proj/src/IFID_reg.vhd proj/src/EXMEM_reg.vhd proj/src/IDEX_reg.vhd proj/src/regfile.vhd proj/src/adder_n.vhd proj/src/mux3t1_n.vhd proj/src/control.vhd proj/src/MEMWB_reg.vhd proj/src/dffg.vhd proj/src/reg_n.vhd proj/src/mux2t1_n.vhd proj/src/RISCV_types.vhd proj/src/fetch.vhd proj/src/mem.vhd proj/src/immgen.vhd proj/src/alu_control.vhd proj/src/forwarding_unit.vhd 
-- Loading package STANDARD
-- Loading package TEXTIO
-- Loading package std_logic_1164
-- Compiling package RISCV_types
-- Compiling package body RISCV_types
-- Loading package RISCV_types
-- Loading package std_logic_textio
-- Loading package ENV
-- Compiling entity tb
-- Compiling architecture mixed of tb
-- Loading package NUMERIC_STD
-- Compiling entity addsub
-- Compiling architecture rtl of addsub
-- Compiling entity hazard_detection
-- Compiling architecture behavioral of hazard_detection
-- Compiling entity mux32_1
-- Compiling architecture rtl of mux32_1
-- Compiling entity barrelshifter
-- Compiling architecture dataflow of barrelshifter
-- Compiling entity decoder5t32
-- Compiling architecture dataflow of decoder5t32
-- Loading package RISCV_types
-- Compiling entity RISCV_Processor
-- Compiling architecture structure of RISCV_Processor
** Error: proj/src/RISCV_Processor.vhd(967): near "variable": syntax error
** Error: proj/src/RISCV_Processor.vhd(968): (vcom-1136) Unknown identifier "v_Jump".
** Error: proj/src/RISCV_Processor.vhd(968): Target type (error) in variable assignment is different from expression type.
** Error: proj/src/RISCV_Processor.vhd(968): (vcom-1136) Unknown identifier "v_Jump".
** Error: proj/src/RISCV_Processor.vhd(970): (vcom-1136) Unknown identifier "v_Jump".
** Error: proj/src/RISCV_Processor.vhd(970): Target type (error) in variable assignment is different from expression type.
** Error: proj/src/RISCV_Processor.vhd(970): (vcom-1136) Unknown identifier "v_Jump".
** Error: proj/src/RISCV_Processor.vhd(973): (vcom-1136) Unknown identifier "v_Jump".
** Error: proj/src/RISCV_Processor.vhd(973): (vcom-1590) Bad expression in right operand of infix expression 'or'.
** Error: proj/src/RISCV_Processor.vhd(973): Type error resolving infix expression "or" as type std.STANDARD.BOOLEAN.
** Note: proj/src/RISCV_Processor.vhd(1017): VHDL Compiler exiting
End time: 23:24:19 on Dec 08,2025, Elapsed time: 0:00:00
Errors: 10, Warnings: 0
