In clock cycle: 4
Register Write to Reg: 0x02 Val: 0x10011000
In clock cycle: 7
Register Write to Reg: 0x02 Val: 0x00000000
In clock cycle: 8
Register Write to Reg: 0x08 Val: 0x00000000
In clock cycle: 12
Register Write to Reg: 0x01 Val: 0x00400020
In clock cycle: 13
Register Write to Reg: 0x01 Val: 0x00000020
In clock cycle: 19
Register Write to Reg: 0x02 Val: 0xFFFFFFD8
In clock cycle: 22
Memory Write to Addr: 0xFFFFFFFC Val: 0x00000020
In clock cycle: 23
Memory Write to Addr: 0xFFFFFFF8 Val: 0x00000000
In clock cycle: 27
Register Write to Reg: 0x08 Val: 0xFFFFFFD8
In clock cycle: 30
Memory Write to Addr: 0xFFFFFFF0 Val: 0x00000000
In clock cycle: 37
Register Write to Reg: 0x05 Val: 0x00000000
In clock cycle: 41
Register Write to Reg: 0x06 Val: 0x00000004
In clock cycle: 47
Register Write to Reg: 0x1D Val: 0x00000000
In clock cycle: 51
Register Write to Reg: 0x01 Val: 0x004000AC
In clock cycle: 52
Register Write to Reg: 0x01 Val: 0x00000040
In clock cycle: 58
Register Write to Reg: 0x1C Val: 0x00000000
Execution is stopping! Clock Cycle: 66
