In clock cycle: 4
Register Write to Reg: 0x02 Val: 0x10011000
In clock cycle: 5
Register Write to Reg: 0x02 Val: 0x10011000
In clock cycle: 6
Register Write to Reg: 0x08 Val: 0x00000000
In clock cycle: 7
Register Write to Reg: 0x01 Val: 0x0040000C
In clock cycle: 8
Register Write to Reg: 0x01 Val: 0x00400018
In clock cycle: 11
Register Write to Reg: 0x02 Val: 0x10010FD8
In clock cycle: 11
Memory Write to Addr: 0x10010FFC Val: 0x00400018
In clock cycle: 12
Memory Write to Addr: 0x10010FF8 Val: 0x00000000
In clock cycle: 14
Register Write to Reg: 0x08 Val: 0x10010FD8
In clock cycle: 14
Memory Write to Addr: 0x10010FF0 Val: 0x00000000
